../Drivers/CMSIS/Include/core_cm4.h:2064:26:ITM_SendChar	16	static,ignoring_inline_asm
../Core/Src/main.c:191:5:_write	32	static
../Core/Src/main.c:225:6:USBH_HID_EventCallback	32	static,ignoring_inline_asm
../Core/Src/main.c:286:5:main	40	static
../Core/Src/main.c:432:6:SystemClock_Config	88	static
../Core/Src/main.c:478:13:MX_SPI1_Init	8	static
../Core/Src/main.c:516:13:MX_TIM2_Init	32	static
../Core/Src/main.c:561:13:MX_TIM3_Init	48	static
../Core/Src/main.c:610:13:MX_USART2_UART_Init	8	static
../Core/Src/main.c:643:13:MX_GPIO_Init	48	static
../Core/Src/main.c:718:6:DrawMainPage	176	static
../Core/Src/main.c:802:6:DrawInfoPage	32	static
../Core/Src/main.c:848:6:DrawConfirmationPage	32	static
../Core/Src/main.c:877:6:DrawQueuePage	88	static
../Core/Src/main.c:930:6:DrawProgressPage	352	static
../Core/Src/main.c:1057:6:DrawCountdownTime	40	static
../Core/Src/main.c:1084:10:ConvertCharsToInt	24	static
../Core/Src/main.c:1096:6:DrawProtocolInfoPage	56	static
../Core/Src/main.c:1217:6:DrawStopPage	24	static
../Core/Src/main.c:1238:6:DrawPageFinish	24	static
../Core/Src/main.c:1252:9:handleTouch	32	static
../Core/Src/main.c:1490:6:erase_sector	16	static
../Core/Src/main.c:1504:6:write_to_flash	40	static
../Core/Src/main.c:1523:9:read_from_flash	24	static
../Core/Src/main.c:1555:9:storeProtocol	19240	static
../Core/Src/main.c:1616:9:get_num_protocols_in_sector	32	static
../Core/Src/main.c:1632:9:getFreeSector	24	static
../Core/Src/main.c:1655:6:transmitProtocol	56	static
../Core/Src/main.c:1678:6:queueProtocol	64	static
../Core/Src/main.c:1698:6:transmitQueuedProtocols	32	static
../Core/Src/main.c:1726:6:deleteProtocol	19320	static
../Core/Src/main.c:1816:6:SendStopMotorsMessage	8	static
../Core/Src/main.c:1823:6:write_number_to_flash	16	static
../Core/Src/main.c:1828:10:get_sector_address	16	static
../Core/Src/main.c:1863:10:sector_mapping	16	static
../Core/Src/main.c:1899:6:HAL_GPIO_EXTI_Callback	24	static
../Core/Src/main.c:1923:6:HAL_TIM_PeriodElapsedCallback	16	static
../Core/Src/main.c:1944:6:Error_Handler	4	static,ignoring_inline_asm
