Archive member included to satisfy reference by file (symbol)

C:/ST/STM32CubeIDE_1.17.0/STM32CubeIDE/plugins/com.st.stm32cube.ide.mcu.externaltools.gnu-tools-for-stm32.12.3.rel1.win32_1.1.0.202410251130/tools/bin/../lib/gcc/arm-none-eabi/12.3.1/../../../../arm-none-eabi/lib/thumb/v7e-m+fp/hard\libc_nano.a(libc_a-exit.o)
                              C:/ST/STM32CubeIDE_1.17.0/STM32CubeIDE/plugins/com.st.stm32cube.ide.mcu.externaltools.gnu-tools-for-stm32.12.3.rel1.win32_1.1.0.202410251130/tools/bin/../lib/gcc/arm-none-eabi/12.3.1/../../../../arm-none-eabi/lib/thumb/v7e-m+fp/hard/crt0.o (exit)
C:/ST/STM32CubeIDE_1.17.0/STM32CubeIDE/plugins/com.st.stm32cube.ide.mcu.externaltools.gnu-tools-for-stm32.12.3.rel1.win32_1.1.0.202410251130/tools/bin/../lib/gcc/arm-none-eabi/12.3.1/../../../../arm-none-eabi/lib/thumb/v7e-m+fp/hard\libc_nano.a(libc_a-malloc.o)
                              ./Middlewares/ST/STM32_USB_Host_Library/Class/HID/Src/usbh_hid.o (malloc)
C:/ST/STM32CubeIDE_1.17.0/STM32CubeIDE/plugins/com.st.stm32cube.ide.mcu.externaltools.gnu-tools-for-stm32.12.3.rel1.win32_1.1.0.202410251130/tools/bin/../lib/gcc/arm-none-eabi/12.3.1/../../../../arm-none-eabi/lib/thumb/v7e-m+fp/hard\libc_nano.a(libc_a-mallocr.o)
                              C:/ST/STM32CubeIDE_1.17.0/STM32CubeIDE/plugins/com.st.stm32cube.ide.mcu.externaltools.gnu-tools-for-stm32.12.3.rel1.win32_1.1.0.202410251130/tools/bin/../lib/gcc/arm-none-eabi/12.3.1/../../../../arm-none-eabi/lib/thumb/v7e-m+fp/hard\libc_nano.a(libc_a-malloc.o) (_malloc_r)
C:/ST/STM32CubeIDE_1.17.0/STM32CubeIDE/plugins/com.st.stm32cube.ide.mcu.externaltools.gnu-tools-for-stm32.12.3.rel1.win32_1.1.0.202410251130/tools/bin/../lib/gcc/arm-none-eabi/12.3.1/../../../../arm-none-eabi/lib/thumb/v7e-m+fp/hard\libc_nano.a(libc_a-mlock.o)
                              C:/ST/STM32CubeIDE_1.17.0/STM32CubeIDE/plugins/com.st.stm32cube.ide.mcu.externaltools.gnu-tools-for-stm32.12.3.rel1.win32_1.1.0.202410251130/tools/bin/../lib/gcc/arm-none-eabi/12.3.1/../../../../arm-none-eabi/lib/thumb/v7e-m+fp/hard\libc_nano.a(libc_a-mallocr.o) (__malloc_lock)
C:/ST/STM32CubeIDE_1.17.0/STM32CubeIDE/plugins/com.st.stm32cube.ide.mcu.externaltools.gnu-tools-for-stm32.12.3.rel1.win32_1.1.0.202410251130/tools/bin/../lib/gcc/arm-none-eabi/12.3.1/../../../../arm-none-eabi/lib/thumb/v7e-m+fp/hard\libc_nano.a(libc_a-findfp.o)
                              C:/ST/STM32CubeIDE_1.17.0/STM32CubeIDE/plugins/com.st.stm32cube.ide.mcu.externaltools.gnu-tools-for-stm32.12.3.rel1.win32_1.1.0.202410251130/tools/bin/../lib/gcc/arm-none-eabi/12.3.1/../../../../arm-none-eabi/lib/thumb/v7e-m+fp/hard\libc_nano.a(libc_a-exit.o) (__stdio_exit_handler)
C:/ST/STM32CubeIDE_1.17.0/STM32CubeIDE/plugins/com.st.stm32cube.ide.mcu.externaltools.gnu-tools-for-stm32.12.3.rel1.win32_1.1.0.202410251130/tools/bin/../lib/gcc/arm-none-eabi/12.3.1/../../../../arm-none-eabi/lib/thumb/v7e-m+fp/hard\libc_nano.a(libc_a-fwalk.o)
                              C:/ST/STM32CubeIDE_1.17.0/STM32CubeIDE/plugins/com.st.stm32cube.ide.mcu.externaltools.gnu-tools-for-stm32.12.3.rel1.win32_1.1.0.202410251130/tools/bin/../lib/gcc/arm-none-eabi/12.3.1/../../../../arm-none-eabi/lib/thumb/v7e-m+fp/hard\libc_nano.a(libc_a-findfp.o) (_fwalk_sglue)
C:/ST/STM32CubeIDE_1.17.0/STM32CubeIDE/plugins/com.st.stm32cube.ide.mcu.externaltools.gnu-tools-for-stm32.12.3.rel1.win32_1.1.0.202410251130/tools/bin/../lib/gcc/arm-none-eabi/12.3.1/../../../../arm-none-eabi/lib/thumb/v7e-m+fp/hard\libc_nano.a(libc_a-printf.o)
                              ./Core/Src/main.o (printf)
C:/ST/STM32CubeIDE_1.17.0/STM32CubeIDE/plugins/com.st.stm32cube.ide.mcu.externaltools.gnu-tools-for-stm32.12.3.rel1.win32_1.1.0.202410251130/tools/bin/../lib/gcc/arm-none-eabi/12.3.1/../../../../arm-none-eabi/lib/thumb/v7e-m+fp/hard\libc_nano.a(libc_a-putchar.o)
                              ./Middlewares/ST/STM32_USB_Host_Library/Class/HID/Src/usbh_hid.o (putchar)
C:/ST/STM32CubeIDE_1.17.0/STM32CubeIDE/plugins/com.st.stm32cube.ide.mcu.externaltools.gnu-tools-for-stm32.12.3.rel1.win32_1.1.0.202410251130/tools/bin/../lib/gcc/arm-none-eabi/12.3.1/../../../../arm-none-eabi/lib/thumb/v7e-m+fp/hard\libc_nano.a(libc_a-puts.o)
                              ./Core/Src/main.o (puts)
C:/ST/STM32CubeIDE_1.17.0/STM32CubeIDE/plugins/com.st.stm32cube.ide.mcu.externaltools.gnu-tools-for-stm32.12.3.rel1.win32_1.1.0.202410251130/tools/bin/../lib/gcc/arm-none-eabi/12.3.1/../../../../arm-none-eabi/lib/thumb/v7e-m+fp/hard\libc_nano.a(libc_a-sprintf.o)
                              ./Core/Src/main.o (sprintf)
C:/ST/STM32CubeIDE_1.17.0/STM32CubeIDE/plugins/com.st.stm32cube.ide.mcu.externaltools.gnu-tools-for-stm32.12.3.rel1.win32_1.1.0.202410251130/tools/bin/../lib/gcc/arm-none-eabi/12.3.1/../../../../arm-none-eabi/lib/thumb/v7e-m+fp/hard\libc_nano.a(libc_a-stdio.o)
[...]
Memory Configuration

Name             Origin             Length             Attributes
CCMRAM           0x10000000         0x00010000         xrw
RAM              0x20000000         0x00030000         xrw
FLASH            0x08000000         0x00200000         xr
*default*        0x00000000         0xffffffff

Linker script and memory map

LOAD C:/ST/STM32CubeIDE_1.17.0/STM32CubeIDE/plugins/com.st.stm32cube.ide.mcu.externaltools.gnu-tools-for-stm32.12.3.rel1.win32_1.1.0.202410251130/tools/bin/../lib/gcc/arm-none-eabi/12.3.1/thumb/v7e-m+fp/hard/crti.o
LOAD C:/ST/STM32CubeIDE_1.17.0/STM32CubeIDE/plugins/com.st.stm32cube.ide.mcu.externaltools.gnu-tools-for-stm32.12.3.rel1.win32_1.1.0.202410251130/tools/bin/../lib/gcc/arm-none-eabi/12.3.1/thumb/v7e-m+fp/hard/crtbegin.o
LOAD C:/ST/STM32CubeIDE_1.17.0/STM32CubeIDE/plugins/com.st.stm32cube.ide.mcu.externaltools.gnu-tools-for-stm32.12.3.rel1.win32_1.1.0.202410251130/tools/bin/../lib/gcc/arm-none-eabi/12.3.1/../../../../arm-none-eabi/lib/thumb/v7e-m+fp/hard/crt0.o
LOAD ./Core/Src/STLogo.o
LOAD ./Core/Src/XPT2046_touch.o
LOAD ./Core/Src/font12.o
LOAD ./Core/Src/font16.o
LOAD ./Core/Src/font20.o
LOAD ./Core/Src/font24.o
LOAD ./Core/Src/font8.o
LOAD ./Core/Src/ili9341.o
LOAD ./Core/Src/main.o
LOAD ./Core/Src/stm32f4xx_hal_msp.o
LOAD ./Core/Src/stm32f4xx_it.o
LOAD ./Core/Src/syscalls.o
LOAD ./Core/Src/sysmem.o
LOAD ./Core/Src/system_stm32f4xx.o
LOAD ./Core/Startup/startup_stm32f429vitx.o
LOAD ./Drivers/STM32F4xx_HAL_Driver/Src/stm32f4xx_hal.o
LOAD ./Drivers/STM32F4xx_HAL_Driver/Src/stm32f4xx_hal_cortex.o
LOAD ./Drivers/STM32F4xx_HAL_Driver/Src/stm32f4xx_hal_dma.o
LOAD ./Drivers/STM32F4xx_HAL_Driver/Src/stm32f4xx_hal_dma_ex.o
LOAD ./Drivers/STM32F4xx_HAL_Driver/Src/stm32f4xx_hal_exti.o
LOAD ./Drivers/STM32F4xx_HAL_Driver/Src/stm32f4xx_hal_flash.o
LOAD ./Drivers/STM32F4xx_HAL_Driver/Src/stm32f4xx_hal_flash_ex.o
LOAD ./Drivers/STM32F4xx_HAL_Driver/Src/stm32f4xx_hal_flash_ramfunc.o
LOAD ./Drivers/STM32F4xx_HAL_Driver/Src/stm32f4xx_hal_gpio.o
LOAD ./Drivers/STM32F4xx_HAL_Driver/Src/stm32f4xx_hal_hcd.o
LOAD ./Drivers/STM32F4xx_HAL_Driver/Src/stm32f4xx_hal_nand.o
LOAD ./Drivers/STM32F4xx_HAL_Driver/Src/stm32f4xx_hal_nor.o
LOAD ./Drivers/STM32F4xx_HAL_Driver/Src/stm32f4xx_hal_pccard.o
LOAD ./Drivers/STM32F4xx_HAL_Driver/Src/stm32f4xx_hal_pwr.o
LOAD ./Drivers/STM32F4xx_HAL_Driver/Src/stm32f4xx_hal_pwr_ex.o
LOAD ./Drivers/STM32F4xx_HAL_Driver/Src/stm32f4xx_hal_rcc.o
LOAD ./Drivers/STM32F4xx_HAL_Driver/Src/stm32f4xx_hal_rcc_ex.o
LOAD ./Drivers/STM32F4xx_HAL_Driver/Src/stm32f4xx_hal_sdram.o
LOAD ./Drivers/STM32F4xx_HAL_Driver/Src/stm32f4xx_hal_spi.o
LOAD ./Drivers/STM32F4xx_HAL_Driver/Src/stm32f4xx_hal_sram.o
LOAD ./Drivers/STM32F4xx_HAL_Driver/Src/stm32f4xx_hal_tim.o
LOAD ./Drivers/STM32F4xx_HAL_Driver/Src/stm32f4xx_hal_tim_ex.o
LOAD ./Drivers/STM32F4xx_HAL_Driver/Src/stm32f4xx_hal_uart.o
LOAD ./Drivers/STM32F4xx_HAL_Driver/Src/stm32f4xx_ll_fmc.o
LOAD ./Drivers/STM32F4xx_HAL_Driver/Src/stm32f4xx_ll_usb.o
LOAD ./Middlewares/ST/STM32_USB_Host_Library/Class/HID/Src/usbh_hid.o
LOAD ./Middlewares/ST/STM32_USB_Host_Library/Class/HID/Src/usbh_hid_keybd.o
LOAD ./Middlewares/ST/STM32_USB_Host_Library/Class/HID/Src/usbh_hid_mouse.o
LOAD ./Middlewares/ST/STM32_USB_Host_Library/Class/HID/Src/usbh_hid_parser.o
LOAD ./Middlewares/ST/STM32_USB_Host_Library/Core/Src/usbh_core.o
LOAD ./Middlewares/ST/STM32_USB_Host_Library/Core/Src/usbh_ctlreq.o
LOAD ./Middlewares/ST/STM32_USB_Host_Library/Core/Src/usbh_ioreq.o
LOAD ./Middlewares/ST/STM32_USB_Host_Library/Core/Src/usbh_pipes.o
LOAD ./USB_HOST/App/usb_host.o
LOAD ./USB_HOST/Target/usbh_conf.o
LOAD ./USB_HOST/Target/usbh_platform.o
START GROUP
LOAD C:/ST/STM32CubeIDE_1.17.0/STM32CubeIDE/plugins/com.st.stm32cube.ide.mcu.externaltools.gnu-tools-for-stm32.12.3.rel1.win32_1.1.0.202410251130/tools/bin/../lib/gcc/arm-none-eabi/12.3.1/../../../../arm-none-eabi/lib/thumb/v7e-m+fp/hard\libc_nano.a
LOAD C:/ST/STM32CubeIDE_1.17.0/STM32CubeIDE/plugins/com.st.stm32cube.ide.mcu.externaltools.gnu-tools-for-stm32.12.3.rel1.win32_1.1.0.202410251130/tools/bin/../lib/gcc/arm-none-eabi/12.3.1/../../../../arm-none-eabi/lib/thumb/v7e-m+fp/hard\libm.a
END GROUP
START GROUP
LOAD C:/ST/STM32CubeIDE_1.17.0/STM32CubeIDE/plugins/com.st.stm32cube.ide.mcu.externaltools.gnu-tools-for-stm32.12.3.rel1.win32_1.1.0.202410251130/tools/bin/../lib/gcc/arm-none-eabi/12.3.1/thumb/v7e-m+fp/hard\libgcc.a
LOAD C:/ST/STM32CubeIDE_1.17.0/STM32CubeIDE/plugins/com.st.stm32cube.ide.mcu.externaltools.gnu-tools-for-stm32.12.3.rel1.win32_1.1.0.202410251130/tools/bin/../lib/gcc/arm-none-eabi/12.3.1/../../../../arm-none-eabi/lib/thumb/v7e-m+fp/hard\libc_nano.a
END GROUP
START GROUP
LOAD C:/ST/STM32CubeIDE_1.17.0/STM32CubeIDE/plugins/com.st.stm32cube.ide.mcu.externaltools.gnu-tools-for-stm32.12.3.rel1.win32_1.1.0.202410251130/tools/bin/../lib/gcc/arm-none-eabi/12.3.1/thumb/v7e-m+fp/hard\libgcc.a
LOAD C:/ST/STM32CubeIDE_1.17.0/STM32CubeIDE/plugins/com.st.stm32cube.ide.mcu.externaltools.gnu-tools-for-stm32.12.3.rel1.win32_1.1.0.202410251130/tools/bin/../lib/gcc/arm-none-eabi/12.3.1/../../../../arm-none-eabi/lib/thumb/v7e-m+fp/hard\libc_nano.a
LOAD C:/ST/STM32CubeIDE_1.17.0/STM32CubeIDE/plugins/com.st.stm32cube.ide.mcu.externaltools.gnu-tools-for-stm32.12.3.rel1.win32_1.1.0.202410251130/tools/bin/../lib/gcc/arm-none-eabi/12.3.1/../../../../arm-none-eabi/lib/thumb/v7e-m+fp/hard\libnosys.a
END GROUP
START GROUP
LOAD C:/ST/STM32CubeIDE_1.17.0/STM32CubeIDE/plugins/com.st.stm32cube.ide.mcu.externaltools.gnu-tools-for-stm32.12.3.rel1.win32_1.1.0.202410251130/tools/bin/../lib/gcc/arm-none-eabi/12.3.1/thumb/v7e-m+fp/hard\libgcc.a
LOAD C:/ST/STM32CubeIDE_1.17.0/STM32CubeIDE/plugins/com.st.stm32cube.ide.mcu.externaltools.gnu-tools-for-stm32.12.3.rel1.win32_1.1.0.202410251130/tools/bin/../lib/gcc/arm-none-eabi/12.3.1/../../../../arm-none-eabi/lib/thumb/v7e-m+fp/hard\libc_nano.a
LOAD C:/ST/STM32CubeIDE_1.17.0/STM32CubeIDE/plugins/com.st.stm32cube.ide.mcu.externaltools.gnu-tools-for-stm32.12.3.rel1.win32_1.1.0.202410251130/tools/bin/../lib/gcc/arm-none-eabi/12.3.1/../../../../arm-none-eabi/lib/thumb/v7e-m+fp/hard\libnosys.a
END GROUP
LOAD C:/ST/STM32CubeIDE_1.17.0/STM32CubeIDE/plugins/com.st.stm32cube.ide.mcu.externaltools.gnu-tools-for-stm32.12.3.rel1.win32_1.1.0.202410251130/tools/bin/../lib/gcc/arm-none-eabi/12.3.1/thumb/v7e-m+fp/hard/crtend.o
LOAD C:/ST/STM32CubeIDE_1.17.0/STM32CubeIDE/plugins/com.st.stm32cube.ide.mcu.externaltools.gnu-tools-for-stm32.12.3.rel1.win32_1.1.0.202410251130/tools/bin/../lib/gcc/arm-none-eabi/12.3.1/thumb/v7e-m+fp/hard/crtn.o
                0x20030000                        _estack = (ORIGIN (RAM) + LENGTH (RAM))
                0x00000200                        _Min_Heap_Size = 0x200
                0x00000400                        _Min_Stack_Size = 0x400

.isr_vector     0x08000000      0x1ac
                0x08000000                        . = ALIGN (0x4)
 *(.isr_vector)
 .isr_vector    0x08000000      0x1ac ./Core/Startup/startup_stm32f429vitx.o
                0x08000000                g_pfnVectors
                0x080001ac                        . = ALIGN (0x4)

.text           0x080001b0     0xe518
                0x080001b0                        . = ALIGN (0x4)
 *(.text)
 .text          0x080001b0       0x40 C:/ST/STM32CubeIDE_1.17.0/STM32CubeIDE/plugins/com.st.stm32cube.ide.mcu.externaltools.gnu-tools-for-stm32.12.3.rel1.win32_1.1.0.202410251130/tools/bin/../lib/gcc/arm-none-eabi/12.3.1/thumb/v7e-m+fp/hard/crtbegin.o
 .text          0x080001f0       0x10 C:/ST/STM32CubeIDE_1.17.0/STM32CubeIDE/plugins/com.st.stm32cube.ide.mcu.externaltools.gnu-tools-for-stm32.12.3.rel1.win32_1.1.0.202410251130/tools/bin/../lib/gcc/arm-none-eabi/12.3.1/../../../../arm-none-eabi/lib/thumb/v7e-m+fp/hard\libc_nano.a(libc_a-strlen.o)
                0x080001f0                strlen
 .text          0x08000200       0xa0 C:/ST/STM32CubeIDE_1.17.0/STM32CubeIDE/plugins/com.st.stm32cube.ide.mcu.externaltools.gnu-tools-for-stm32.12.3.rel1.win32_1.1.0.202410251130/tools/bin/../lib/gcc/arm-none-eabi/12.3.1/../../../../arm-none-eabi/lib/thumb/v7e-m+fp/hard\libc_nano.a(libc_a-memchr.o)
                0x08000200                memchr
 .text          0x080002a0       0x30 C:/ST/STM32CubeIDE_1.17.0/STM32CubeIDE/plugins/com.st.stm32cube.ide.mcu.externaltools.gnu-tools-for-stm32.12.3.rel1.win32_1.1.0.202410251130/tools/bin/../lib/gcc/arm-none-eabi/12.3.1/thumb/v7e-m+fp/hard\libgcc.a(_aeabi_uldivmod.o)
                0x080002a0                __aeabi_uldivmod
 .text          0x080002d0      0x2bc C:/ST/STM32CubeIDE_1.17.0/STM32CubeIDE/plugins/com.st.stm32cube.ide.mcu.externaltools.gnu-tools-for-stm32.12.3.rel1.win32_1.1.0.202410251130/tools/bin/../lib/gcc/arm-none-eabi/12.3.1/thumb/v7e-m+fp/hard\libgcc.a(_udivmoddi4.o)
                0x080002d0                __udivmoddi4
 .text          0x0800058c        0x4 C:/ST/STM32CubeIDE_1.17.0/STM32CubeIDE/plugins/com.st.stm32cube.ide.mcu.externaltools.gnu-tools-for-stm32.12.3.rel1.win32_1.1.0.202410251130/tools/bin/../lib/gcc/arm-none-eabi/12.3.1/thumb/v7e-m+fp/hard\libgcc.a(_dvmd_tls.o)
                0x0800058c                __aeabi_idiv0
                0x0800058c                __aeabi_ldiv0
 *(.text*)
 .text.XPT2046_TouchSelect
                0x08000590       0x18 ./Core/Src/XPT2046_touch.o
 .text.XPT2046_TouchUnselect
                0x080005a8       0x18 ./Core/Src/XPT2046_touch.o
 .text.XPT2046_TouchPressed
                0x080005c0       0x20 ./Core/Src/XPT2046_touch.o
                0x080005c0                XPT2046_TouchPressed
 .text.XPT2046_TouchGetCoordinates
                0x080005e0      0x168 ./Core/Src/XPT2046_touch.o
                0x080005e0                XPT2046_TouchGetCoordinates
 .text.lcdInit  0x08000748      0x2e8 ./Core/Src/ili9341.o
                0x08000748                lcdInit
 .text.lcdFillRGB
                0x08000a30       0x54 ./Core/Src/ili9341.o
                0x08000a30                lcdFillRGB
 .text.lcdDrawPixel
                0x08000a84       0x48 ./Core/Src/ili9341.o
                0x08000a84                lcdDrawPixel
 .text.lcdDrawHLine
                0x08000acc       0x8c ./Core/Src/ili9341.o
                0x08000acc                lcdDrawHLine
 .text.lcdDrawVLine
                0x08000b58       0xa0 ./Core/Src/ili9341.o
                0x08000b58                lcdDrawVLine
 .text.lcdDrawRect
                0x08000bf8       0x92 ./Core/Src/ili9341.o
                0x08000bf8                lcdDrawRect
 *fill*         0x08000c8a        0x2 
 .text.lcdDrawChar
                0x08000c8c      0x154 ./Core/Src/ili9341.o
                0x08000c8c                lcdDrawChar
 .text.lcdPrintf
                0x08000de0      0x118 ./Core/Src/ili9341.o
                0x08000de0                lcdPrintf
 .text.lcdSetTextFont
                0x08000ef8       0x20 ./Core/Src/ili9341.o
                0x08000ef8                lcdSetTextFont
 .text.lcdSetTextColor
                0x08000f18       0x2c ./Core/Src/ili9341.o
                0x08000f18                lcdSetTextColor
 .text.lcdSetOrientation
                0x08000f44       0xd4 ./Core/Src/ili9341.o
                0x08000f44                lcdSetOrientation
 .text.lcdSetCursor
                0x08001018       0x34 ./Core/Src/ili9341.o
                0x08001018                lcdSetCursor
 .text.lcdSetWindow
                0x0800104c       0x98 ./Core/Src/ili9341.o
                0x0800104c                lcdSetWindow
 .text.lcdReset
                0x080010e4       0x14 ./Core/Src/ili9341.o
 .text.lcdWriteCommand
                0x080010f8       0x20 ./Core/Src/ili9341.o
 .text.lcdWriteData
                0x08001118       0x20 ./Core/Src/ili9341.o
 .text.lcdBuildMemoryAccessControlConfig
                0x08001138       0x82 ./Core/Src/ili9341.o
 .text.ITM_SendChar
                0x080011ba       0x4e ./Core/Src/main.o
 .text._write   0x08001208       0x38 ./Core/Src/main.o
                0x08001208                _write
 .text.USBH_HID_EventCallback
                0x08001240      0x154 ./Core/Src/main.o
                0x08001240                USBH_HID_EventCallback
 .text.main     0x08001394       0x90 ./Core/Src/main.o
                0x08001394                main
 .text.SystemClock_Config
                0x08001424       0xd4 ./Core/Src/main.o
                0x08001424                SystemClock_Config
 .text.MX_SPI4_Init
                0x080014f8       0x6c ./Core/Src/main.o
 .text.MX_TIM3_Init
                0x08001564       0xb0 ./Core/Src/main.o
 .text.MX_USART2_UART_Init
                0x08001614       0x54 ./Core/Src/main.o
 .text.MX_FMC_Init
                0x08001668       0xc4 ./Core/Src/main.o
 .text.MX_GPIO_Init
                0x0800172c      0x1a0 ./Core/Src/main.o
 .text.DrawMainPage
                0x080018cc      0x3bc ./Core/Src/main.o
                0x080018cc                DrawMainPage
 .text.DrawInfoPage
                0x08001c88      0x154 ./Core/Src/main.o
                0x08001c88                DrawInfoPage
 .text.DrawConfirmationPage
                0x08001ddc       0xf0 ./Core/Src/main.o
                0x08001ddc                DrawConfirmationPage
 .text.DrawQueuePage
                0x08001ecc      0x1cc ./Core/Src/main.o
                0x08001ecc                DrawQueuePage
 .text.DrawProgressPage
                0x08002098       0x70 ./Core/Src/main.o
                0x08002098                DrawProgressPage
 .text.DrawStopPage
                0x08002108       0xc8 ./Core/Src/main.o
                0x08002108                DrawStopPage
 .text.DrawPageFinish
                0x080021d0       0x84 ./Core/Src/main.o
                0x080021d0                DrawPageFinish
 .text.handleTouch
                0x08002254      0x718 ./Core/Src/main.o
                0x08002254                handleTouch
 .text.erase_sector
                0x0800296c       0x28 ./Core/Src/main.o
                0x0800296c                erase_sector
 .text.write_to_flash
                0x08002994       0x52 ./Core/Src/main.o
                0x08002994                write_to_flash
 .text.read_from_flash
                0x080029e6       0x6a ./Core/Src/main.o
                0x080029e6                read_from_flash
 .text.storeProtocol
                0x08002a50      0x33e ./Core/Src/main.o
                0x08002a50                storeProtocol
 .text.get_num_protocols_in_sector
                0x08002d8e       0x4e ./Core/Src/main.o
                0x08002d8e                get_num_protocols_in_sector
 .text.getFreeSector
                0x08002ddc       0x64 ./Core/Src/main.o
                0x08002ddc                getFreeSector
 .text.transmitProtocol
                0x08002e40       0xb8 ./Core/Src/main.o
                0x08002e40                transmitProtocol
 .text.queueProtocol
                0x08002ef8      0x100 ./Core/Src/main.o
                0x08002ef8                queueProtocol
 .text.transmitQueuedProtocols
                0x08002ff8       0xbc ./Core/Src/main.o
                0x08002ff8                transmitQueuedProtocols
 .text.deleteProtocol
                0x080030b4      0x2e6 ./Core/Src/main.o
                0x080030b4                deleteProtocol
 *fill*         0x0800339a        0x2 
 .text.SendStopMotorsMessage
                0x0800339c       0x24 ./Core/Src/main.o
                0x0800339c                SendStopMotorsMessage
 .text.get_sector_address
                0x080033c0       0xd0 ./Core/Src/main.o
                0x080033c0                get_sector_address
 .text.sector_mapping
                0x08003490       0x94 ./Core/Src/main.o
                0x08003490                sector_mapping
 .text.HAL_GPIO_EXTI_Callback
                0x08003524       0x60 ./Core/Src/main.o
                0x08003524                HAL_GPIO_EXTI_Callback
 .text.Error_Handler
                0x08003584        0xc ./Core/Src/main.o
                0x08003584                Error_Handler
 .text.HAL_MspInit
                0x08003590       0x50 ./Core/Src/stm32f4xx_hal_msp.o
                0x08003590                HAL_MspInit
 .text.HAL_SPI_MspInit
                0x080035e0       0x90 ./Core/Src/stm32f4xx_hal_msp.o
                0x080035e0                HAL_SPI_MspInit
 .text.HAL_TIM_PWM_MspInit
                0x08003670       0x44 ./Core/Src/stm32f4xx_hal_msp.o
                0x08003670                HAL_TIM_PWM_MspInit
 .text.HAL_TIM_MspPostInit
                0x080036b4       0x74 ./Core/Src/stm32f4xx_hal_msp.o
                0x080036b4                HAL_TIM_MspPostInit
 .text.HAL_UART_MspInit
                0x08003728       0x90 ./Core/Src/stm32f4xx_hal_msp.o
                0x08003728                HAL_UART_MspInit
 .text.HAL_FMC_MspInit
                0x080037b8       0x98 ./Core/Src/stm32f4xx_hal_msp.o
 .text.HAL_SRAM_MspInit
                0x08003850       0x14 ./Core/Src/stm32f4xx_hal_msp.o
                0x08003850                HAL_SRAM_MspInit
 .text.NMI_Handler
                0x08003864        0x8 ./Core/Src/stm32f4xx_it.o
                0x08003864                NMI_Handler
 .text.HardFault_Handler
                0x0800386c        0x8 ./Core/Src/stm32f4xx_it.o
                0x0800386c                HardFault_Handler
 .text.MemManage_Handler
                0x08003874        0x8 ./Core/Src/stm32f4xx_it.o
                0x08003874                MemManage_Handler
 .text.BusFault_Handler
                0x0800387c        0x8 ./Core/Src/stm32f4xx_it.o
                0x0800387c                BusFault_Handler
 .text.UsageFault_Handler
                0x08003884        0x8 ./Core/Src/stm32f4xx_it.o
                0x08003884                UsageFault_Handler
 .text.SVC_Handler
                0x0800388c        0xe ./Core/Src/stm32f4xx_it.o
                0x0800388c                SVC_Handler
 .text.DebugMon_Handler
                0x0800389a        0xe ./Core/Src/stm32f4xx_it.o
                0x0800389a                DebugMon_Handler
 .text.PendSV_Handler
                0x080038a8        0xe ./Core/Src/stm32f4xx_it.o
                0x080038a8                PendSV_Handler
 .text.SysTick_Handler
                0x080038b6        0xc ./Core/Src/stm32f4xx_it.o
                0x080038b6                SysTick_Handler
 .text.EXTI9_5_IRQHandler
                0x080038c2        0xe ./Core/Src/stm32f4xx_it.o
                0x080038c2                EXTI9_5_IRQHandler
 .text.OTG_FS_IRQHandler
                0x080038d0       0x14 ./Core/Src/stm32f4xx_it.o
                0x080038d0                OTG_FS_IRQHandler
 .text._read    0x080038e4       0x3a ./Core/Src/syscalls.o
                0x080038e4                _read
 .text._close   0x0800391e       0x18 ./Core/Src/syscalls.o
                0x0800391e                _close
 .text._fstat   0x08003936       0x20 ./Core/Src/syscalls.o
                0x08003936                _fstat
 .text._isatty  0x08003956       0x16 ./Core/Src/syscalls.o
                0x08003956                _isatty
 .text._lseek   0x0800396c       0x1a ./Core/Src/syscalls.o
                0x0800396c                _lseek
 *fill*         0x08003986        0x2 
 .text._sbrk    0x08003988       0x6c ./Core/Src/sysmem.o
                0x08003988                _sbrk
 .text.SystemInit
                0x080039f4       0x24 ./Core/Src/system_stm32f4xx.o
                0x080039f4                SystemInit
 .text.Reset_Handler
                0x08003a18       0x50 ./Core/Startup/startup_stm32f429vitx.o
                0x08003a18                Reset_Handler
 .text.Default_Handler
                0x08003a68        0x2 ./Core/Startup/startup_stm32f429vitx.o
                0x08003a68                RTC_Alarm_IRQHandler
                0x08003a68                HASH_RNG_IRQHandler
                0x08003a68                EXTI2_IRQHandler
                0x08003a68                TIM8_CC_IRQHandler
                0x08003a68                UART8_IRQHandler
                0x08003a68                SPI4_IRQHandler
                0x08003a68                TIM1_CC_IRQHandler
                0x08003a68                DMA2_Stream5_IRQHandler
                0x08003a68                DMA1_Stream5_IRQHandler
                0x08003a68                PVD_IRQHandler
                0x08003a68                SDIO_IRQHandler
                0x08003a68                TAMP_STAMP_IRQHandler
                0x08003a68                CAN2_RX1_IRQHandler
                0x08003a68                EXTI3_IRQHandler
                0x08003a68                TIM8_TRG_COM_TIM14_IRQHandler
                0x08003a68                TIM1_UP_TIM10_IRQHandler
                0x08003a68                TIM8_UP_TIM13_IRQHandler
                0x08003a68                I2C3_ER_IRQHandler
                0x08003a68                EXTI0_IRQHandler
                0x08003a68                I2C2_EV_IRQHandler
                0x08003a68                DMA1_Stream2_IRQHandler
                0x08003a68                CAN1_RX0_IRQHandler
                0x08003a68                FPU_IRQHandler
                0x08003a68                OTG_HS_WKUP_IRQHandler
                0x08003a68                LTDC_ER_IRQHandler
                0x08003a68                CAN2_SCE_IRQHandler
                0x08003a68                DMA2_Stream2_IRQHandler
                0x08003a68                SPI1_IRQHandler
                0x08003a68                TIM6_DAC_IRQHandler
                0x08003a68                TIM1_BRK_TIM9_IRQHandler
                0x08003a68                DCMI_IRQHandler
                0x08003a68                CAN2_RX0_IRQHandler
                0x08003a68                DMA2_Stream3_IRQHandler
                0x08003a68                USART6_IRQHandler
                0x08003a68                USART3_IRQHandler
                0x08003a68                CAN1_RX1_IRQHandler
                0x08003a68                UART5_IRQHandler
                0x08003a68                DMA2_Stream0_IRQHandler
                0x08003a68                TIM4_IRQHandler
                0x08003a68                I2C1_EV_IRQHandler
                0x08003a68                DMA1_Stream6_IRQHandler
                0x08003a68                DMA1_Stream1_IRQHandler
                0x08003a68                UART4_IRQHandler
                0x08003a68                TIM3_IRQHandler
                0x08003a68                RCC_IRQHandler
                0x08003a68                TIM8_BRK_TIM12_IRQHandler
                0x08003a68                Default_Handler
                0x08003a68                EXTI15_10_IRQHandler
                0x08003a68                ADC_IRQHandler
                0x08003a68                DMA1_Stream7_IRQHandler
                0x08003a68                SPI5_IRQHandler
                0x08003a68                TIM7_IRQHandler
                0x08003a68                CAN2_TX_IRQHandler
                0x08003a68                TIM5_IRQHandler
                0x08003a68                DMA2_Stream7_IRQHandler
                0x08003a68                I2C3_EV_IRQHandler
                0x08003a68                RTC_WKUP_IRQHandler
                0x08003a68                LTDC_IRQHandler
                0x08003a68                ETH_WKUP_IRQHandler
                0x08003a68                SPI2_IRQHandler
                0x08003a68                OTG_HS_EP1_IN_IRQHandler
                0x08003a68                DMA1_Stream0_IRQHandler
                0x08003a68                CAN1_TX_IRQHandler
                0x08003a68                EXTI4_IRQHandler
                0x08003a68                ETH_IRQHandler
                0x08003a68                OTG_HS_EP1_OUT_IRQHandler
                0x08003a68                WWDG_IRQHandler
                0x08003a68                SPI6_IRQHandler
                0x08003a68                TIM2_IRQHandler
                0x08003a68                OTG_FS_WKUP_IRQHandler
                0x08003a68                TIM1_TRG_COM_TIM11_IRQHandler
                0x08003a68                OTG_HS_IRQHandler
                0x08003a68                DMA2D_IRQHandler
                0x08003a68                EXTI1_IRQHandler
                0x08003a68                UART7_IRQHandler
                0x08003a68                USART2_IRQHandler
                0x08003a68                I2C2_ER_IRQHandler
                0x08003a68                DMA2_Stream1_IRQHandler
                0x08003a68                CAN1_SCE_IRQHandler
                0x08003a68                FLASH_IRQHandler
                0x08003a68                DMA2_Stream4_IRQHandler
                0x08003a68                USART1_IRQHandler
                0x08003a68                SPI3_IRQHandler
                0x08003a68                DMA1_Stream4_IRQHandler
                0x08003a68                I2C1_ER_IRQHandler
                0x08003a68                FMC_IRQHandler
                0x08003a68                DMA2_Stream6_IRQHandler
                0x08003a68                SAI1_IRQHandler
                0x08003a68                DMA1_Stream3_IRQHandler
 *fill*         0x08003a6a        0x2 
 .text.HAL_Init
                0x08003a6c       0x44 ./Drivers/STM32F4xx_HAL_Driver/Src/stm32f4xx_hal.o
                0x08003a6c                HAL_Init
 .text.HAL_InitTick
                0x08003ab0       0x60 ./Drivers/STM32F4xx_HAL_Driver/Src/stm32f4xx_hal.o
                0x08003ab0                HAL_InitTick
 .text.HAL_IncTick
                0x08003b10       0x28 ./Drivers/STM32F4xx_HAL_Driver/Src/stm32f4xx_hal.o
                0x08003b10                HAL_IncTick
 .text.HAL_GetTick
                0x08003b38       0x18 ./Drivers/STM32F4xx_HAL_Driver/Src/stm32f4xx_hal.o
                0x08003b38                HAL_GetTick
 .text.HAL_Delay
                0x08003b50       0x48 ./Drivers/STM32F4xx_HAL_Driver/Src/stm32f4xx_hal.o
                0x08003b50                HAL_Delay
 .text.__NVIC_SetPriorityGrouping
                0x08003b98       0x48 ./Drivers/STM32F4xx_HAL_Driver/Src/stm32f4xx_hal_cortex.o
 .text.__NVIC_GetPriorityGrouping
                0x08003be0       0x1c ./Drivers/STM32F4xx_HAL_Driver/Src/stm32f4xx_hal_cortex.o
 .text.__NVIC_EnableIRQ
                0x08003bfc       0x3c ./Drivers/STM32F4xx_HAL_Driver/Src/stm32f4xx_hal_cortex.o
 .text.__NVIC_SetPriority
                0x08003c38       0x54 ./Drivers/STM32F4xx_HAL_Driver/Src/stm32f4xx_hal_cortex.o
 .text.NVIC_EncodePriority
                0x08003c8c       0x66 ./Drivers/STM32F4xx_HAL_Driver/Src/stm32f4xx_hal_cortex.o
 *fill*         0x08003cf2        0x2 
 .text.SysTick_Config
                0x08003cf4       0x44 ./Drivers/STM32F4xx_HAL_Driver/Src/stm32f4xx_hal_cortex.o
 .text.HAL_NVIC_SetPriorityGrouping
                0x08003d38       0x16 ./Drivers/STM32F4xx_HAL_Driver/Src/stm32f4xx_hal_cortex.o
                0x08003d38                HAL_NVIC_SetPriorityGrouping
 .text.HAL_NVIC_SetPriority
                0x08003d4e       0x38 ./Drivers/STM32F4xx_HAL_Driver/Src/stm32f4xx_hal_cortex.o
                0x08003d4e                HAL_NVIC_SetPriority
 .text.HAL_NVIC_EnableIRQ
                0x08003d86       0x1c ./Drivers/STM32F4xx_HAL_Driver/Src/stm32f4xx_hal_cortex.o
                0x08003d86                HAL_NVIC_EnableIRQ
 .text.HAL_SYSTICK_Config
                0x08003da2       0x18 ./Drivers/STM32F4xx_HAL_Driver/Src/stm32f4xx_hal_cortex.o
                0x08003da2                HAL_SYSTICK_Config
 *fill*         0x08003dba        0x2 
 .text.HAL_FLASH_Program
                0x08003dbc       0xa8 ./Drivers/STM32F4xx_HAL_Driver/Src/stm32f4xx_hal_flash.o
                0x08003dbc                HAL_FLASH_Program
 .text.HAL_FLASH_Unlock
                0x08003e64       0x44 ./Drivers/STM32F4xx_HAL_Driver/Src/stm32f4xx_hal_flash.o
                0x08003e64                HAL_FLASH_Unlock
 .text.HAL_FLASH_Lock
                0x08003ea8       0x20 ./Drivers/STM32F4xx_HAL_Driver/Src/stm32f4xx_hal_flash.o
                0x08003ea8                HAL_FLASH_Lock
 .text.FLASH_WaitForLastOperation
                0x08003ec8       0x80 ./Drivers/STM32F4xx_HAL_Driver/Src/stm32f4xx_hal_flash.o
                0x08003ec8                FLASH_WaitForLastOperation
 .text.FLASH_Program_DoubleWord
                0x08003f48       0x64 ./Drivers/STM32F4xx_HAL_Driver/Src/stm32f4xx_hal_flash.o
 .text.FLASH_Program_Word
                0x08003fac       0x44 ./Drivers/STM32F4xx_HAL_Driver/Src/stm32f4xx_hal_flash.o
 .text.FLASH_Program_HalfWord
                0x08003ff0       0x48 ./Drivers/STM32F4xx_HAL_Driver/Src/stm32f4xx_hal_flash.o
 .text.FLASH_Program_Byte
                0x08004038       0x44 ./Drivers/STM32F4xx_HAL_Driver/Src/stm32f4xx_hal_flash.o
 .text.FLASH_SetErrorCode
                0x0800407c       0xcc ./Drivers/STM32F4xx_HAL_Driver/Src/stm32f4xx_hal_flash.o
 .text.FLASH_Erase_Sector
                0x08004148       0x9c ./Drivers/STM32F4xx_HAL_Driver/Src/stm32f4xx_hal_flash_ex.o
                0x08004148                FLASH_Erase_Sector
 .text.HAL_GPIO_Init
                0x080041e4      0x358 ./Drivers/STM32F4xx_HAL_Driver/Src/stm32f4xx_hal_gpio.o
                0x080041e4                HAL_GPIO_Init
 .text.HAL_GPIO_ReadPin
                0x0800453c       0x30 ./Drivers/STM32F4xx_HAL_Driver/Src/stm32f4xx_hal_gpio.o
                0x0800453c                HAL_GPIO_ReadPin
 .text.HAL_GPIO_WritePin
                0x0800456c       0x32 ./Drivers/STM32F4xx_HAL_Driver/Src/stm32f4xx_hal_gpio.o
                0x0800456c                HAL_GPIO_WritePin
 *fill*         0x0800459e        0x2 
 .text.HAL_GPIO_EXTI_IRQHandler
                0x080045a0       0x30 ./Drivers/STM32F4xx_HAL_Driver/Src/stm32f4xx_hal_gpio.o
                0x080045a0                HAL_GPIO_EXTI_IRQHandler
 .text.HAL_HCD_Init
                0x080045d0       0xce ./Drivers/STM32F4xx_HAL_Driver/Src/stm32f4xx_hal_hcd.o
                0x080045d0                HAL_HCD_Init
 .text.HAL_HCD_HC_Init
                0x0800469e      0x170 ./Drivers/STM32F4xx_HAL_Driver/Src/stm32f4xx_hal_hcd.o
                0x0800469e                HAL_HCD_HC_Init
 .text.HAL_HCD_HC_Halt
                0x0800480e       0x46 ./Drivers/STM32F4xx_HAL_Driver/Src/stm32f4xx_hal_hcd.o
                0x0800480e                HAL_HCD_HC_Halt
 .text.HAL_HCD_HC_SubmitRequest
                0x08004854      0x33c ./Drivers/STM32F4xx_HAL_Driver/Src/stm32f4xx_hal_hcd.o
                0x08004854                HAL_HCD_HC_SubmitRequest
 .text.HAL_HCD_IRQHandler
                0x08004b90      0x220 ./Drivers/STM32F4xx_HAL_Driver/Src/stm32f4xx_hal_hcd.o
                0x08004b90                HAL_HCD_IRQHandler
 .text.HAL_HCD_Start
                0x08004db0       0x46 ./Drivers/STM32F4xx_HAL_Driver/Src/stm32f4xx_hal_hcd.o
                0x08004db0                HAL_HCD_Start
 .text.HAL_HCD_Stop
                0x08004df6       0x3a ./Drivers/STM32F4xx_HAL_Driver/Src/stm32f4xx_hal_hcd.o
                0x08004df6                HAL_HCD_Stop
 .text.HAL_HCD_ResetPort
                0x08004e30       0x1c ./Drivers/STM32F4xx_HAL_Driver/Src/stm32f4xx_hal_hcd.o
                0x08004e30                HAL_HCD_ResetPort
 .text.HAL_HCD_HC_GetURBState
                0x08004e4c       0x2a ./Drivers/STM32F4xx_HAL_Driver/Src/stm32f4xx_hal_hcd.o
                0x08004e4c                HAL_HCD_HC_GetURBState
 .text.HAL_HCD_HC_GetXferCount
                0x08004e76       0x2a ./Drivers/STM32F4xx_HAL_Driver/Src/stm32f4xx_hal_hcd.o
                0x08004e76                HAL_HCD_HC_GetXferCount
 .text.HAL_HCD_GetCurrentFrame
                0x08004ea0       0x1c ./Drivers/STM32F4xx_HAL_Driver/Src/stm32f4xx_hal_hcd.o
                0x08004ea0                HAL_HCD_GetCurrentFrame
 .text.HAL_HCD_GetCurrentSpeed
                0x08004ebc       0x1c ./Drivers/STM32F4xx_HAL_Driver/Src/stm32f4xx_hal_hcd.o
                0x08004ebc                HAL_HCD_GetCurrentSpeed
 .text.HAL_HCD_HC_ClearHubInfo
                0x08004ed8       0x6a ./Drivers/STM32F4xx_HAL_Driver/Src/stm32f4xx_hal_hcd.o
                0x08004ed8                HAL_HCD_HC_ClearHubInfo
 .text.HCD_HC_IN_IRQHandler
                0x08004f42      0xcd2 ./Drivers/STM32F4xx_HAL_Driver/Src/stm32f4xx_hal_hcd.o
 .text.HCD_HC_OUT_IRQHandler
                0x08005c14      0x97e ./Drivers/STM32F4xx_HAL_Driver/Src/stm32f4xx_hal_hcd.o
 .text.HCD_RXQLVL_IRQHandler
                0x08006592      0x1be ./Drivers/STM32F4xx_HAL_Driver/Src/stm32f4xx_hal_hcd.o
 .text.HCD_Port_IRQHandler
                0x08006750       0xe6 ./Drivers/STM32F4xx_HAL_Driver/Src/stm32f4xx_hal_hcd.o
 *fill*         0x08006836        0x2 
 .text.HAL_RCC_OscConfig
                0x08006838      0x4f0 ./Drivers/STM32F4xx_HAL_Driver/Src/stm32f4xx_hal_rcc.o
                0x08006838                HAL_RCC_OscConfig
 .text.HAL_RCC_ClockConfig
                0x08006d28      0x1cc ./Drivers/STM32F4xx_HAL_Driver/Src/stm32f4xx_hal_rcc.o
                0x08006d28                HAL_RCC_ClockConfig
 .text.HAL_RCC_GetSysClockFreq
                0x08006ef4      0x208 ./Drivers/STM32F4xx_HAL_Driver/Src/stm32f4xx_hal_rcc.o
                0x08006ef4                HAL_RCC_GetSysClockFreq
 .text.HAL_RCC_GetHCLKFreq
                0x080070fc       0x18 ./Drivers/STM32F4xx_HAL_Driver/Src/stm32f4xx_hal_rcc.o
                0x080070fc                HAL_RCC_GetHCLKFreq
 .text.HAL_RCC_GetPCLK1Freq
                0x08007114       0x28 ./Drivers/STM32F4xx_HAL_Driver/Src/stm32f4xx_hal_rcc.o
                0x08007114                HAL_RCC_GetPCLK1Freq
 .text.HAL_RCC_GetPCLK2Freq
                0x0800713c       0x28 ./Drivers/STM32F4xx_HAL_Driver/Src/stm32f4xx_hal_rcc.o
                0x0800713c                HAL_RCC_GetPCLK2Freq
 .text.HAL_SPI_Init
                0x08007164      0x112 ./Drivers/STM32F4xx_HAL_Driver/Src/stm32f4xx_hal_spi.o
                0x08007164                HAL_SPI_Init
 .text.HAL_SPI_Transmit
                0x08007276      0x288 ./Drivers/STM32F4xx_HAL_Driver/Src/stm32f4xx_hal_spi.o
                0x08007276                HAL_SPI_Transmit
 .text.HAL_SPI_TransmitReceive
                0x080074fe      0x352 ./Drivers/STM32F4xx_HAL_Driver/Src/stm32f4xx_hal_spi.o
                0x080074fe                HAL_SPI_TransmitReceive
 .text.SPI_WaitFlagStateUntilTimeout
                0x08007850      0x110 ./Drivers/STM32F4xx_HAL_Driver/Src/stm32f4xx_hal_spi.o
 .text.SPI_EndRxTxTransaction
                0x08007960       0xa8 ./Drivers/STM32F4xx_HAL_Driver/Src/stm32f4xx_hal_spi.o
 .text.HAL_SRAM_Init
                0x08007a08       0x90 ./Drivers/STM32F4xx_HAL_Driver/Src/stm32f4xx_hal_sram.o
                0x08007a08                HAL_SRAM_Init
 .text.HAL_TIM_PWM_Init
                0x08007a98       0x9e ./Drivers/STM32F4xx_HAL_Driver/Src/stm32f4xx_hal_tim.o
                0x08007a98                HAL_TIM_PWM_Init
 *fill*         0x08007b36        0x2 
 .text.HAL_TIM_PWM_Start
                0x08007b38      0x190 ./Drivers/STM32F4xx_HAL_Driver/Src/stm32f4xx_hal_tim.o
                0x08007b38                HAL_TIM_PWM_Start
 .text.HAL_TIM_PWM_ConfigChannel
                0x08007cc8      0x184 ./Drivers/STM32F4xx_HAL_Driver/Src/stm32f4xx_hal_tim.o
                0x08007cc8                HAL_TIM_PWM_ConfigChannel
 .text.TIM_Base_SetConfig
                0x08007e4c      0x158 ./Drivers/STM32F4xx_HAL_Driver/Src/stm32f4xx_hal_tim.o
                0x08007e4c                TIM_Base_SetConfig
 .text.TIM_OC1_SetConfig
                0x08007fa4       0xe0 ./Drivers/STM32F4xx_HAL_Driver/Src/stm32f4xx_hal_tim.o
 .text.TIM_OC2_SetConfig
                0x08008084       0xec ./Drivers/STM32F4xx_HAL_Driver/Src/stm32f4xx_hal_tim.o
                0x08008084                TIM_OC2_SetConfig
 .text.TIM_OC3_SetConfig
                0x08008170       0xe8 ./Drivers/STM32F4xx_HAL_Driver/Src/stm32f4xx_hal_tim.o
 .text.TIM_OC4_SetConfig
                0x08008258       0xac ./Drivers/STM32F4xx_HAL_Driver/Src/stm32f4xx_hal_tim.o
 .text.TIM_CCxChannelCmd
                0x08008304       0x4a ./Drivers/STM32F4xx_HAL_Driver/Src/stm32f4xx_hal_tim.o
                0x08008304                TIM_CCxChannelCmd
 *fill*         0x0800834e        0x2 
 .text.HAL_TIMEx_MasterConfigSynchronization
                0x08008350       0xf8 ./Drivers/STM32F4xx_HAL_Driver/Src/stm32f4xx_hal_tim_ex.o
                0x08008350                HAL_TIMEx_MasterConfigSynchronization
 .text.HAL_UART_Init
                0x08008448       0xa0 ./Drivers/STM32F4xx_HAL_Driver/Src/stm32f4xx_hal_uart.o
                0x08008448                HAL_UART_Init
 .text.HAL_UART_Transmit
                0x080084e8      0x116 ./Drivers/STM32F4xx_HAL_Driver/Src/stm32f4xx_hal_uart.o
                0x080084e8                HAL_UART_Transmit
 .text.UART_WaitOnFlagUntilTimeout
                0x080085fe       0xb2 ./Drivers/STM32F4xx_HAL_Driver/Src/stm32f4xx_hal_uart.o
 .text.UART_EndRxTransfer
                0x080086b0       0xc6 ./Drivers/STM32F4xx_HAL_Driver/Src/stm32f4xx_hal_uart.o
 *fill*         0x08008776        0x2 
 .text.UART_SetConfig
                0x08008778      0x4e8 ./Drivers/STM32F4xx_HAL_Driver/Src/stm32f4xx_hal_uart.o
 .text.FMC_NORSRAM_Init
                0x08008c60      0x10c ./Drivers/STM32F4xx_HAL_Driver/Src/stm32f4xx_ll_fmc.o
                0x08008c60                FMC_NORSRAM_Init
 .text.FMC_NORSRAM_Timing_Init
                0x08008d6c       0xa0 ./Drivers/STM32F4xx_HAL_Driver/Src/stm32f4xx_ll_fmc.o
                0x08008d6c                FMC_NORSRAM_Timing_Init
 .text.FMC_NORSRAM_Extended_Timing_Init
                0x08008e0c       0x70 ./Drivers/STM32F4xx_HAL_Driver/Src/stm32f4xx_ll_fmc.o
                0x08008e0c                FMC_NORSRAM_Extended_Timing_Init
 .text.USB_CoreInit
                0x08008e7c       0xc8 ./Drivers/STM32F4xx_HAL_Driver/Src/stm32f4xx_ll_usb.o
                0x08008e7c                USB_CoreInit
 .text.USB_EnableGlobalInt
                0x08008f44       0x22 ./Drivers/STM32F4xx_HAL_Driver/Src/stm32f4xx_ll_usb.o
                0x08008f44                USB_EnableGlobalInt
 .text.USB_DisableGlobalInt
                0x08008f66       0x22 ./Drivers/STM32F4xx_HAL_Driver/Src/stm32f4xx_ll_usb.o
                0x08008f66                USB_DisableGlobalInt
 .text.USB_SetCurrentMode
                0x08008f88       0x98 ./Drivers/STM32F4xx_HAL_Driver/Src/stm32f4xx_ll_usb.o
                0x08008f88                USB_SetCurrentMode
 .text.USB_FlushTxFifo
                0x08009020       0x64 ./Drivers/STM32F4xx_HAL_Driver/Src/stm32f4xx_ll_usb.o
                0x08009020                USB_FlushTxFifo
 .text.USB_FlushRxFifo
                0x08009084       0x5c ./Drivers/STM32F4xx_HAL_Driver/Src/stm32f4xx_ll_usb.o
                0x08009084                USB_FlushRxFifo
 .text.USB_WritePacket
                0x080090e0       0x7c ./Drivers/STM32F4xx_HAL_Driver/Src/stm32f4xx_ll_usb.o
                0x080090e0                USB_WritePacket
 .text.USB_ReadPacket
                0x0800915c       0xb0 ./Drivers/STM32F4xx_HAL_Driver/Src/stm32f4xx_ll_usb.o
                0x0800915c                USB_ReadPacket
 .text.USB_ReadInterrupts
                0x0800920c       0x26 ./Drivers/STM32F4xx_HAL_Driver/Src/stm32f4xx_ll_usb.o
                0x0800920c                USB_ReadInterrupts
 .text.USB_ReadChInterrupts
                0x08009232       0x42 ./Drivers/STM32F4xx_HAL_Driver/Src/stm32f4xx_ll_usb.o
                0x08009232                USB_ReadChInterrupts
 .text.USB_GetMode
                0x08009274       0x1c ./Drivers/STM32F4xx_HAL_Driver/Src/stm32f4xx_ll_usb.o
                0x08009274                USB_GetMode
 .text.USB_CoreReset
                0x08009290       0x62 ./Drivers/STM32F4xx_HAL_Driver/Src/stm32f4xx_ll_usb.o
 *fill*         0x080092f2        0x2 
 .text.USB_HostInit
                0x080092f4      0x188 ./Drivers/STM32F4xx_HAL_Driver/Src/stm32f4xx_ll_usb.o
                0x080092f4                USB_HostInit
 .text.USB_InitFSLSPClkSel
                0x0800947c       0x7a ./Drivers/STM32F4xx_HAL_Driver/Src/stm32f4xx_ll_usb.o
                0x0800947c                USB_InitFSLSPClkSel
 .text.USB_ResetPort
                0x080094f6       0x54 ./Drivers/STM32F4xx_HAL_Driver/Src/stm32f4xx_ll_usb.o
                0x080094f6                USB_ResetPort
 .text.USB_DriveVbus
                0x0800954a       0x72 ./Drivers/STM32F4xx_HAL_Driver/Src/stm32f4xx_ll_usb.o
                0x0800954a                USB_DriveVbus
 .text.USB_GetHostSpeed
                0x080095bc       0x2e ./Drivers/STM32F4xx_HAL_Driver/Src/stm32f4xx_ll_usb.o
                0x080095bc                USB_GetHostSpeed
 .text.USB_GetCurrentFrame
                0x080095ea       0x22 ./Drivers/STM32F4xx_HAL_Driver/Src/stm32f4xx_ll_usb.o
                0x080095ea                USB_GetCurrentFrame
 .text.USB_HC_Init
                0x0800960c      0x258 ./Drivers/STM32F4xx_HAL_Driver/Src/stm32f4xx_ll_usb.o
                0x0800960c                USB_HC_Init
 .text.USB_HC_StartXfer
                0x08009864      0x4f4 ./Drivers/STM32F4xx_HAL_Driver/Src/stm32f4xx_ll_usb.o
                0x08009864                USB_HC_StartXfer
 .text.USB_HC_ReadInterrupt
                0x08009d58       0x22 ./Drivers/STM32F4xx_HAL_Driver/Src/stm32f4xx_ll_usb.o
                0x08009d58                USB_HC_ReadInterrupt
 .text.USB_HC_Halt
                0x08009d7a      0x240 ./Drivers/STM32F4xx_HAL_Driver/Src/stm32f4xx_ll_usb.o
                0x08009d7a                USB_HC_Halt
 *fill*         0x08009fba        0x2 
 .text.USB_DoPing
                0x08009fbc       0x78 ./Drivers/STM32F4xx_HAL_Driver/Src/stm32f4xx_ll_usb.o
                0x08009fbc                USB_DoPing
 .text.USB_StopHost
                0x0800a034      0x124 ./Drivers/STM32F4xx_HAL_Driver/Src/stm32f4xx_ll_usb.o
                0x0800a034                USB_StopHost
 .text.USBH_HID_InterfaceInit
                0x0800a158      0x2f4 ./Middlewares/ST/STM32_USB_Host_Library/Class/HID/Src/usbh_hid.o
 .text.USBH_HID_InterfaceDeInit
                0x0800a44c       0x8c ./Middlewares/ST/STM32_USB_Host_Library/Class/HID/Src/usbh_hid.o
 .text.USBH_HID_ClassRequest
                0x0800a4d8      0x12c ./Middlewares/ST/STM32_USB_Host_Library/Class/HID/Src/usbh_hid.o
 .text.USBH_HID_Process
                0x0800a604      0x1c0 ./Middlewares/ST/STM32_USB_Host_Library/Class/HID/Src/usbh_hid.o
 .text.USBH_HID_SOFProcess
                0x0800a7c4       0x42 ./Middlewares/ST/STM32_USB_Host_Library/Class/HID/Src/usbh_hid.o
 *fill*         0x0800a806        0x2 
 .text.USBH_HID_GetHIDReportDescriptor
                0x0800a808       0x58 ./Middlewares/ST/STM32_USB_Host_Library/Class/HID/Src/usbh_hid.o
                0x0800a808                USBH_HID_GetHIDReportDescriptor
 .text.USBH_HID_SetIdle
                0x0800a860       0x50 ./Middlewares/ST/STM32_USB_Host_Library/Class/HID/Src/usbh_hid.o
                0x0800a860                USBH_HID_SetIdle
 .text.USBH_HID_GetReport
                0x0800a8b0       0x58 ./Middlewares/ST/STM32_USB_Host_Library/Class/HID/Src/usbh_hid.o
                0x0800a8b0                USBH_HID_GetReport
 .text.USBH_HID_SetProtocol
                0x0800a908       0x4c ./Middlewares/ST/STM32_USB_Host_Library/Class/HID/Src/usbh_hid.o
                0x0800a908                USBH_HID_SetProtocol
 .text.USBH_HID_ParseHIDDesc
                0x0800a954       0xb6 ./Middlewares/ST/STM32_USB_Host_Library/Class/HID/Src/usbh_hid.o
 .text.USBH_HID_FifoInit
                0x0800aa0a       0x38 ./Middlewares/ST/STM32_USB_Host_Library/Class/HID/Src/usbh_hid.o
                0x0800aa0a                USBH_HID_FifoInit
 .text.USBH_HID_FifoRead
                0x0800aa42       0x92 ./Middlewares/ST/STM32_USB_Host_Library/Class/HID/Src/usbh_hid.o
                0x0800aa42                USBH_HID_FifoRead
 .text.USBH_HID_FifoWrite
                0x0800aad4       0xa8 ./Middlewares/ST/STM32_USB_Host_Library/Class/HID/Src/usbh_hid.o
                0x0800aad4                USBH_HID_FifoWrite
 .text.USBH_HID_KeybdInit
                0x0800ab7c       0xa8 ./Middlewares/ST/STM32_USB_Host_Library/Class/HID/Src/usbh_hid_keybd.o
                0x0800ab7c                USBH_HID_KeybdInit
 .text.USBH_HID_GetKeybdInfo
                0x0800ac24       0x28 ./Middlewares/ST/STM32_USB_Host_Library/Class/HID/Src/usbh_hid_keybd.o
                0x0800ac24                USBH_HID_GetKeybdInfo
 .text.USBH_HID_KeybdDecode
                0x0800ac4c      0x128 ./Middlewares/ST/STM32_USB_Host_Library/Class/HID/Src/usbh_hid_keybd.o
 .text.USBH_HID_GetASCIICode
                0x0800ad74       0x58 ./Middlewares/ST/STM32_USB_Host_Library/Class/HID/Src/usbh_hid_keybd.o
                0x0800ad74                USBH_HID_GetASCIICode
 .text.USBH_HID_MouseInit
                0x0800adcc       0x94 ./Middlewares/ST/STM32_USB_Host_Library/Class/HID/Src/usbh_hid_mouse.o
                0x0800adcc                USBH_HID_MouseInit
 .text.HID_ReadItem
                0x0800ae60      0x134 ./Middlewares/ST/STM32_USB_Host_Library/Class/HID/Src/usbh_hid_parser.o
                0x0800ae60                HID_ReadItem
 .text.USBH_Init
                0x0800af94       0x90 ./Middlewares/ST/STM32_USB_Host_Library/Core/Src/usbh_core.o
                0x0800af94                USBH_Init
 .text.DeInitStateMachine
                0x0800b024       0xe6 ./Middlewares/ST/STM32_USB_Host_Library/Core/Src/usbh_core.o
 *fill*         0x0800b10a        0x2 
 .text.USBH_RegisterClass
                0x0800b10c       0x80 ./Middlewares/ST/STM32_USB_Host_Library/Core/Src/usbh_core.o
                0x0800b10c                USBH_RegisterClass
 .text.USBH_SelectInterface
                0x0800b18c       0xd0 ./Middlewares/ST/STM32_USB_Host_Library/Core/Src/usbh_core.o
                0x0800b18c                USBH_SelectInterface
 .text.USBH_FindInterface
                0x0800b25c       0x8c ./Middlewares/ST/STM32_USB_Host_Library/Core/Src/usbh_core.o
                0x0800b25c                USBH_FindInterface
 .text.USBH_Start
                0x0800b2e8       0x20 ./Middlewares/ST/STM32_USB_Host_Library/Core/Src/usbh_core.o
                0x0800b2e8                USBH_Start
 .text.USBH_Process
                0x0800b308      0x4e0 ./Middlewares/ST/STM32_USB_Host_Library/Core/Src/usbh_core.o
                0x0800b308                USBH_Process
 .text.USBH_HandleEnum
                0x0800b7e8      0x554 ./Middlewares/ST/STM32_USB_Host_Library/Core/Src/usbh_core.o
 .text.USBH_LL_SetTimer
                0x0800bd3c       0x1e ./Middlewares/ST/STM32_USB_Host_Library/Core/Src/usbh_core.o
                0x0800bd3c                USBH_LL_SetTimer
 .text.USBH_LL_IncTimer
                0x0800bd5a       0x24 ./Middlewares/ST/STM32_USB_Host_Library/Core/Src/usbh_core.o
                0x0800bd5a                USBH_LL_IncTimer
 .text.USBH_HandleSof
                0x0800bd7e       0x30 ./Middlewares/ST/STM32_USB_Host_Library/Core/Src/usbh_core.o
 .text.USBH_LL_PortEnabled
                0x0800bdae       0x1c ./Middlewares/ST/STM32_USB_Host_Library/Core/Src/usbh_core.o
                0x0800bdae                USBH_LL_PortEnabled
 .text.USBH_LL_PortDisabled
                0x0800bdca       0x1c ./Middlewares/ST/STM32_USB_Host_Library/Core/Src/usbh_core.o
                0x0800bdca                USBH_LL_PortDisabled
 .text.USBH_LL_Connect
                0x0800bde6       0x2e ./Middlewares/ST/STM32_USB_Host_Library/Core/Src/usbh_core.o
                0x0800bde6                USBH_LL_Connect
 .text.USBH_LL_Disconnect
                0x0800be14       0x48 ./Middlewares/ST/STM32_USB_Host_Library/Core/Src/usbh_core.o
                0x0800be14                USBH_LL_Disconnect
 .text.USBH_Get_DevDesc
                0x0800be5c       0x74 ./Middlewares/ST/STM32_USB_Host_Library/Core/Src/usbh_ctlreq.o
                0x0800be5c                USBH_Get_DevDesc
 .text.USBH_Get_CfgDesc
                0x0800bed0       0x70 ./Middlewares/ST/STM32_USB_Host_Library/Core/Src/usbh_ctlreq.o
                0x0800bed0                USBH_Get_CfgDesc
 .text.USBH_Get_StringDesc
                0x0800bf40       0x84 ./Middlewares/ST/STM32_USB_Host_Library/Core/Src/usbh_ctlreq.o
                0x0800bf40                USBH_Get_StringDesc
 .text.USBH_GetDescriptor
                0x0800bfc4       0x6a ./Middlewares/ST/STM32_USB_Host_Library/Core/Src/usbh_ctlreq.o
                0x0800bfc4                USBH_GetDescriptor
 .text.USBH_SetAddress
                0x0800c02e       0x48 ./Middlewares/ST/STM32_USB_Host_Library/Core/Src/usbh_ctlreq.o
                0x0800c02e                USBH_SetAddress
 .text.USBH_SetCfg
                0x0800c076       0x46 ./Middlewares/ST/STM32_USB_Host_Library/Core/Src/usbh_ctlreq.o
                0x0800c076                USBH_SetCfg
 .text.USBH_SetFeature
                0x0800c0bc       0x48 ./Middlewares/ST/STM32_USB_Host_Library/Core/Src/usbh_ctlreq.o
                0x0800c0bc                USBH_SetFeature
 .text.USBH_ClrFeature
                0x0800c104       0x48 ./Middlewares/ST/STM32_USB_Host_Library/Core/Src/usbh_ctlreq.o
                0x0800c104                USBH_ClrFeature
 .text.USBH_ParseDevDesc
                0x0800c14c      0x160 ./Middlewares/ST/STM32_USB_Host_Library/Core/Src/usbh_ctlreq.o
 .text.USBH_ParseCfgDesc
                0x0800c2ac      0x1f0 ./Middlewares/ST/STM32_USB_Host_Library/Core/Src/usbh_ctlreq.o
 .text.USBH_ParseInterfaceDesc
                0x0800c49c       0x68 ./Middlewares/ST/STM32_USB_Host_Library/Core/Src/usbh_ctlreq.o
 .text.USBH_ParseEPDesc
                0x0800c504      0x1d0 ./Middlewares/ST/STM32_USB_Host_Library/Core/Src/usbh_ctlreq.o
 .text.USBH_ParseStringDesc
                0x0800c6d4       0x66 ./Middlewares/ST/STM32_USB_Host_Library/Core/Src/usbh_ctlreq.o
 .text.USBH_GetNextDesc
                0x0800c73a       0x34 ./Middlewares/ST/STM32_USB_Host_Library/Core/Src/usbh_ctlreq.o
                0x0800c73a                USBH_GetNextDesc
 .text.USBH_CtlReq
                0x0800c76e       0x7a ./Middlewares/ST/STM32_USB_Host_Library/Core/Src/usbh_ctlreq.o
                0x0800c76e                USBH_CtlReq
 .text.USBH_HandleControl
                0x0800c7e8      0x304 ./Middlewares/ST/STM32_USB_Host_Library/Core/Src/usbh_ctlreq.o
 .text.USBH_CtlSendSetup
                0x0800caec       0x34 ./Middlewares/ST/STM32_USB_Host_Library/Core/Src/usbh_ioreq.o
                0x0800caec                USBH_CtlSendSetup
 .text.USBH_CtlSendData
                0x0800cb20       0x4a ./Middlewares/ST/STM32_USB_Host_Library/Core/Src/usbh_ioreq.o
                0x0800cb20                USBH_CtlSendData
 .text.USBH_CtlReceiveData
                0x0800cb6a       0x3c ./Middlewares/ST/STM32_USB_Host_Library/Core/Src/usbh_ioreq.o
                0x0800cb6a                USBH_CtlReceiveData
 .text.USBH_InterruptReceiveData
                0x0800cba6       0x3e ./Middlewares/ST/STM32_USB_Host_Library/Core/Src/usbh_ioreq.o
                0x0800cba6                USBH_InterruptReceiveData
 .text.USBH_OpenPipe
                0x0800cbe4       0x3e ./Middlewares/ST/STM32_USB_Host_Library/Core/Src/usbh_pipes.o
                0x0800cbe4                USBH_OpenPipe
 .text.USBH_ClosePipe
                0x0800cc22       0x20 ./Middlewares/ST/STM32_USB_Host_Library/Core/Src/usbh_pipes.o
                0x0800cc22                USBH_ClosePipe
 .text.USBH_AllocPipe
                0x0800cc42       0x42 ./Middlewares/ST/STM32_USB_Host_Library/Core/Src/usbh_pipes.o
                0x0800cc42                USBH_AllocPipe
 .text.USBH_FreePipe
                0x0800cc84       0x3c ./Middlewares/ST/STM32_USB_Host_Library/Core/Src/usbh_pipes.o
                0x0800cc84                USBH_FreePipe
 .text.USBH_GetFreePipe
                0x0800ccc0       0x48 ./Middlewares/ST/STM32_USB_Host_Library/Core/Src/usbh_pipes.o
 .text.MX_USB_HOST_Init
                0x0800cd08       0x4c ./USB_HOST/App/usb_host.o
                0x0800cd08                MX_USB_HOST_Init
 .text.MX_USB_HOST_Process
                0x0800cd54       0x14 ./USB_HOST/App/usb_host.o
                0x0800cd54                MX_USB_HOST_Process
 .text.USBH_UserProcess
                0x0800cd68       0x5c ./USB_HOST/App/usb_host.o
 .text.HAL_HCD_MspInit
                0x0800cdc4       0xa8 ./USB_HOST/Target/usbh_conf.o
                0x0800cdc4                HAL_HCD_MspInit
 .text.HAL_HCD_SOF_Callback
                0x0800ce6c       0x1c ./USB_HOST/Target/usbh_conf.o
                0x0800ce6c                HAL_HCD_SOF_Callback
 .text.HAL_HCD_Connect_Callback
                0x0800ce88       0x1c ./USB_HOST/Target/usbh_conf.o
                0x0800ce88                HAL_HCD_Connect_Callback
 .text.HAL_HCD_Disconnect_Callback
                0x0800cea4       0x1c ./USB_HOST/Target/usbh_conf.o
                0x0800cea4                HAL_HCD_Disconnect_Callback
 .text.HAL_HCD_HC_NotifyURBChange_Callback
                0x0800cec0       0x1c ./USB_HOST/Target/usbh_conf.o
                0x0800cec0                HAL_HCD_HC_NotifyURBChange_Callback
 .text.HAL_HCD_PortEnabled_Callback
                0x0800cedc       0x1c ./USB_HOST/Target/usbh_conf.o
                0x0800cedc                HAL_HCD_PortEnabled_Callback
 .text.HAL_HCD_PortDisabled_Callback
                0x0800cef8       0x1c ./USB_HOST/Target/usbh_conf.o
                0x0800cef8                HAL_HCD_PortDisabled_Callback
 .text.USBH_LL_Init
                0x0800cf14       0x78 ./USB_HOST/Target/usbh_conf.o
                0x0800cf14                USBH_LL_Init
 .text.USBH_LL_Start
                0x0800cf8c       0x36 ./USB_HOST/Target/usbh_conf.o
                0x0800cf8c                USBH_LL_Start
 .text.USBH_LL_Stop
                0x0800cfc2       0x36 ./USB_HOST/Target/usbh_conf.o
                0x0800cfc2                USBH_LL_Stop
 .text.USBH_LL_GetSpeed
                0x0800cff8       0x4e ./USB_HOST/Target/usbh_conf.o
                0x0800cff8                USBH_LL_GetSpeed
 .text.USBH_LL_ResetPort
                0x0800d046       0x36 ./USB_HOST/Target/usbh_conf.o
                0x0800d046                USBH_LL_ResetPort
 .text.USBH_LL_GetLastXferSize
                0x0800d07c       0x26 ./USB_HOST/Target/usbh_conf.o
                0x0800d07c                USBH_LL_GetLastXferSize
 .text.USBH_LL_OpenPipe
                0x0800d0a2       0x5e ./USB_HOST/Target/usbh_conf.o
                0x0800d0a2                USBH_LL_OpenPipe
 .text.USBH_LL_ClosePipe
                0x0800d100       0x3e ./USB_HOST/Target/usbh_conf.o
                0x0800d100                USBH_LL_ClosePipe
 .text.USBH_LL_SubmitURB
                0x0800d13e       0x62 ./USB_HOST/Target/usbh_conf.o
                0x0800d13e                USBH_LL_SubmitURB
 .text.USBH_LL_GetURBState
                0x0800d1a0       0x26 ./USB_HOST/Target/usbh_conf.o
                0x0800d1a0                USBH_LL_GetURBState
 .text.USBH_LL_DriverVBUS
                0x0800d1c6       0x2e ./USB_HOST/Target/usbh_conf.o
                0x0800d1c6                USBH_LL_DriverVBUS
 .text.USBH_LL_SetToggle
                0x0800d1f4       0x66 ./USB_HOST/Target/usbh_conf.o
                0x0800d1f4                USBH_LL_SetToggle
 .text.USBH_Delay
                0x0800d25a       0x16 ./USB_HOST/Target/usbh_conf.o
                0x0800d25a                USBH_Delay
 .text.USBH_Get_USB_Status
                0x0800d270       0x58 ./USB_HOST/Target/usbh_conf.o
                0x0800d270                USBH_Get_USB_Status
 .text.MX_DriverVbusFS
                0x0800d2c8       0x38 ./USB_HOST/Target/usbh_platform.o
                0x0800d2c8                MX_DriverVbusFS
 .text.malloc   0x0800d300       0x10 C:/ST/STM32CubeIDE_1.17.0/STM32CubeIDE/plugins/com.st.stm32cube.ide.mcu.externaltools.gnu-tools-for-stm32.12.3.rel1.win32_1.1.0.202410251130/tools/bin/../lib/gcc/arm-none-eabi/12.3.1/../../../../arm-none-eabi/lib/thumb/v7e-m+fp/hard\libc_nano.a(libc_a-malloc.o)
                0x0800d300                malloc
 .text.free     0x0800d310       0x10 C:/ST/STM32CubeIDE_1.17.0/STM32CubeIDE/plugins/com.st.stm32cube.ide.mcu.externaltools.gnu-tools-for-stm32.12.3.rel1.win32_1.1.0.202410251130/tools/bin/../lib/gcc/arm-none-eabi/12.3.1/../../../../arm-none-eabi/lib/thumb/v7e-m+fp/hard\libc_nano.a(libc_a-malloc.o)
                0x0800d310                free
 .text.sbrk_aligned
                0x0800d320       0x44 C:/ST/STM32CubeIDE_1.17.0/STM32CubeIDE/plugins/com.st.stm32cube.ide.mcu.externaltools.gnu-tools-for-stm32.12.3.rel1.win32_1.1.0.202410251130/tools/bin/../lib/gcc/arm-none-eabi/12.3.1/../../../../arm-none-eabi/lib/thumb/v7e-m+fp/hard\libc_nano.a(libc_a-mallocr.o)
 .text._malloc_r
                0x0800d364      0x100 C:/ST/STM32CubeIDE_1.17.0/STM32CubeIDE/plugins/com.st.stm32cube.ide.mcu.externaltools.gnu-tools-for-stm32.12.3.rel1.win32_1.1.0.202410251130/tools/bin/../lib/gcc/arm-none-eabi/12.3.1/../../../../arm-none-eabi/lib/thumb/v7e-m+fp/hard\libc_nano.a(libc_a-mallocr.o)
                0x0800d364                _malloc_r
 .text.__malloc_lock
                0x0800d464        0xc C:/ST/STM32CubeIDE_1.17.0/STM32CubeIDE/plugins/com.st.stm32cube.ide.mcu.externaltools.gnu-tools-for-stm32.12.3.rel1.win32_1.1.0.202410251130/tools/bin/../lib/gcc/arm-none-eabi/12.3.1/../../../../arm-none-eabi/lib/thumb/v7e-m+fp/hard\libc_nano.a(libc_a-mlock.o)
                0x0800d464                __malloc_lock
 .text.__malloc_unlock
                0x0800d470        0xc C:/ST/STM32CubeIDE_1.17.0/STM32CubeIDE/plugins/com.st.stm32cube.ide.mcu.externaltools.gnu-tools-for-stm32.12.3.rel1.win32_1.1.0.202410251130/tools/bin/../lib/gcc/arm-none-eabi/12.3.1/../../../../arm-none-eabi/lib/thumb/v7e-m+fp/hard\libc_nano.a(libc_a-mlock.o)
                0x0800d470                __malloc_unlock
 .text.std      0x0800d47c       0x6c C:/ST/STM32CubeIDE_1.17.0/STM32CubeIDE/plugins/com.st.stm32cube.ide.mcu.externaltools.gnu-tools-for-stm32.12.3.rel1.win32_1.1.0.202410251130/tools/bin/../lib/gcc/arm-none-eabi/12.3.1/../../../../arm-none-eabi/lib/thumb/v7e-m+fp/hard\libc_nano.a(libc_a-findfp.o)
 .text.stdio_exit_handler
                0x0800d4e8       0x18 C:/ST/STM32CubeIDE_1.17.0/STM32CubeIDE/plugins/com.st.stm32cube.ide.mcu.externaltools.gnu-tools-for-stm32.12.3.rel1.win32_1.1.0.202410251130/tools/bin/../lib/gcc/arm-none-eabi/12.3.1/../../../../arm-none-eabi/lib/thumb/v7e-m+fp/hard\libc_nano.a(libc_a-findfp.o)
 .text.cleanup_stdio
                0x0800d500       0x40 C:/ST/STM32CubeIDE_1.17.0/STM32CubeIDE/plugins/com.st.stm32cube.ide.mcu.externaltools.gnu-tools-for-stm32.12.3.rel1.win32_1.1.0.202410251130/tools/bin/../lib/gcc/arm-none-eabi/12.3.1/../../../../arm-none-eabi/lib/thumb/v7e-m+fp/hard\libc_nano.a(libc_a-findfp.o)
 .text.global_stdio_init.part.0
                0x0800d540       0x3c C:/ST/STM32CubeIDE_1.17.0/STM32CubeIDE/plugins/com.st.stm32cube.ide.mcu.externaltools.gnu-tools-for-stm32.12.3.rel1.win32_1.1.0.202410251130/tools/bin/../lib/gcc/arm-none-eabi/12.3.1/../../../../arm-none-eabi/lib/thumb/v7e-m+fp/hard\libc_nano.a(libc_a-findfp.o)
 .text.__sfp_lock_acquire
                0x0800d57c        0xc C:/ST/STM32CubeIDE_1.17.0/STM32CubeIDE/plugins/com.st.stm32cube.ide.mcu.externaltools.gnu-tools-for-stm32.12.3.rel1.win32_1.1.0.202410251130/tools/bin/../lib/gcc/arm-none-eabi/12.3.1/../../../../arm-none-eabi/lib/thumb/v7e-m+fp/hard\libc_nano.a(libc_a-findfp.o)
                0x0800d57c                __sfp_lock_acquire
 .text.__sfp_lock_release
                0x0800d588        0xc C:/ST/STM32CubeIDE_1.17.0/STM32CubeIDE/plugins/com.st.stm32cube.ide.mcu.externaltools.gnu-tools-for-stm32.12.3.rel1.win32_1.1.0.202410251130/tools/bin/../lib/gcc/arm-none-eabi/12.3.1/../../../../arm-none-eabi/lib/thumb/v7e-m+fp/hard\libc_nano.a(libc_a-findfp.o)
                0x0800d588                __sfp_lock_release
 .text.__sinit  0x0800d594       0x30 C:/ST/STM32CubeIDE_1.17.0/STM32CubeIDE/plugins/com.st.stm32cube.ide.mcu.externaltools.gnu-tools-for-stm32.12.3.rel1.win32_1.1.0.202410251130/tools/bin/../lib/gcc/arm-none-eabi/12.3.1/../../../../arm-none-eabi/lib/thumb/v7e-m+fp/hard\libc_nano.a(libc_a-findfp.o)
                0x0800d594                __sinit
 .text._fwalk_sglue
                0x0800d5c4       0x3c C:/ST/STM32CubeIDE_1.17.0/STM32CubeIDE/plugins/com.st.stm32cube.ide.mcu.externaltools.gnu-tools-for-stm32.12.3.rel1.win32_1.1.0.202410251130/tools/bin/../lib/gcc/arm-none-eabi/12.3.1/../../../../arm-none-eabi/lib/thumb/v7e-m+fp/hard\libc_nano.a(libc_a-fwalk.o)
                0x0800d5c4                _fwalk_sglue
 .text.printf   0x0800d600       0x24 C:/ST/STM32CubeIDE_1.17.0/STM32CubeIDE/plugins/com.st.stm32cube.ide.mcu.externaltools.gnu-tools-for-stm32.12.3.rel1.win32_1.1.0.202410251130/tools/bin/../lib/gcc/arm-none-eabi/12.3.1/../../../../arm-none-eabi/lib/thumb/v7e-m+fp/hard\libc_nano.a(libc_a-printf.o)
                0x0800d600                iprintf
                0x0800d600                printf
 .text.putchar  0x0800d624       0x10 C:/ST/STM32CubeIDE_1.17.0/STM32CubeIDE/plugins/com.st.stm32cube.ide.mcu.externaltools.gnu-tools-for-stm32.12.3.rel1.win32_1.1.0.202410251130/tools/bin/../lib/gcc/arm-none-eabi/12.3.1/../../../../arm-none-eabi/lib/thumb/v7e-m+fp/hard\libc_nano.a(libc_a-putchar.o)
                0x0800d624                putchar
 .text._puts_r  0x0800d634       0xaa C:/ST/STM32CubeIDE_1.17.0/STM32CubeIDE/plugins/com.st.stm32cube.ide.mcu.externaltools.gnu-tools-for-stm32.12.3.rel1.win32_1.1.0.202410251130/tools/bin/../lib/gcc/arm-none-eabi/12.3.1/../../../../arm-none-eabi/lib/thumb/v7e-m+fp/hard\libc_nano.a(libc_a-puts.o)
                0x0800d634                _puts_r
 *fill*         0x0800d6de        0x2 
 .text.puts     0x0800d6e0       0x10 C:/ST/STM32CubeIDE_1.17.0/STM32CubeIDE/plugins/com.st.stm32cube.ide.mcu.externaltools.gnu-tools-for-stm32.12.3.rel1.win32_1.1.0.202410251130/tools/bin/../lib/gcc/arm-none-eabi/12.3.1/../../../../arm-none-eabi/lib/thumb/v7e-m+fp/hard\libc_nano.a(libc_a-puts.o)
                0x0800d6e0                puts
 .text.sprintf  0x0800d6f0       0x40 C:/ST/STM32CubeIDE_1.17.0/STM32CubeIDE/plugins/com.st.stm32cube.ide.mcu.externaltools.gnu-tools-for-stm32.12.3.rel1.win32_1.1.0.202410251130/tools/bin/../lib/gcc/arm-none-eabi/12.3.1/../../../../arm-none-eabi/lib/thumb/v7e-m+fp/hard\libc_nano.a(libc_a-sprintf.o)
                0x0800d6f0                siprintf
                0x0800d6f0                sprintf
 .text.__sread  0x0800d730       0x22 C:/ST/STM32CubeIDE_1.17.0/STM32CubeIDE/plugins/com.st.stm32cube.ide.mcu.externaltools.gnu-tools-for-stm32.12.3.rel1.win32_1.1.0.202410251130/tools/bin/../lib/gcc/arm-none-eabi/12.3.1/../../../../arm-none-eabi/lib/thumb/v7e-m+fp/hard\libc_nano.a(libc_a-stdio.o)
                0x0800d730                __sread
 .text.__swrite
                0x0800d752       0x38 C:/ST/STM32CubeIDE_1.17.0/STM32CubeIDE/plugins/com.st.stm32cube.ide.mcu.externaltools.gnu-tools-for-stm32.12.3.rel1.win32_1.1.0.202410251130/tools/bin/../lib/gcc/arm-none-eabi/12.3.1/../../../../arm-none-eabi/lib/thumb/v7e-m+fp/hard\libc_nano.a(libc_a-stdio.o)
                0x0800d752                __swrite
 .text.__sseek  0x0800d78a       0x24 C:/ST/STM32CubeIDE_1.17.0/STM32CubeIDE/plugins/com.st.stm32cube.ide.mcu.externaltools.gnu-tools-for-stm32.12.3.rel1.win32_1.1.0.202410251130/tools/bin/../lib/gcc/arm-none-eabi/12.3.1/../../../../arm-none-eabi/lib/thumb/v7e-m+fp/hard\libc_nano.a(libc_a-stdio.o)
                0x0800d78a                __sseek
 .text.__sclose
                0x0800d7ae        0x8 C:/ST/STM32CubeIDE_1.17.0/STM32CubeIDE/plugins/com.st.stm32cube.ide.mcu.externaltools.gnu-tools-for-stm32.12.3.rel1.win32_1.1.0.202410251130/tools/bin/../lib/gcc/arm-none-eabi/12.3.1/../../../../arm-none-eabi/lib/thumb/v7e-m+fp/hard\libc_nano.a(libc_a-stdio.o)
                0x0800d7ae                __sclose
 *fill*         0x0800d7b6        0x2 
 .text._vsprintf_r
                0x0800d7b8       0x2c C:/ST/STM32CubeIDE_1.17.0/STM32CubeIDE/plugins/com.st.stm32cube.ide.mcu.externaltools.gnu-tools-for-stm32.12.3.rel1.win32_1.1.0.202410251130/tools/bin/../lib/gcc/arm-none-eabi/12.3.1/../../../../arm-none-eabi/lib/thumb/v7e-m+fp/hard\libc_nano.a(libc_a-vsprintf.o)
                0x0800d7b8                _vsprintf_r
                0x0800d7b8                _vsiprintf_r
 .text.vsprintf
                0x0800d7e4       0x14 C:/ST/STM32CubeIDE_1.17.0/STM32CubeIDE/plugins/com.st.stm32cube.ide.mcu.externaltools.gnu-tools-for-stm32.12.3.rel1.win32_1.1.0.202410251130/tools/bin/../lib/gcc/arm-none-eabi/12.3.1/../../../../arm-none-eabi/lib/thumb/v7e-m+fp/hard\libc_nano.a(libc_a-vsprintf.o)
                0x0800d7e4                vsiprintf
                0x0800d7e4                vsprintf
 .text.__swbuf_r
                0x0800d7f8       0x7c C:/ST/STM32CubeIDE_1.17.0/STM32CubeIDE/plugins/com.st.stm32cube.ide.mcu.externaltools.gnu-tools-for-stm32.12.3.rel1.win32_1.1.0.202410251130/tools/bin/../lib/gcc/arm-none-eabi/12.3.1/../../../../arm-none-eabi/lib/thumb/v7e-m+fp/hard\libc_nano.a(libc_a-wbuf.o)
                0x0800d7f8                __swbuf_r
 .text.__swsetup_r
                0x0800d874       0xac C:/ST/STM32CubeIDE_1.17.0/STM32CubeIDE/plugins/com.st.stm32cube.ide.mcu.externaltools.gnu-tools-for-stm32.12.3.rel1.win32_1.1.0.202410251130/tools/bin/../lib/gcc/arm-none-eabi/12.3.1/../../../../arm-none-eabi/lib/thumb/v7e-m+fp/hard\libc_nano.a(libc_a-wsetup.o)
                0x0800d874                __swsetup_r
 .text.memset   0x0800d920       0x10 C:/ST/STM32CubeIDE_1.17.0/STM32CubeIDE/plugins/com.st.stm32cube.ide.mcu.externaltools.gnu-tools-for-stm32.12.3.rel1.win32_1.1.0.202410251130/tools/bin/../lib/gcc/arm-none-eabi/12.3.1/../../../../arm-none-eabi/lib/thumb/v7e-m+fp/hard\libc_nano.a(libc_a-memset.o)
                0x0800d920                memset
 .text._close_r
                0x0800d930       0x20 C:/ST/STM32CubeIDE_1.17.0/STM32CubeIDE/plugins/com.st.stm32cube.ide.mcu.externaltools.gnu-tools-for-stm32.12.3.rel1.win32_1.1.0.202410251130/tools/bin/../lib/gcc/arm-none-eabi/12.3.1/../../../../arm-none-eabi/lib/thumb/v7e-m+fp/hard\libc_nano.a(libc_a-closer.o)
                0x0800d930                _close_r
 .text._lseek_r
                0x0800d950       0x24 C:/ST/STM32CubeIDE_1.17.0/STM32CubeIDE/plugins/com.st.stm32cube.ide.mcu.externaltools.gnu-tools-for-stm32.12.3.rel1.win32_1.1.0.202410251130/tools/bin/../lib/gcc/arm-none-eabi/12.3.1/../../../../arm-none-eabi/lib/thumb/v7e-m+fp/hard\libc_nano.a(libc_a-lseekr.o)
                0x0800d950                _lseek_r
 .text._read_r  0x0800d974       0x24 C:/ST/STM32CubeIDE_1.17.0/STM32CubeIDE/plugins/com.st.stm32cube.ide.mcu.externaltools.gnu-tools-for-stm32.12.3.rel1.win32_1.1.0.202410251130/tools/bin/../lib/gcc/arm-none-eabi/12.3.1/../../../../arm-none-eabi/lib/thumb/v7e-m+fp/hard\libc_nano.a(libc_a-readr.o)
                0x0800d974                _read_r
 .text._sbrk_r  0x0800d998       0x20 C:/ST/STM32CubeIDE_1.17.0/STM32CubeIDE/plugins/com.st.stm32cube.ide.mcu.externaltools.gnu-tools-for-stm32.12.3.rel1.win32_1.1.0.202410251130/tools/bin/../lib/gcc/arm-none-eabi/12.3.1/../../../../arm-none-eabi/lib/thumb/v7e-m+fp/hard\libc_nano.a(libc_a-sbrkr.o)
                0x0800d998                _sbrk_r
 .text._write_r
                0x0800d9b8       0x24 C:/ST/STM32CubeIDE_1.17.0/STM32CubeIDE/plugins/com.st.stm32cube.ide.mcu.externaltools.gnu-tools-for-stm32.12.3.rel1.win32_1.1.0.202410251130/tools/bin/../lib/gcc/arm-none-eabi/12.3.1/../../../../arm-none-eabi/lib/thumb/v7e-m+fp/hard\libc_nano.a(libc_a-writer.o)
                0x0800d9b8                _write_r
 .text.__errno  0x0800d9dc        0xc C:/ST/STM32CubeIDE_1.17.0/STM32CubeIDE/plugins/com.st.stm32cube.ide.mcu.externaltools.gnu-tools-for-stm32.12.3.rel1.win32_1.1.0.202410251130/tools/bin/../lib/gcc/arm-none-eabi/12.3.1/../../../../arm-none-eabi/lib/thumb/v7e-m+fp/hard\libc_nano.a(libc_a-errno.o)
                0x0800d9dc                __errno
 .text.__libc_init_array
                0x0800d9e8       0x48 C:/ST/STM32CubeIDE_1.17.0/STM32CubeIDE/plugins/com.st.stm32cube.ide.mcu.externaltools.gnu-tools-for-stm32.12.3.rel1.win32_1.1.0.202410251130/tools/bin/../lib/gcc/arm-none-eabi/12.3.1/../../../../arm-none-eabi/lib/thumb/v7e-m+fp/hard\libc_nano.a(libc_a-init.o)
                0x0800d9e8                __libc_init_array
 .text.__retarget_lock_init_recursive
                0x0800da30        0x2 C:/ST/STM32CubeIDE_1.17.0/STM32CubeIDE/plugins/com.st.stm32cube.ide.mcu.externaltools.gnu-tools-for-stm32.12.3.rel1.win32_1.1.0.202410251130/tools/bin/../lib/gcc/arm-none-eabi/12.3.1/../../../../arm-none-eabi/lib/thumb/v7e-m+fp/hard\libc_nano.a(libc_a-lock.o)
                0x0800da30                __retarget_lock_init_recursive
 .text.__retarget_lock_acquire_recursive
                0x0800da32        0x2 C:/ST/STM32CubeIDE_1.17.0/STM32CubeIDE/plugins/com.st.stm32cube.ide.mcu.externaltools.gnu-tools-for-stm32.12.3.rel1.win32_1.1.0.202410251130/tools/bin/../lib/gcc/arm-none-eabi/12.3.1/../../../../arm-none-eabi/lib/thumb/v7e-m+fp/hard\libc_nano.a(libc_a-lock.o)
                0x0800da32                __retarget_lock_acquire_recursive
 .text.__retarget_lock_release_recursive
                0x0800da34        0x2 C:/ST/STM32CubeIDE_1.17.0/STM32CubeIDE/plugins/com.st.stm32cube.ide.mcu.externaltools.gnu-tools-for-stm32.12.3.rel1.win32_1.1.0.202410251130/tools/bin/../lib/gcc/arm-none-eabi/12.3.1/../../../../arm-none-eabi/lib/thumb/v7e-m+fp/hard\libc_nano.a(libc_a-lock.o)
                0x0800da34                __retarget_lock_release_recursive
 .text.strcpy   0x0800da36       0x10 C:/ST/STM32CubeIDE_1.17.0/STM32CubeIDE/plugins/com.st.stm32cube.ide.mcu.externaltools.gnu-tools-for-stm32.12.3.rel1.win32_1.1.0.202410251130/tools/bin/../lib/gcc/arm-none-eabi/12.3.1/../../../../arm-none-eabi/lib/thumb/v7e-m+fp/hard\libc_nano.a(libc_a-strcpy.o)
                0x0800da36                strcpy
 *fill*         0x0800da46        0x2 
 .text._free_r  0x0800da48       0x94 C:/ST/STM32CubeIDE_1.17.0/STM32CubeIDE/plugins/com.st.stm32cube.ide.mcu.externaltools.gnu-tools-for-stm32.12.3.rel1.win32_1.1.0.202410251130/tools/bin/../lib/gcc/arm-none-eabi/12.3.1/../../../../arm-none-eabi/lib/thumb/v7e-m+fp/hard\libc_nano.a(libc_a-freer.o)
                0x0800da48                _free_r
 .text.__ssputs_r
                0x0800dadc       0xb6 C:/ST/STM32CubeIDE_1.17.0/STM32CubeIDE/plugins/com.st.stm32cube.ide.mcu.externaltools.gnu-tools-for-stm32.12.3.rel1.win32_1.1.0.202410251130/tools/bin/../lib/gcc/arm-none-eabi/12.3.1/../../../../arm-none-eabi/lib/thumb/v7e-m+fp/hard\libc_nano.a(libc_a-nano-svfprintf.o)
                0x0800dadc                __ssputs_r
 *fill*         0x0800db92        0x2 
 .text._svfprintf_r
                0x0800db94      0x1f8 C:/ST/STM32CubeIDE_1.17.0/STM32CubeIDE/plugins/com.st.stm32cube.ide.mcu.externaltools.gnu-tools-for-stm32.12.3.rel1.win32_1.1.0.202410251130/tools/bin/../lib/gcc/arm-none-eabi/12.3.1/../../../../arm-none-eabi/lib/thumb/v7e-m+fp/hard\libc_nano.a(libc_a-nano-svfprintf.o)
                0x0800db94                _svfiprintf_r
                0x0800db94                _svfprintf_r
 .text.__sfputc_r
                0x0800dd8c       0x2e C:/ST/STM32CubeIDE_1.17.0/STM32CubeIDE/plugins/com.st.stm32cube.ide.mcu.externaltools.gnu-tools-for-stm32.12.3.rel1.win32_1.1.0.202410251130/tools/bin/../lib/gcc/arm-none-eabi/12.3.1/../../../../arm-none-eabi/lib/thumb/v7e-m+fp/hard\libc_nano.a(libc_a-nano-vfprintf.o)
 .text.__sfputs_r
                0x0800ddba       0x24 C:/ST/STM32CubeIDE_1.17.0/STM32CubeIDE/plugins/com.st.stm32cube.ide.mcu.externaltools.gnu-tools-for-stm32.12.3.rel1.win32_1.1.0.202410251130/tools/bin/../lib/gcc/arm-none-eabi/12.3.1/../../../../arm-none-eabi/lib/thumb/v7e-m+fp/hard\libc_nano.a(libc_a-nano-vfprintf.o)
                0x0800ddba                __sfputs_r
 *fill*         0x0800ddde        0x2 
 .text._vfprintf_r
                0x0800dde0      0x230 C:/ST/STM32CubeIDE_1.17.0/STM32CubeIDE/plugins/com.st.stm32cube.ide.mcu.externaltools.gnu-tools-for-stm32.12.3.rel1.win32_1.1.0.202410251130/tools/bin/../lib/gcc/arm-none-eabi/12.3.1/../../../../arm-none-eabi/lib/thumb/v7e-m+fp/hard\libc_nano.a(libc_a-nano-vfprintf.o)
                0x0800dde0                _vfprintf_r
                0x0800dde0                _vfiprintf_r
 .text._printf_common
                0x0800e010       0xda C:/ST/STM32CubeIDE_1.17.0/STM32CubeIDE/plugins/com.st.stm32cube.ide.mcu.externaltools.gnu-tools-for-stm32.12.3.rel1.win32_1.1.0.202410251130/tools/bin/../lib/gcc/arm-none-eabi/12.3.1/../../../../arm-none-eabi/lib/thumb/v7e-m+fp/hard\libc_nano.a(libc_a-nano-vfprintf_i.o)
                0x0800e010                _printf_common
 *fill*         0x0800e0ea        0x2 
 .text._printf_i
                0x0800e0ec      0x240 C:/ST/STM32CubeIDE_1.17.0/STM32CubeIDE/plugins/com.st.stm32cube.ide.mcu.externaltools.gnu-tools-for-stm32.12.3.rel1.win32_1.1.0.202410251130/tools/bin/../lib/gcc/arm-none-eabi/12.3.1/../../../../arm-none-eabi/lib/thumb/v7e-m+fp/hard\libc_nano.a(libc_a-nano-vfprintf_i.o)
                0x0800e0ec                _printf_i
 .text.__sflush_r
                0x0800e32c      0x108 C:/ST/STM32CubeIDE_1.17.0/STM32CubeIDE/plugins/com.st.stm32cube.ide.mcu.externaltools.gnu-tools-for-stm32.12.3.rel1.win32_1.1.0.202410251130/tools/bin/../lib/gcc/arm-none-eabi/12.3.1/../../../../arm-none-eabi/lib/thumb/v7e-m+fp/hard\libc_nano.a(libc_a-fflush.o)
                0x0800e32c                __sflush_r
 .text._fflush_r
                0x0800e434       0x50 C:/ST/STM32CubeIDE_1.17.0/STM32CubeIDE/plugins/com.st.stm32cube.ide.mcu.externaltools.gnu-tools-for-stm32.12.3.rel1.win32_1.1.0.202410251130/tools/bin/../lib/gcc/arm-none-eabi/12.3.1/../../../../arm-none-eabi/lib/thumb/v7e-m+fp/hard\libc_nano.a(libc_a-fflush.o)
                0x0800e434                _fflush_r
 .text.__swhatbuf_r
                0x0800e484       0x4c C:/ST/STM32CubeIDE_1.17.0/STM32CubeIDE/plugins/com.st.stm32cube.ide.mcu.externaltools.gnu-tools-for-stm32.12.3.rel1.win32_1.1.0.202410251130/tools/bin/../lib/gcc/arm-none-eabi/12.3.1/../../../../arm-none-eabi/lib/thumb/v7e-m+fp/hard\libc_nano.a(libc_a-makebuf.o)
                0x0800e484                __swhatbuf_r
 .text.__smakebuf_r
                0x0800e4d0       0x78 C:/ST/STM32CubeIDE_1.17.0/STM32CubeIDE/plugins/com.st.stm32cube.ide.mcu.externaltools.gnu-tools-for-stm32.12.3.rel1.win32_1.1.0.202410251130/tools/bin/../lib/gcc/arm-none-eabi/12.3.1/../../../../arm-none-eabi/lib/thumb/v7e-m+fp/hard\libc_nano.a(libc_a-makebuf.o)
                0x0800e4d0                __smakebuf_r
 .text._putc_r  0x0800e548       0x68 C:/ST/STM32CubeIDE_1.17.0/STM32CubeIDE/plugins/com.st.stm32cube.ide.mcu.externaltools.gnu-tools-for-stm32.12.3.rel1.win32_1.1.0.202410251130/tools/bin/../lib/gcc/arm-none-eabi/12.3.1/../../../../arm-none-eabi/lib/thumb/v7e-m+fp/hard\libc_nano.a(libc_a-putc.o)
                0x0800e548                _putc_r
 .text.memmove  0x0800e5b0       0x34 C:/ST/STM32CubeIDE_1.17.0/STM32CubeIDE/plugins/com.st.stm32cube.ide.mcu.externaltools.gnu-tools-for-stm32.12.3.rel1.win32_1.1.0.202410251130/tools/bin/../lib/gcc/arm-none-eabi/12.3.1/../../../../arm-none-eabi/lib/thumb/v7e-m+fp/hard\libc_nano.a(libc_a-memmove.o)
                0x0800e5b0                memmove
 .text._fstat_r
                0x0800e5e4       0x24 C:/ST/STM32CubeIDE_1.17.0/STM32CubeIDE/plugins/com.st.stm32cube.ide.mcu.externaltools.gnu-tools-for-stm32.12.3.rel1.win32_1.1.0.202410251130/tools/bin/../lib/gcc/arm-none-eabi/12.3.1/../../../../arm-none-eabi/lib/thumb/v7e-m+fp/hard\libc_nano.a(libc_a-fstatr.o)
                0x0800e5e4                _fstat_r
 .text._isatty_r
                0x0800e608       0x20 C:/ST/STM32CubeIDE_1.17.0/STM32CubeIDE/plugins/com.st.stm32cube.ide.mcu.externaltools.gnu-tools-for-stm32.12.3.rel1.win32_1.1.0.202410251130/tools/bin/../lib/gcc/arm-none-eabi/12.3.1/../../../../arm-none-eabi/lib/thumb/v7e-m+fp/hard\libc_nano.a(libc_a-isattyr.o)
                0x0800e608                _isatty_r
 .text.memcpy   0x0800e628       0x1c C:/ST/STM32CubeIDE_1.17.0/STM32CubeIDE/plugins/com.st.stm32cube.ide.mcu.externaltools.gnu-tools-for-stm32.12.3.rel1.win32_1.1.0.202410251130/tools/bin/../lib/gcc/arm-none-eabi/12.3.1/../../../../arm-none-eabi/lib/thumb/v7e-m+fp/hard\libc_nano.a(libc_a-memcpy-stub.o)
                0x0800e628                memcpy
 .text._realloc_r
                0x0800e644       0x5c C:/ST/STM32CubeIDE_1.17.0/STM32CubeIDE/plugins/com.st.stm32cube.ide.mcu.externaltools.gnu-tools-for-stm32.12.3.rel1.win32_1.1.0.202410251130/tools/bin/../lib/gcc/arm-none-eabi/12.3.1/../../../../arm-none-eabi/lib/thumb/v7e-m+fp/hard\libc_nano.a(libc_a-reallocr.o)
                0x0800e644                _realloc_r
 .text._malloc_usable_size_r
                0x0800e6a0       0x10 C:/ST/STM32CubeIDE_1.17.0/STM32CubeIDE/plugins/com.st.stm32cube.ide.mcu.externaltools.gnu-tools-for-stm32.12.3.rel1.win32_1.1.0.202410251130/tools/bin/../lib/gcc/arm-none-eabi/12.3.1/../../../../arm-none-eabi/lib/thumb/v7e-m+fp/hard\libc_nano.a(libc_a-msizer.o)
                0x0800e6a0                _malloc_usable_size_r
 *(.glue_7)
 .glue_7        0x0800e6b0        0x0 linker stubs
 *(.glue_7t)
 .glue_7t       0x0800e6b0        0x0 linker stubs
 *(.eh_frame)
 .eh_frame      0x0800e6b0        0x0 C:/ST/STM32CubeIDE_1.17.0/STM32CubeIDE/plugins/com.st.stm32cube.ide.mcu.externaltools.gnu-tools-for-stm32.12.3.rel1.win32_1.1.0.202410251130/tools/bin/../lib/gcc/arm-none-eabi/12.3.1/thumb/v7e-m+fp/hard/crtbegin.o
 *(.init)
 .init          0x0800e6b0        0x4 C:/ST/STM32CubeIDE_1.17.0/STM32CubeIDE/plugins/com.st.stm32cube.ide.mcu.externaltools.gnu-tools-for-stm32.12.3.rel1.win32_1.1.0.202410251130/tools/bin/../lib/gcc/arm-none-eabi/12.3.1/thumb/v7e-m+fp/hard/crti.o
                0x0800e6b0                _init
 .init          0x0800e6b4        0x8 C:/ST/STM32CubeIDE_1.17.0/STM32CubeIDE/plugins/com.st.stm32cube.ide.mcu.externaltools.gnu-tools-for-stm32.12.3.rel1.win32_1.1.0.202410251130/tools/bin/../lib/gcc/arm-none-eabi/12.3.1/thumb/v7e-m+fp/hard/crtn.o
 *(.fini)
 .fini          0x0800e6bc        0x4 C:/ST/STM32CubeIDE_1.17.0/STM32CubeIDE/plugins/com.st.stm32cube.ide.mcu.externaltools.gnu-tools-for-stm32.12.3.rel1.win32_1.1.0.202410251130/tools/bin/../lib/gcc/arm-none-eabi/12.3.1/thumb/v7e-m+fp/hard/crti.o
                0x0800e6bc                _fini
 .fini          0x0800e6c0        0x8 C:/ST/STM32CubeIDE_1.17.0/STM32CubeIDE/plugins/com.st.stm32cube.ide.mcu.externaltools.gnu-tools-for-stm32.12.3.rel1.win32_1.1.0.202410251130/tools/bin/../lib/gcc/arm-none-eabi/12.3.1/thumb/v7e-m+fp/hard/crtn.o
                0x0800e6c8                        . = ALIGN (0x4)
                0x0800e6c8                        _etext = .

.vfp11_veneer   0x0800e6c8        0x0
 .vfp11_veneer  0x0800e6c8        0x0 linker stubs

.v4_bx          0x0800e6c8        0x0
 .v4_bx         0x0800e6c8        0x0 linker stubs

.iplt           0x0800e6c8        0x0
 .iplt          0x0800e6c8        0x0 C:/ST/STM32CubeIDE_1.17.0/STM32CubeIDE/plugins/com.st.stm32cube.ide.mcu.externaltools.gnu-tools-for-stm32.12.3.rel1.win32_1.1.0.202410251130/tools/bin/../lib/gcc/arm-none-eabi/12.3.1/thumb/v7e-m+fp/hard/crtbegin.o

.rodata         0x0800e6c8     0x2a60
                0x0800e6c8                        . = ALIGN (0x4)
 *(.rodata)
 .rodata        0x0800e6c8       0x9e ./Core/Src/main.o
 *fill*         0x0800e766        0x2 
 .rodata        0x0800e768      0x1c5 ./Middlewares/ST/STM32_USB_Host_Library/Class/HID/Src/usbh_hid.o
 *fill*         0x0800e92d        0x3 
 .rodata        0x0800e930      0x460 ./Middlewares/ST/STM32_USB_Host_Library/Core/Src/usbh_core.o
 .rodata        0x0800ed90      0x101 ./Middlewares/ST/STM32_USB_Host_Library/Core/Src/usbh_ctlreq.o
 *(.rodata*)
 *fill*         0x0800ee91        0x3 
 .rodata.cmd_read_y.2
                0x0800ee94        0x1 ./Core/Src/XPT2046_touch.o
 *fill*         0x0800ee95        0x3 
 .rodata.zeroes_tx.1
                0x0800ee98        0x2 ./Core/Src/XPT2046_touch.o
 *fill*         0x0800ee9a        0x2 
 .rodata.cmd_read_x.0
                0x0800ee9c        0x1 ./Core/Src/XPT2046_touch.o
 *fill*         0x0800ee9d        0x3 
 .rodata.Font12_Table
                0x0800eea0      0x474 ./Core/Src/font12.o
                0x0800eea0                Font12_Table
 .rodata.Font16_Table
                0x0800f314      0xbe0 ./Core/Src/font16.o
                0x0800f314                Font16_Table
 .rodata.Font20_Table
                0x0800fef4      0xed8 ./Core/Src/font20.o
                0x0800fef4                Font20_Table
 .rodata.AHBPrescTable
                0x08010dcc       0x10 ./Core/Src/system_stm32f4xx.o
                0x08010dcc                AHBPrescTable
 .rodata.APBPrescTable
                0x08010ddc        0x8 ./Core/Src/system_stm32f4xx.o
                0x08010ddc                APBPrescTable
 .rodata.imp_0_lctrl
                0x08010de4       0x20 ./Middlewares/ST/STM32_USB_Host_Library/Class/HID/Src/usbh_hid_keybd.o
 .rodata.imp_0_lshift
                0x08010e04       0x20 ./Middlewares/ST/STM32_USB_Host_Library/Class/HID/Src/usbh_hid_keybd.o
 .rodata.imp_0_lalt
                0x08010e24       0x20 ./Middlewares/ST/STM32_USB_Host_Library/Class/HID/Src/usbh_hid_keybd.o
 .rodata.imp_0_lgui
                0x08010e44       0x20 ./Middlewares/ST/STM32_USB_Host_Library/Class/HID/Src/usbh_hid_keybd.o
 .rodata.imp_0_rctrl
                0x08010e64       0x20 ./Middlewares/ST/STM32_USB_Host_Library/Class/HID/Src/usbh_hid_keybd.o
 .rodata.imp_0_rshift
                0x08010e84       0x20 ./Middlewares/ST/STM32_USB_Host_Library/Class/HID/Src/usbh_hid_keybd.o
 .rodata.imp_0_ralt
                0x08010ea4       0x20 ./Middlewares/ST/STM32_USB_Host_Library/Class/HID/Src/usbh_hid_keybd.o
 .rodata.imp_0_rgui
                0x08010ec4       0x20 ./Middlewares/ST/STM32_USB_Host_Library/Class/HID/Src/usbh_hid_keybd.o
 .rodata.imp_0_key_array
                0x08010ee4       0x20 ./Middlewares/ST/STM32_USB_Host_Library/Class/HID/Src/usbh_hid_keybd.o
 .rodata.HID_KEYBRD_Key
                0x08010f04       0x82 ./Middlewares/ST/STM32_USB_Host_Library/Class/HID/Src/usbh_hid_keybd.o
 *fill*         0x08010f86        0x2 
 .rodata.HID_KEYBRD_ShiftKey
                0x08010f88       0x82 ./Middlewares/ST/STM32_USB_Host_Library/Class/HID/Src/usbh_hid_keybd.o
 *fill*         0x0801100a        0x2 
 .rodata.HID_KEYBRD_Codes
                0x0801100c       0xe8 ./Middlewares/ST/STM32_USB_Host_Library/Class/HID/Src/usbh_hid_keybd.o
 .rodata._svfprintf_r.str1.1
                0x080110f4       0x11 C:/ST/STM32CubeIDE_1.17.0/STM32CubeIDE/plugins/com.st.stm32cube.ide.mcu.externaltools.gnu-tools-for-stm32.12.3.rel1.win32_1.1.0.202410251130/tools/bin/../lib/gcc/arm-none-eabi/12.3.1/../../../../arm-none-eabi/lib/thumb/v7e-m+fp/hard\libc_nano.a(libc_a-nano-svfprintf.o)
 .rodata._vfprintf_r.str1.1
                0x08011105       0x11 C:/ST/STM32CubeIDE_1.17.0/STM32CubeIDE/plugins/com.st.stm32cube.ide.mcu.externaltools.gnu-tools-for-stm32.12.3.rel1.win32_1.1.0.202410251130/tools/bin/../lib/gcc/arm-none-eabi/12.3.1/../../../../arm-none-eabi/lib/thumb/v7e-m+fp/hard\libc_nano.a(libc_a-nano-vfprintf.o)
 .rodata._printf_i.str1.1
                0x08011105       0x22 C:/ST/STM32CubeIDE_1.17.0/STM32CubeIDE/plugins/com.st.stm32cube.ide.mcu.externaltools.gnu-tools-for-stm32.12.3.rel1.win32_1.1.0.202410251130/tools/bin/../lib/gcc/arm-none-eabi/12.3.1/../../../../arm-none-eabi/lib/thumb/v7e-m+fp/hard\libc_nano.a(libc_a-nano-vfprintf_i.o)
                0x08011128                        . = ALIGN (0x4)
 *fill*         0x08011127        0x1 

.ARM.extab      0x08011128        0x0
                0x08011128                        . = ALIGN (0x4)
 *(.ARM.extab* .gnu.linkonce.armextab.*)
                0x08011128                        . = ALIGN (0x4)

.ARM            0x08011128        0x8
                0x08011128                        . = ALIGN (0x4)
                0x08011128                        __exidx_start = .
 *(.ARM.exidx*)
 .ARM.exidx     0x08011128        0x8 C:/ST/STM32CubeIDE_1.17.0/STM32CubeIDE/plugins/com.st.stm32cube.ide.mcu.externaltools.gnu-tools-for-stm32.12.3.rel1.win32_1.1.0.202410251130/tools/bin/../lib/gcc/arm-none-eabi/12.3.1/../../../../arm-none-eabi/lib/thumb/v7e-m+fp/hard\libc_nano.a(libc_a-strlen.o)
 .ARM.exidx     0x08011130        0x0 C:/ST/STM32CubeIDE_1.17.0/STM32CubeIDE/plugins/com.st.stm32cube.ide.mcu.externaltools.gnu-tools-for-stm32.12.3.rel1.win32_1.1.0.202410251130/tools/bin/../lib/gcc/arm-none-eabi/12.3.1/../../../../arm-none-eabi/lib/thumb/v7e-m+fp/hard\libc_nano.a(libc_a-memchr.o)
                                  0x8 (size before relaxing)
 .ARM.exidx     0x08011130        0x0 C:/ST/STM32CubeIDE_1.17.0/STM32CubeIDE/plugins/com.st.stm32cube.ide.mcu.externaltools.gnu-tools-for-stm32.12.3.rel1.win32_1.1.0.202410251130/tools/bin/../lib/gcc/arm-none-eabi/12.3.1/thumb/v7e-m+fp/hard\libgcc.a(_udivmoddi4.o)
                                  0x8 (size before relaxing)
                0x08011130                        __exidx_end = .
                0x08011130                        . = ALIGN (0x4)

.preinit_array  0x08011130        0x0
                0x08011130                        . = ALIGN (0x4)
                0x08011130                        PROVIDE (__preinit_array_start = .)
 *(.preinit_array*)
                0x08011130                        PROVIDE (__preinit_array_end = .)
                0x08011130                        . = ALIGN (0x4)

.init_array     0x08011130        0x4
                0x08011130                        . = ALIGN (0x4)
                0x08011130                        PROVIDE (__init_array_start = .)
 *(SORT_BY_NAME(.init_array.*))
 *(.init_array*)
 .init_array    0x08011130        0x4 C:/ST/STM32CubeIDE_1.17.0/STM32CubeIDE/plugins/com.st.stm32cube.ide.mcu.externaltools.gnu-tools-for-stm32.12.3.rel1.win32_1.1.0.202410251130/tools/bin/../lib/gcc/arm-none-eabi/12.3.1/thumb/v7e-m+fp/hard/crtbegin.o
                0x08011134                        PROVIDE (__init_array_end = .)
                0x08011134                        . = ALIGN (0x4)

.fini_array     0x08011134        0x4
                0x08011134                        . = ALIGN (0x4)
                [!provide]                        PROVIDE (__fini_array_start = .)
 *(SORT_BY_NAME(.fini_array.*))
 *(.fini_array*)
 .fini_array    0x08011134        0x4 C:/ST/STM32CubeIDE_1.17.0/STM32CubeIDE/plugins/com.st.stm32cube.ide.mcu.externaltools.gnu-tools-for-stm32.12.3.rel1.win32_1.1.0.202410251130/tools/bin/../lib/gcc/arm-none-eabi/12.3.1/thumb/v7e-m+fp/hard/crtbegin.o
                [!provide]                        PROVIDE (__fini_array_end = .)
                0x08011138                        . = ALIGN (0x4)
                0x08011138                        _sidata = LOADADDR (.data)

.rel.dyn        0x08011138        0x0
 .rel.iplt      0x08011138        0x0 C:/ST/STM32CubeIDE_1.17.0/STM32CubeIDE/plugins/com.st.stm32cube.ide.mcu.externaltools.gnu-tools-for-stm32.12.3.rel1.win32_1.1.0.202410251130/tools/bin/../lib/gcc/arm-none-eabi/12.3.1/thumb/v7e-m+fp/hard/crtbegin.o

.data           0x20000000      0x2f0 load address 0x08011138
                0x20000000                        . = ALIGN (0x4)
                0x20000000                        _sdata = .
 *(.data)
 *(.data*)
 .data.Font12   0x20000000        0x8 ./Core/Src/font12.o
                0x20000000                Font12
 .data.Font16   0x20000008        0x8 ./Core/Src/font16.o
                0x20000008                Font16
 .data.Font20   0x20000010        0x8 ./Core/Src/font20.o
                0x20000010                Font20
 .data.lcdProperties
                0x20000018        0x8 ./Core/Src/ili9341.o
 .data.lcdFont  0x20000020       0x10 ./Core/Src/ili9341.o
 .data.buttons  0x20000030       0x7e ./Core/Src/main.o
                0x20000030                buttons
 *fill*         0x200000ae        0x2 
 .data.queueButton
                0x200000b0       0x2a ./Core/Src/main.o
                0x200000b0                queueButton
 *fill*         0x200000da        0x2 
 .data.runButton
                0x200000dc       0x2a ./Core/Src/main.o
                0x200000dc                runButton
 *fill*         0x20000106        0x2 
 .data.confirmButton
                0x20000108       0x2a ./Core/Src/main.o
                0x20000108                confirmButton
 *fill*         0x20000132        0x2 
 .data.queueSelectButton
                0x20000134       0x2a ./Core/Src/main.o
                0x20000134                queueSelectButton
 *fill*         0x2000015e        0x2 
 .data.selectButton
                0x20000160       0x2a ./Core/Src/main.o
                0x20000160                selectButton
 *fill*         0x2000018a        0x2 
 .data.deleteButton
                0x2000018c       0x2a ./Core/Src/main.o
                0x2000018c                deleteButton
 *fill*         0x200001b6        0x2 
 .data.backButton
                0x200001b8       0x2a ./Core/Src/main.o
                0x200001b8                backButton
 *fill*         0x200001e2        0x2 
 .data.nextButton
                0x200001e4       0x2a ./Core/Src/main.o
                0x200001e4                nextButton
 *fill*         0x2000020e        0x2 
 .data.yesButton
                0x20000210       0x2a ./Core/Src/main.o
                0x20000210                yesButton
 *fill*         0x2000023a        0x2 
 .data.noButton
                0x2000023c       0x2a ./Core/Src/main.o
                0x2000023c                noButton
 .data.page_num
                0x20000266        0x1 ./Core/Src/main.o
 *fill*         0x20000267        0x1 
 .data.SystemCoreClock
                0x20000268        0x4 ./Core/Src/system_stm32f4xx.o
                0x20000268                SystemCoreClock
 .data.uwTickPrio
                0x2000026c        0x4 ./Drivers/STM32F4xx_HAL_Driver/Src/stm32f4xx_hal.o
                0x2000026c                uwTickPrio
 .data.uwTickFreq
                0x20000270        0x1 ./Drivers/STM32F4xx_HAL_Driver/Src/stm32f4xx_hal.o
                0x20000270                uwTickFreq
 *fill*         0x20000271        0x3 
 .data.HID_Class
                0x20000274       0x20 ./Middlewares/ST/STM32_USB_Host_Library/Class/HID/Src/usbh_hid.o
                0x20000274                HID_Class
 .data.__sglue  0x20000294        0xc C:/ST/STM32CubeIDE_1.17.0/STM32CubeIDE/plugins/com.st.stm32cube.ide.mcu.externaltools.gnu-tools-for-stm32.12.3.rel1.win32_1.1.0.202410251130/tools/bin/../lib/gcc/arm-none-eabi/12.3.1/../../../../arm-none-eabi/lib/thumb/v7e-m+fp/hard\libc_nano.a(libc_a-findfp.o)
                0x20000294                __sglue
 .data._impure_ptr
                0x200002a0        0x4 C:/ST/STM32CubeIDE_1.17.0/STM32CubeIDE/plugins/com.st.stm32cube.ide.mcu.externaltools.gnu-tools-for-stm32.12.3.rel1.win32_1.1.0.202410251130/tools/bin/../lib/gcc/arm-none-eabi/12.3.1/../../../../arm-none-eabi/lib/thumb/v7e-m+fp/hard\libc_nano.a(libc_a-impure.o)
                0x200002a0                _impure_ptr
 .data._impure_data
                0x200002a4       0x4c C:/ST/STM32CubeIDE_1.17.0/STM32CubeIDE/plugins/com.st.stm32cube.ide.mcu.externaltools.gnu-tools-for-stm32.12.3.rel1.win32_1.1.0.202410251130/tools/bin/../lib/gcc/arm-none-eabi/12.3.1/../../../../arm-none-eabi/lib/thumb/v7e-m+fp/hard\libc_nano.a(libc_a-impure.o)
                0x200002a4                _impure_data
 *(.RamFunc)
 *(.RamFunc*)
                0x200002f0                        . = ALIGN (0x4)
                0x200002f0                        _edata = .
                0x08011428                        _siccmram = LOADADDR (.ccmram)

.igot.plt       0x200002f0        0x0 load address 0x08011428
 .igot.plt      0x200002f0        0x0 C:/ST/STM32CubeIDE_1.17.0/STM32CubeIDE/plugins/com.st.stm32cube.ide.mcu.externaltools.gnu-tools-for-stm32.12.3.rel1.win32_1.1.0.202410251130/tools/bin/../lib/gcc/arm-none-eabi/12.3.1/thumb/v7e-m+fp/hard/crtbegin.o

.ccmram         0x10000000        0x0 load address 0x08011428
                0x10000000                        . = ALIGN (0x4)
                0x10000000                        _sccmram = .
 *(.ccmram)
 *(.ccmram*)
                0x10000000                        . = ALIGN (0x4)
                0x10000000                        _eccmram = .
                0x10000000                        . = ALIGN (0x4)

.bss            0x200002f0    0x11ee8
                0x200002f0                        _sbss = .
                0x200002f0                        __bss_start__ = _sbss
 *(.bss)
 .bss           0x200002f0       0x1c C:/ST/STM32CubeIDE_1.17.0/STM32CubeIDE/plugins/com.st.stm32cube.ide.mcu.externaltools.gnu-tools-for-stm32.12.3.rel1.win32_1.1.0.202410251130/tools/bin/../lib/gcc/arm-none-eabi/12.3.1/thumb/v7e-m+fp/hard/crtbegin.o
 *(.bss*)
 .bss.cursorXY  0x2000030c        0x4 ./Core/Src/ili9341.o
 .bss.lcdPortraitConfig
                0x20000310        0x1 ./Core/Src/ili9341.o
 .bss.lcdLandscapeConfig
                0x20000311        0x1 ./Core/Src/ili9341.o
 .bss.lcdPortraitMirrorConfig
                0x20000312        0x1 ./Core/Src/ili9341.o
 .bss.lcdLandscapeMirrorConfig
                0x20000313        0x1 ./Core/Src/ili9341.o
 .bss.buf.0     0x20000314      0x100 ./Core/Src/ili9341.o
 .bss.hspi4     0x20000414       0x58 ./Core/Src/main.o
                0x20000414                hspi4
 .bss.htim3     0x2000046c       0x48 ./Core/Src/main.o
                0x2000046c                htim3
 .bss.huart2    0x200004b4       0x48 ./Core/Src/main.o
                0x200004b4                huart2
 .bss.hsram1    0x200004fc       0x50 ./Core/Src/main.o
                0x200004fc                hsram1
 .bss.currentPage
                0x2000054c        0x1 ./Core/Src/main.o
                0x2000054c                currentPage
 *fill*         0x2000054d        0x3 
 .bss.last_interrupt_time
                0x20000550        0x4 ./Core/Src/main.o
                0x20000550                last_interrupt_time
 .bss.touchFlag
                0x20000554        0x1 ./Core/Src/main.o
 *fill*         0x20000555        0x3 
 .bss.i         0x20000558        0x4 ./Core/Src/main.o
                0x20000558                i
 .bss.j         0x2000055c        0x4 ./Core/Src/main.o
                0x2000055c                j
 .bss.queueBuffer