../Drivers/CMSIS/Include/core_cm4.h:2064:26:ITM_SendChar	16	static,ignoring_inline_asm
../Core/Src/main.c:188:5:_write	32	static
../Core/Src/main.c:211:6:USBH_HID_EventCallback	32	static,ignoring_inline_asm
../Core/Src/main.c:272:5:main	8	static
../Core/Src/main.c:350:6:SystemClock_Config	88	static
../Core/Src/main.c:393:13:MX_SPI4_Init	8	static
../Core/Src/main.c:429:13:MX_TIM3_Init	48	static
../Core/Src/main.c:476:13:MX_USART2_UART_Init	8	static
../Core/Src/main.c:503:13:MX_FMC_Init	40	static
../Core/Src/main.c:559:13:MX_GPIO_Init	56	static
../Core/Src/main.c:631:6:DrawMainPage	176	static
../Core/Src/main.c:710:6:DrawInfoPage	32	static
../Core/Src/main.c:743:6:DrawConfirmationPage	32	static
../Core/Src/main.c:767:6:DrawQueuePage	88	static
../Core/Src/main.c:811:6:DrawProgressPage	24	static
../Core/Src/main.c:825:6:DrawStopPage	24	static
../Core/Src/main.c:846:6:DrawPageFinish	24	static
../Core/Src/main.c:860:9:handleTouch	24	static
../Core/Src/main.c:1054:6:erase_sector	16	static
../Core/Src/main.c:1068:6:write_to_flash	40	static
../Core/Src/main.c:1087:9:read_from_flash	24	static
../Core/Src/main.c:1119:9:storeProtocol	19240	static
../Core/Src/main.c:1180:9:get_num_protocols_in_sector	32	static
../Core/Src/main.c:1196:9:getFreeSector	24	static
../Core/Src/main.c:1219:6:transmitProtocol	56	static
../Core/Src/main.c:1242:6:queueProtocol	64	static
../Core/Src/main.c:1262:6:transmitQueuedProtocols	32	static
../Core/Src/main.c:1290:6:deleteProtocol	19320	static
../Core/Src/main.c:1380:6:SendStopMotorsMessage	8	static
../Core/Src/main.c:1386:6:write_number_to_flash	16	static
../Core/Src/main.c:1391:10:get_sector_address	16	static
../Core/Src/main.c:1426:10:sector_mapping	16	static
../Core/Src/main.c:1462:6:HAL_GPIO_EXTI_Callback	24	static
../Core/Src/main.c:1494:6:Error_Handler	4	static,ignoring_inline_asm
