Archive member included to satisfy reference by file (symbol)

C:/ST/STM32CubeIDE_1.17.0/STM32CubeIDE/plugins/com.st.stm32cube.ide.mcu.externaltools.gnu-tools-for-stm32.12.3.rel1.win32_1.1.0.202410251130/tools/bin/../lib/gcc/arm-none-eabi/12.3.1/../../../../arm-none-eabi/lib/thumb/v7e-m+fp/hard\libc_nano.a(libc_a-atoi.o)
                              ./Core/Src/main.o (atoi)
C:/ST/STM32CubeIDE_1.17.0/STM32CubeIDE/plugins/com.st.stm32cube.ide.mcu.externaltools.gnu-tools-for-stm32.12.3.rel1.win32_1.1.0.202410251130/tools/bin/../lib/gcc/arm-none-eabi/12.3.1/../../../../arm-none-eabi/lib/thumb/v7e-m+fp/hard\libc_nano.a(libc_a-exit.o)
                              C:/ST/STM32CubeIDE_1.17.0/STM32CubeIDE/plugins/com.st.stm32cube.ide.mcu.externaltools.gnu-tools-for-stm32.12.3.rel1.win32_1.1.0.202410251130/tools/bin/../lib/gcc/arm-none-eabi/12.3.1/../../../../arm-none-eabi/lib/thumb/v7e-m+fp/hard/crt0.o (exit)
C:/ST/STM32CubeIDE_1.17.0/STM32CubeIDE/plugins/com.st.stm32cube.ide.mcu.externaltools.gnu-tools-for-stm32.12.3.rel1.win32_1.1.0.202410251130/tools/bin/../lib/gcc/arm-none-eabi/12.3.1/../../../../arm-none-eabi/lib/thumb/v7e-m+fp/hard\libc_nano.a(libc_a-malloc.o)
                              ./Middlewares/ST/STM32_USB_Host_Library/Class/HID/Src/usbh_hid.o (malloc)
C:/ST/STM32CubeIDE_1.17.0/STM32CubeIDE/plugins/com.st.stm32cube.ide.mcu.externaltools.gnu-tools-for-stm32.12.3.rel1.win32_1.1.0.202410251130/tools/bin/../lib/gcc/arm-none-eabi/12.3.1/../../../../arm-none-eabi/lib/thumb/v7e-m+fp/hard\libc_nano.a(libc_a-mallocr.o)
                              C:/ST/STM32CubeIDE_1.17.0/STM32CubeIDE/plugins/com.st.stm32cube.ide.mcu.externaltools.gnu-tools-for-stm32.12.3.rel1.win32_1.1.0.202410251130/tools/bin/../lib/gcc/arm-none-eabi/12.3.1/../../../../arm-none-eabi/lib/thumb/v7e-m+fp/hard\libc_nano.a(libc_a-malloc.o) (_malloc_r)
C:/ST/STM32CubeIDE_1.17.0/STM32CubeIDE/plugins/com.st.stm32cube.ide.mcu.externaltools.gnu-tools-for-stm32.12.3.rel1.win32_1.1.0.202410251130/tools/bin/../lib/gcc/arm-none-eabi/12.3.1/../../../../arm-none-eabi/lib/thumb/v7e-m+fp/hard\libc_nano.a(libc_a-mlock.o)
                              C:/ST/STM32CubeIDE_1.17.0/STM32CubeIDE/plugins/com.st.stm32cube.ide.mcu.externaltools.gnu-tools-for-stm32.12.3.rel1.win32_1.1.0.202410251130/tools/bin/../lib/gcc/arm-none-eabi/12.3.1/../../../../arm-none-eabi/lib/thumb/v7e-m+fp/hard\libc_nano.a(libc_a-mallocr.o) (__malloc_lock)
C:/ST/STM32CubeIDE_1.17.0/STM32CubeIDE/plugins/com.st.stm32cube.ide.mcu.externaltools.gnu-tools-for-stm32.12.3.rel1.win32_1.1.0.202410251130/tools/bin/../lib/gcc/arm-none-eabi/12.3.1/../../../../arm-none-eabi/lib/thumb/v7e-m+fp/hard\libc_nano.a(libc_a-strtol.o)
                              C:/ST/STM32CubeIDE_1.17.0/STM32CubeIDE/plugins/com.st.stm32cube.ide.mcu.externaltools.gnu-tools-for-stm32.12.3.rel1.win32_1.1.0.202410251130/tools/bin/../lib/gcc/arm-none-eabi/12.3.1/../../../../arm-none-eabi/lib/thumb/v7e-m+fp/hard\libc_nano.a(libc_a-atoi.o) (_strtol_r)
C:/ST/STM32CubeIDE_1.17.0/STM32CubeIDE/plugins/com.st.stm32cube.ide.mcu.externaltools.gnu-tools-for-stm32.12.3.rel1.win32_1.1.0.202410251130/tools/bin/../lib/gcc/arm-none-eabi/12.3.1/../../../../arm-none-eabi/lib/thumb/v7e-m+fp/hard\libc_nano.a(libc_a-ctype_.o)
                              C:/ST/STM32CubeIDE_1.17.0/STM32CubeIDE/plugins/com.st.stm32cube.ide.mcu.externaltools.gnu-tools-for-stm32.12.3.rel1.win32_1.1.0.202410251130/tools/bin/../lib/gcc/arm-none-eabi/12.3.1/../../../../arm-none-eabi/lib/thumb/v7e-m+fp/hard\libc_nano.a(libc_a-strtol.o) (_ctype_)
C:/ST/STM32CubeIDE_1.17.0/STM32CubeIDE/plugins/com.st.stm32cube.ide.mcu.externaltools.gnu-tools-for-stm32.12.3.rel1.win32_1.1.0.202410251130/tools/bin/../lib/gcc/arm-none-eabi/12.3.1/../../../../arm-none-eabi/lib/thumb/v7e-m+fp/hard\libc_nano.a(libc_a-findfp.o)
                              C:/ST/STM32CubeIDE_1.17.0/STM32CubeIDE/plugins/com.st.stm32cube.ide.mcu.externaltools.gnu-tools-for-stm32.12.3.rel1.win32_1.1.0.202410251130/tools/bin/../lib/gcc/arm-none-eabi/12.3.1/../../../../arm-none-eabi/lib/thumb/v7e-m+fp/hard\libc_nano.a(libc_a-exit.o) (__stdio_exit_handler)
C:/ST/STM32CubeIDE_1.17.0/STM32CubeIDE/plugins/com.st.stm32cube.ide.mcu.externaltools.gnu-tools-for-stm32.12.3.rel1.win32_1.1.0.202410251130/tools/bin/../lib/gcc/arm-none-eabi/12.3.1/../../../../arm-none-eabi/lib/thumb/v7e-m+fp/hard\libc_nano.a(libc_a-fwalk.o)
                              C:/ST/STM32CubeIDE_1.17.0/STM32CubeIDE/plugins/com.st.stm32cube.ide.mcu.externaltools.gnu-tools-for-stm32.12.3.rel1.win32_1.1.0.202410251130/tools/bin/../lib/gcc/arm-none-eabi/12.3.1/../../../../arm-none-eabi/lib/thumb/v7e-m+fp/hard\libc_nano.a(libc_a-findfp.o) (_fwalk_sglue)
C:/ST/STM32CubeIDE_1.17.0/STM32CubeIDE/plugins/com.st.stm32cube.ide.mcu.externaltools.gnu-tools-for-stm32.12.3.rel1.win32_1.1.0.202410251130/tools/bin/../lib/gcc/arm-none-eabi/12.3.1/../../../../arm-none-eabi/lib/thumb/v7e-m+fp/hard\libc_nano.a(libc_a-printf.o)
[...]
Memory Configuration

Name             Origin             Length             Attributes
CCMRAM           0x10000000         0x00010000         xrw
RAM              0x20000000         0x00030000         xrw
FLASH            0x08000000         0x00200000         xr
*default*        0x00000000         0xffffffff

Linker script and memory map

LOAD C:/ST/STM32CubeIDE_1.17.0/STM32CubeIDE/plugins/com.st.stm32cube.ide.mcu.externaltools.gnu-tools-for-stm32.12.3.rel1.win32_1.1.0.202410251130/tools/bin/../lib/gcc/arm-none-eabi/12.3.1/thumb/v7e-m+fp/hard/crti.o
LOAD C:/ST/STM32CubeIDE_1.17.0/STM32CubeIDE/plugins/com.st.stm32cube.ide.mcu.externaltools.gnu-tools-for-stm32.12.3.rel1.win32_1.1.0.202410251130/tools/bin/../lib/gcc/arm-none-eabi/12.3.1/thumb/v7e-m+fp/hard/crtbegin.o
LOAD C:/ST/STM32CubeIDE_1.17.0/STM32CubeIDE/plugins/com.st.stm32cube.ide.mcu.externaltools.gnu-tools-for-stm32.12.3.rel1.win32_1.1.0.202410251130/tools/bin/../lib/gcc/arm-none-eabi/12.3.1/../../../../arm-none-eabi/lib/thumb/v7e-m+fp/hard/crt0.o
LOAD ./Core/Src/STLogo.o
LOAD ./Core/Src/XPT2046_touch.o
LOAD ./Core/Src/font12.o
LOAD ./Core/Src/font16.o
LOAD ./Core/Src/font20.o
LOAD ./Core/Src/font24.o
LOAD ./Core/Src/font8.o
LOAD ./Core/Src/ili9341.o
LOAD ./Core/Src/main.o
LOAD ./Core/Src/stm32f4xx_hal_msp.o
LOAD ./Core/Src/stm32f4xx_it.o
LOAD ./Core/Src/syscalls.o
LOAD ./Core/Src/sysmem.o
LOAD ./Core/Src/system_stm32f4xx.o
LOAD ./Core/Startup/startup_stm32f429vitx.o
LOAD ./Drivers/STM32F4xx_HAL_Driver/Src/stm32f4xx_hal.o
LOAD ./Drivers/STM32F4xx_HAL_Driver/Src/stm32f4xx_hal_cortex.o
LOAD ./Drivers/STM32F4xx_HAL_Driver/Src/stm32f4xx_hal_dma.o
LOAD ./Drivers/STM32F4xx_HAL_Driver/Src/stm32f4xx_hal_dma_ex.o
LOAD ./Drivers/STM32F4xx_HAL_Driver/Src/stm32f4xx_hal_exti.o
LOAD ./Drivers/STM32F4xx_HAL_Driver/Src/stm32f4xx_hal_flash.o
LOAD ./Drivers/STM32F4xx_HAL_Driver/Src/stm32f4xx_hal_flash_ex.o
LOAD ./Drivers/STM32F4xx_HAL_Driver/Src/stm32f4xx_hal_flash_ramfunc.o
LOAD ./Drivers/STM32F4xx_HAL_Driver/Src/stm32f4xx_hal_gpio.o
LOAD ./Drivers/STM32F4xx_HAL_Driver/Src/stm32f4xx_hal_hcd.o
LOAD ./Drivers/STM32F4xx_HAL_Driver/Src/stm32f4xx_hal_pwr.o
LOAD ./Drivers/STM32F4xx_HAL_Driver/Src/stm32f4xx_hal_pwr_ex.o
LOAD ./Drivers/STM32F4xx_HAL_Driver/Src/stm32f4xx_hal_rcc.o
LOAD ./Drivers/STM32F4xx_HAL_Driver/Src/stm32f4xx_hal_rcc_ex.o
LOAD ./Drivers/STM32F4xx_HAL_Driver/Src/stm32f4xx_hal_spi.o
LOAD ./Drivers/STM32F4xx_HAL_Driver/Src/stm32f4xx_hal_tim.o
LOAD ./Drivers/STM32F4xx_HAL_Driver/Src/stm32f4xx_hal_tim_ex.o
LOAD ./Drivers/STM32F4xx_HAL_Driver/Src/stm32f4xx_hal_uart.o
LOAD ./Drivers/STM32F4xx_HAL_Driver/Src/stm32f4xx_ll_usb.o
LOAD ./Middlewares/ST/STM32_USB_Host_Library/Class/HID/Src/usbh_hid.o
LOAD ./Middlewares/ST/STM32_USB_Host_Library/Class/HID/Src/usbh_hid_keybd.o
LOAD ./Middlewares/ST/STM32_USB_Host_Library/Class/HID/Src/usbh_hid_mouse.o
LOAD ./Middlewares/ST/STM32_USB_Host_Library/Class/HID/Src/usbh_hid_parser.o
LOAD ./Middlewares/ST/STM32_USB_Host_Library/Core/Src/usbh_core.o
LOAD ./Middlewares/ST/STM32_USB_Host_Library/Core/Src/usbh_ctlreq.o
LOAD ./Middlewares/ST/STM32_USB_Host_Library/Core/Src/usbh_ioreq.o
LOAD ./Middlewares/ST/STM32_USB_Host_Library/Core/Src/usbh_pipes.o
LOAD ./USB_HOST/App/usb_host.o
LOAD ./USB_HOST/Target/usbh_conf.o
LOAD ./USB_HOST/Target/usbh_platform.o
START GROUP
LOAD C:/ST/STM32CubeIDE_1.17.0/STM32CubeIDE/plugins/com.st.stm32cube.ide.mcu.externaltools.gnu-tools-for-stm32.12.3.rel1.win32_1.1.0.202410251130/tools/bin/../lib/gcc/arm-none-eabi/12.3.1/../../../../arm-none-eabi/lib/thumb/v7e-m+fp/hard\libc_nano.a
LOAD C:/ST/STM32CubeIDE_1.17.0/STM32CubeIDE/plugins/com.st.stm32cube.ide.mcu.externaltools.gnu-tools-for-stm32.12.3.rel1.win32_1.1.0.202410251130/tools/bin/../lib/gcc/arm-none-eabi/12.3.1/../../../../arm-none-eabi/lib/thumb/v7e-m+fp/hard\libm.a
END GROUP
START GROUP
LOAD C:/ST/STM32CubeIDE_1.17.0/STM32CubeIDE/plugins/com.st.stm32cube.ide.mcu.externaltools.gnu-tools-for-stm32.12.3.rel1.win32_1.1.0.202410251130/tools/bin/../lib/gcc/arm-none-eabi/12.3.1/thumb/v7e-m+fp/hard\libgcc.a
LOAD C:/ST/STM32CubeIDE_1.17.0/STM32CubeIDE/plugins/com.st.stm32cube.ide.mcu.externaltools.gnu-tools-for-stm32.12.3.rel1.win32_1.1.0.202410251130/tools/bin/../lib/gcc/arm-none-eabi/12.3.1/../../../../arm-none-eabi/lib/thumb/v7e-m+fp/hard\libc_nano.a
END GROUP
START GROUP
LOAD C:/ST/STM32CubeIDE_1.17.0/STM32CubeIDE/plugins/com.st.stm32cube.ide.mcu.externaltools.gnu-tools-for-stm32.12.3.rel1.win32_1.1.0.202410251130/tools/bin/../lib/gcc/arm-none-eabi/12.3.1/thumb/v7e-m+fp/hard\libgcc.a
LOAD C:/ST/STM32CubeIDE_1.17.0/STM32CubeIDE/plugins/com.st.stm32cube.ide.mcu.externaltools.gnu-tools-for-stm32.12.3.rel1.win32_1.1.0.202410251130/tools/bin/../lib/gcc/arm-none-eabi/12.3.1/../../../../arm-none-eabi/lib/thumb/v7e-m+fp/hard\libc_nano.a
LOAD C:/ST/STM32CubeIDE_1.17.0/STM32CubeIDE/plugins/com.st.stm32cube.ide.mcu.externaltools.gnu-tools-for-stm32.12.3.rel1.win32_1.1.0.202410251130/tools/bin/../lib/gcc/arm-none-eabi/12.3.1/../../../../arm-none-eabi/lib/thumb/v7e-m+fp/hard\libnosys.a
END GROUP
START GROUP
LOAD C:/ST/STM32CubeIDE_1.17.0/STM32CubeIDE/plugins/com.st.stm32cube.ide.mcu.externaltools.gnu-tools-for-stm32.12.3.rel1.win32_1.1.0.202410251130/tools/bin/../lib/gcc/arm-none-eabi/12.3.1/thumb/v7e-m+fp/hard\libgcc.a
LOAD C:/ST/STM32CubeIDE_1.17.0/STM32CubeIDE/plugins/com.st.stm32cube.ide.mcu.externaltools.gnu-tools-for-stm32.12.3.rel1.win32_1.1.0.202410251130/tools/bin/../lib/gcc/arm-none-eabi/12.3.1/../../../../arm-none-eabi/lib/thumb/v7e-m+fp/hard\libc_nano.a
LOAD C:/ST/STM32CubeIDE_1.17.0/STM32CubeIDE/plugins/com.st.stm32cube.ide.mcu.externaltools.gnu-tools-for-stm32.12.3.rel1.win32_1.1.0.202410251130/tools/bin/../lib/gcc/arm-none-eabi/12.3.1/../../../../arm-none-eabi/lib/thumb/v7e-m+fp/hard\libnosys.a
END GROUP
LOAD C:/ST/STM32CubeIDE_1.17.0/STM32CubeIDE/plugins/com.st.stm32cube.ide.mcu.externaltools.gnu-tools-for-stm32.12.3.rel1.win32_1.1.0.202410251130/tools/bin/../lib/gcc/arm-none-eabi/12.3.1/thumb/v7e-m+fp/hard/crtend.o
LOAD C:/ST/STM32CubeIDE_1.17.0/STM32CubeIDE/plugins/com.st.stm32cube.ide.mcu.externaltools.gnu-tools-for-stm32.12.3.rel1.win32_1.1.0.202410251130/tools/bin/../lib/gcc/arm-none-eabi/12.3.1/thumb/v7e-m+fp/hard/crtn.o
                0x20030000                        _estack = (ORIGIN (RAM) + LENGTH (RAM))
                0x00000200                        _Min_Heap_Size = 0x200
                0x00000400                        _Min_Stack_Size = 0x400

.isr_vector     0x08000000      0x1ac
                0x08000000                        . = ALIGN (0x4)
 *(.isr_vector)
 .isr_vector    0x08000000      0x1ac ./Core/Startup/startup_stm32f429vitx.o
                0x08000000                g_pfnVectors
                0x080001ac                        . = ALIGN (0x4)

.text           0x080001b0     0xfc90
                0x080001b0                        . = ALIGN (0x4)
 *(.text)
 .text          0x080001b0       0x40 C:/ST/STM32CubeIDE_1.17.0/STM32CubeIDE/plugins/com.st.stm32cube.ide.mcu.externaltools.gnu-tools-for-stm32.12.3.rel1.win32_1.1.0.202410251130/tools/bin/../lib/gcc/arm-none-eabi/12.3.1/thumb/v7e-m+fp/hard/crtbegin.o
 .text          0x080001f0       0x10 C:/ST/STM32CubeIDE_1.17.0/STM32CubeIDE/plugins/com.st.stm32cube.ide.mcu.externaltools.gnu-tools-for-stm32.12.3.rel1.win32_1.1.0.202410251130/tools/bin/../lib/gcc/arm-none-eabi/12.3.1/../../../../arm-none-eabi/lib/thumb/v7e-m+fp/hard\libc_nano.a(libc_a-strlen.o)
                0x080001f0                strlen
 .text          0x08000200       0xa0 C:/ST/STM32CubeIDE_1.17.0/STM32CubeIDE/plugins/com.st.stm32cube.ide.mcu.externaltools.gnu-tools-for-stm32.12.3.rel1.win32_1.1.0.202410251130/tools/bin/../lib/gcc/arm-none-eabi/12.3.1/../../../../arm-none-eabi/lib/thumb/v7e-m+fp/hard\libc_nano.a(libc_a-memchr.o)
                0x08000200                memchr
 .text          0x080002a0       0x30 C:/ST/STM32CubeIDE_1.17.0/STM32CubeIDE/plugins/com.st.stm32cube.ide.mcu.externaltools.gnu-tools-for-stm32.12.3.rel1.win32_1.1.0.202410251130/tools/bin/../lib/gcc/arm-none-eabi/12.3.1/thumb/v7e-m+fp/hard\libgcc.a(_aeabi_uldivmod.o)
                0x080002a0                __aeabi_uldivmod
 .text          0x080002d0      0x2bc C:/ST/STM32CubeIDE_1.17.0/STM32CubeIDE/plugins/com.st.stm32cube.ide.mcu.externaltools.gnu-tools-for-stm32.12.3.rel1.win32_1.1.0.202410251130/tools/bin/../lib/gcc/arm-none-eabi/12.3.1/thumb/v7e-m+fp/hard\libgcc.a(_udivmoddi4.o)
                0x080002d0                __udivmoddi4
 .text          0x0800058c        0x4 C:/ST/STM32CubeIDE_1.17.0/STM32CubeIDE/plugins/com.st.stm32cube.ide.mcu.externaltools.gnu-tools-for-stm32.12.3.rel1.win32_1.1.0.202410251130/tools/bin/../lib/gcc/arm-none-eabi/12.3.1/thumb/v7e-m+fp/hard\libgcc.a(_dvmd_tls.o)
                0x0800058c                __aeabi_idiv0
                0x0800058c                __aeabi_ldiv0
 *(.text*)
 .text.XPT2046_TouchSelect
                0x08000590       0x18 ./Core/Src/XPT2046_touch.o
 .text.XPT2046_TouchUnselect
                0x080005a8       0x18 ./Core/Src/XPT2046_touch.o
 .text.XPT2046_TouchPressed
                0x080005c0       0x20 ./Core/Src/XPT2046_touch.o
                0x080005c0                XPT2046_TouchPressed
 .text.XPT2046_TouchGetCoordinates
                0x080005e0      0x168 ./Core/Src/XPT2046_touch.o
                0x080005e0                XPT2046_TouchGetCoordinates
 .text.lcdInit  0x08000748      0x2e8 ./Core/Src/ili9341.o
                0x08000748                lcdInit
 .text.lcdFillRGB
                0x08000a30       0x54 ./Core/Src/ili9341.o
                0x08000a30                lcdFillRGB
 .text.lcdDrawPixel
                0x08000a84       0x48 ./Core/Src/ili9341.o
                0x08000a84                lcdDrawPixel
 .text.lcdDrawHLine
                0x08000acc       0x8c ./Core/Src/ili9341.o
                0x08000acc                lcdDrawHLine
 .text.lcdDrawVLine
                0x08000b58       0xa0 ./Core/Src/ili9341.o
                0x08000b58                lcdDrawVLine
 .text.lcdDrawRect
                0x08000bf8       0x92 ./Core/Src/ili9341.o
                0x08000bf8                lcdDrawRect
 *fill*         0x08000c8a        0x2 
 .text.lcdDrawChar
                0x08000c8c      0x154 ./Core/Src/ili9341.o
                0x08000c8c                lcdDrawChar
 .text.lcdPrintf
                0x08000de0      0x118 ./Core/Src/ili9341.o
                0x08000de0                lcdPrintf
 .text.lcdSetTextFont
                0x08000ef8       0x20 ./Core/Src/ili9341.o
                0x08000ef8                lcdSetTextFont
 .text.lcdSetTextColor
                0x08000f18       0x2c ./Core/Src/ili9341.o
                0x08000f18                lcdSetTextColor
 .text.lcdSetOrientation
                0x08000f44       0xd4 ./Core/Src/ili9341.o
                0x08000f44                lcdSetOrientation
 .text.lcdSetCursor
                0x08001018       0x34 ./Core/Src/ili9341.o
                0x08001018                lcdSetCursor
 .text.lcdSetWindow
                0x0800104c       0x98 ./Core/Src/ili9341.o
                0x0800104c                lcdSetWindow
 .text.lcdReset
                0x080010e4       0x14 ./Core/Src/ili9341.o
 .text.lcdWriteCommand
                0x080010f8       0x20 ./Core/Src/ili9341.o
 .text.lcdWriteData
                0x08001118       0x20 ./Core/Src/ili9341.o
 .text.lcdBuildMemoryAccessControlConfig
                0x08001138       0x82 ./Core/Src/ili9341.o
 .text.ITM_SendChar
                0x080011ba       0x4e ./Core/Src/main.o
 .text._write   0x08001208       0x38 ./Core/Src/main.o
                0x08001208                _write
 .text.USBH_HID_EventCallback
                0x08001240      0x154 ./Core/Src/main.o
                0x08001240                USBH_HID_EventCallback
 .text.main     0x08001394      0x21c ./Core/Src/main.o
                0x08001394                main
 .text.SystemClock_Config
                0x080015b0       0xd4 ./Core/Src/main.o
                0x080015b0                SystemClock_Config
 .text.MX_SPI1_Init
                0x08001684       0x70 ./Core/Src/main.o
 .text.MX_TIM2_Init
                0x080016f4       0x9c ./Core/Src/main.o
 .text.MX_TIM3_Init
                0x08001790       0xb0 ./Core/Src/main.o
 .text.MX_USART2_UART_Init
                0x08001840       0x54 ./Core/Src/main.o
 .text.MX_GPIO_Init
                0x08001894      0x194 ./Core/Src/main.o
 .text.DrawMainPage
                0x08001a28      0x3bc ./Core/Src/main.o
                0x08001a28                DrawMainPage
 .text.DrawInfoPage
                0x08001de4      0x198 ./Core/Src/main.o
                0x08001de4                DrawInfoPage
 .text.DrawConfirmationPage
                0x08001f7c       0xf0 ./Core/Src/main.o
                0x08001f7c                DrawConfirmationPage
 .text.DrawQueuePage
                0x0800206c      0x1d4 ./Core/Src/main.o
                0x0800206c                DrawQueuePage
 .text.DrawProgressPage
                0x08002240      0x5b4 ./Core/Src/main.o
                0x08002240                DrawProgressPage
 .text.DrawCountdownTime
                0x080027f4       0xc4 ./Core/Src/main.o
                0x080027f4                DrawCountdownTime
 .text.ConvertCharsToInt
                0x080028b8       0x42 ./Core/Src/main.o
                0x080028b8                ConvertCharsToInt
 *fill*         0x080028fa        0x2 
 .text.DrawProtocolInfoPage
                0x080028fc       0xac ./Core/Src/main.o
                0x080028fc                DrawProtocolInfoPage
 .text.DrawStopPage
                0x080029a8       0xc8 ./Core/Src/main.o
                0x080029a8                DrawStopPage
 .text.DrawPageFinish
                0x08002a70       0x84 ./Core/Src/main.o
                0x08002a70                DrawPageFinish
 .text.handleTouch
                0x08002af4      0x8d8 ./Core/Src/main.o
                0x08002af4                handleTouch
 .text.erase_sector
                0x080033cc       0x28 ./Core/Src/main.o
                0x080033cc                erase_sector
 .text.write_to_flash
                0x080033f4       0x52 ./Core/Src/main.o
                0x080033f4                write_to_flash
 .text.read_from_flash
                0x08003446       0x6a ./Core/Src/main.o
                0x08003446                read_from_flash
 .text.storeProtocol
                0x080034b0      0x33e ./Core/Src/main.o
                0x080034b0                storeProtocol
 .text.get_num_protocols_in_sector
                0x080037ee       0x4e ./Core/Src/main.o
                0x080037ee                get_num_protocols_in_sector
 .text.getFreeSector
                0x0800383c       0x64 ./Core/Src/main.o
                0x0800383c                getFreeSector
 .text.transmitProtocol
                0x080038a0       0xa8 ./Core/Src/main.o
                0x080038a0                transmitProtocol
 .text.queueProtocol
                0x08003948      0x100 ./Core/Src/main.o
                0x08003948                queueProtocol
 .text.transmitQueuedProtocols
                0x08003a48       0xa0 ./Core/Src/main.o
                0x08003a48                transmitQueuedProtocols
 .text.deleteProtocol
                0x08003ae8      0x2e6 ./Core/Src/main.o
                0x08003ae8                deleteProtocol
 *fill*         0x08003dce        0x2 
 .text.SendStopMotorsMessage
                0x08003dd0       0x28 ./Core/Src/main.o
                0x08003dd0                SendStopMotorsMessage
 .text.get_sector_address
                0x08003df8       0xd0 ./Core/Src/main.o
                0x08003df8                get_sector_address
 .text.sector_mapping
                0x08003ec8       0x94 ./Core/Src/main.o
                0x08003ec8                sector_mapping
 .text.HAL_GPIO_EXTI_Callback
                0x08003f5c       0x60 ./Core/Src/main.o
                0x08003f5c                HAL_GPIO_EXTI_Callback
 .text.Error_Handler
                0x08003fbc        0xc ./Core/Src/main.o
                0x08003fbc                Error_Handler
 .text.HAL_MspInit
                0x08003fc8       0x50 ./Core/Src/stm32f4xx_hal_msp.o
                0x08003fc8                HAL_MspInit
 .text.HAL_SPI_MspInit
                0x08004018       0x90 ./Core/Src/stm32f4xx_hal_msp.o
                0x08004018                HAL_SPI_MspInit
 .text.HAL_TIM_Base_MspInit
                0x080040a8       0x40 ./Core/Src/stm32f4xx_hal_msp.o
                0x080040a8                HAL_TIM_Base_MspInit
 .text.HAL_TIM_PWM_MspInit
                0x080040e8       0x44 ./Core/Src/stm32f4xx_hal_msp.o
                0x080040e8                HAL_TIM_PWM_MspInit
 .text.HAL_TIM_MspPostInit
                0x0800412c       0x74 ./Core/Src/stm32f4xx_hal_msp.o
                0x0800412c                HAL_TIM_MspPostInit
 .text.HAL_UART_MspInit
                0x080041a0       0xa0 ./Core/Src/stm32f4xx_hal_msp.o
                0x080041a0                HAL_UART_MspInit
 .text.NMI_Handler
                0x08004240        0x8 ./Core/Src/stm32f4xx_it.o
                0x08004240                NMI_Handler
 .text.HardFault_Handler
                0x08004248        0x8 ./Core/Src/stm32f4xx_it.o
                0x08004248                HardFault_Handler
 .text.MemManage_Handler
                0x08004250        0x8 ./Core/Src/stm32f4xx_it.o
                0x08004250                MemManage_Handler
 .text.BusFault_Handler
                0x08004258        0x8 ./Core/Src/stm32f4xx_it.o
                0x08004258                BusFault_Handler
 .text.UsageFault_Handler
                0x08004260        0x8 ./Core/Src/stm32f4xx_it.o
                0x08004260                UsageFault_Handler
 .text.SVC_Handler
                0x08004268        0xe ./Core/Src/stm32f4xx_it.o
                0x08004268                SVC_Handler
 .text.DebugMon_Handler
                0x08004276        0xe ./Core/Src/stm32f4xx_it.o
                0x08004276                DebugMon_Handler
 .text.PendSV_Handler
                0x08004284        0xe ./Core/Src/stm32f4xx_it.o
                0x08004284                PendSV_Handler
 .text.SysTick_Handler
                0x08004292        0xc ./Core/Src/stm32f4xx_it.o
                0x08004292                SysTick_Handler
 .text.EXTI4_IRQHandler
                0x0800429e        0xe ./Core/Src/stm32f4xx_it.o
                0x0800429e                EXTI4_IRQHandler
 .text.EXTI9_5_IRQHandler
                0x080042ac       0x10 ./Core/Src/stm32f4xx_it.o
                0x080042ac                EXTI9_5_IRQHandler
 .text.USART2_IRQHandler
                0x080042bc       0x14 ./Core/Src/stm32f4xx_it.o
                0x080042bc                USART2_IRQHandler
 .text.OTG_FS_IRQHandler
                0x080042d0       0x14 ./Core/Src/stm32f4xx_it.o
                0x080042d0                OTG_FS_IRQHandler
 .text._read    0x080042e4       0x3a ./Core/Src/syscalls.o
                0x080042e4                _read
 .text._close   0x0800431e       0x18 ./Core/Src/syscalls.o
                0x0800431e                _close
 .text._fstat   0x08004336       0x20 ./Core/Src/syscalls.o
                0x08004336                _fstat
 .text._isatty  0x08004356       0x16 ./Core/Src/syscalls.o
                0x08004356                _isatty
 .text._lseek   0x0800436c       0x1a ./Core/Src/syscalls.o
                0x0800436c                _lseek
 *fill*         0x08004386        0x2 
 .text._sbrk    0x08004388       0x6c ./Core/Src/sysmem.o
                0x08004388                _sbrk
 .text.SystemInit
                0x080043f4       0x24 ./Core/Src/system_stm32f4xx.o
                0x080043f4                SystemInit
 .text.Reset_Handler
                0x08004418       0x50 ./Core/Startup/startup_stm32f429vitx.o
                0x08004418                Reset_Handler
 .text.Default_Handler
                0x08004468        0x2 ./Core/Startup/startup_stm32f429vitx.o
                0x08004468                RTC_Alarm_IRQHandler
                0x08004468                HASH_RNG_IRQHandler
                0x08004468                EXTI2_IRQHandler
                0x08004468                TIM8_CC_IRQHandler
                0x08004468                UART8_IRQHandler
                0x08004468                SPI4_IRQHandler
                0x08004468                TIM1_CC_IRQHandler
                0x08004468                DMA2_Stream5_IRQHandler
                0x08004468                DMA1_Stream5_IRQHandler
                0x08004468                PVD_IRQHandler
                0x08004468                SDIO_IRQHandler
                0x08004468                TAMP_STAMP_IRQHandler
                0x08004468                CAN2_RX1_IRQHandler
                0x08004468                EXTI3_IRQHandler
                0x08004468                TIM8_TRG_COM_TIM14_IRQHandler
                0x08004468                TIM1_UP_TIM10_IRQHandler
                0x08004468                TIM8_UP_TIM13_IRQHandler
                0x08004468                I2C3_ER_IRQHandler
                0x08004468                EXTI0_IRQHandler
                0x08004468                I2C2_EV_IRQHandler
                0x08004468                DMA1_Stream2_IRQHandler
                0x08004468                CAN1_RX0_IRQHandler
                0x08004468                FPU_IRQHandler
                0x08004468                OTG_HS_WKUP_IRQHandler
                0x08004468                LTDC_ER_IRQHandler
                0x08004468                CAN2_SCE_IRQHandler
                0x08004468                DMA2_Stream2_IRQHandler
                0x08004468                SPI1_IRQHandler
                0x08004468                TIM6_DAC_IRQHandler
                0x08004468                TIM1_BRK_TIM9_IRQHandler
                0x08004468                DCMI_IRQHandler
                0x08004468                CAN2_RX0_IRQHandler
                0x08004468                DMA2_Stream3_IRQHandler
                0x08004468                USART6_IRQHandler
                0x08004468                USART3_IRQHandler
                0x08004468                CAN1_RX1_IRQHandler
                0x08004468                UART5_IRQHandler
                0x08004468                DMA2_Stream0_IRQHandler
                0x08004468                TIM4_IRQHandler
                0x08004468                I2C1_EV_IRQHandler
                0x08004468                DMA1_Stream6_IRQHandler
                0x08004468                DMA1_Stream1_IRQHandler
                0x08004468                UART4_IRQHandler
                0x08004468                TIM3_IRQHandler
                0x08004468                RCC_IRQHandler
                0x08004468                TIM8_BRK_TIM12_IRQHandler
                0x08004468                Default_Handler
                0x08004468                EXTI15_10_IRQHandler
                0x08004468                ADC_IRQHandler
                0x08004468                DMA1_Stream7_IRQHandler
                0x08004468                SPI5_IRQHandler
                0x08004468                TIM7_IRQHandler
                0x08004468                CAN2_TX_IRQHandler
                0x08004468                TIM5_IRQHandler
                0x08004468                DMA2_Stream7_IRQHandler
                0x08004468                I2C3_EV_IRQHandler
                0x08004468                RTC_WKUP_IRQHandler
                0x08004468                LTDC_IRQHandler
                0x08004468                ETH_WKUP_IRQHandler
                0x08004468                SPI2_IRQHandler
                0x08004468                OTG_HS_EP1_IN_IRQHandler
                0x08004468                DMA1_Stream0_IRQHandler
                0x08004468                CAN1_TX_IRQHandler
                0x08004468                ETH_IRQHandler
                0x08004468                OTG_HS_EP1_OUT_IRQHandler
                0x08004468                WWDG_IRQHandler
                0x08004468                SPI6_IRQHandler
                0x08004468                TIM2_IRQHandler
                0x08004468                OTG_FS_WKUP_IRQHandler
                0x08004468                TIM1_TRG_COM_TIM11_IRQHandler
                0x08004468                OTG_HS_IRQHandler
                0x08004468                DMA2D_IRQHandler
                0x08004468                EXTI1_IRQHandler
                0x08004468                UART7_IRQHandler
                0x08004468                I2C2_ER_IRQHandler
                0x08004468                DMA2_Stream1_IRQHandler
                0x08004468                CAN1_SCE_IRQHandler
                0x08004468                FLASH_IRQHandler
                0x08004468                DMA2_Stream4_IRQHandler
                0x08004468                USART1_IRQHandler
                0x08004468                SPI3_IRQHandler
                0x08004468                DMA1_Stream4_IRQHandler
                0x08004468                I2C1_ER_IRQHandler
                0x08004468                FMC_IRQHandler
                0x08004468                DMA2_Stream6_IRQHandler
                0x08004468                SAI1_IRQHandler
                0x08004468                DMA1_Stream3_IRQHandler
 *fill*         0x0800446a        0x2 
 .text.HAL_Init
                0x0800446c       0x44 ./Drivers/STM32F4xx_HAL_Driver/Src/stm32f4xx_hal.o
                0x0800446c                HAL_Init
 .text.HAL_InitTick
                0x080044b0       0x60 ./Drivers/STM32F4xx_HAL_Driver/Src/stm32f4xx_hal.o
                0x080044b0                HAL_InitTick
 .text.HAL_IncTick
                0x08004510       0x28 ./Drivers/STM32F4xx_HAL_Driver/Src/stm32f4xx_hal.o
                0x08004510                HAL_IncTick
 .text.HAL_GetTick
                0x08004538       0x18 ./Drivers/STM32F4xx_HAL_Driver/Src/stm32f4xx_hal.o
                0x08004538                HAL_GetTick
 .text.HAL_Delay
                0x08004550       0x48 ./Drivers/STM32F4xx_HAL_Driver/Src/stm32f4xx_hal.o
                0x08004550                HAL_Delay
 .text.__NVIC_SetPriorityGrouping
                0x08004598       0x48 ./Drivers/STM32F4xx_HAL_Driver/Src/stm32f4xx_hal_cortex.o
 .text.__NVIC_GetPriorityGrouping
                0x080045e0       0x1c ./Drivers/STM32F4xx_HAL_Driver/Src/stm32f4xx_hal_cortex.o
 .text.__NVIC_EnableIRQ
                0x080045fc       0x3c ./Drivers/STM32F4xx_HAL_Driver/Src/stm32f4xx_hal_cortex.o
 .text.__NVIC_SetPriority
                0x08004638       0x54 ./Drivers/STM32F4xx_HAL_Driver/Src/stm32f4xx_hal_cortex.o
 .text.NVIC_EncodePriority
                0x0800468c       0x66 ./Drivers/STM32F4xx_HAL_Driver/Src/stm32f4xx_hal_cortex.o
 *fill*         0x080046f2        0x2 
 .text.SysTick_Config
                0x080046f4       0x44 ./Drivers/STM32F4xx_HAL_Driver/Src/stm32f4xx_hal_cortex.o
 .text.HAL_NVIC_SetPriorityGrouping
                0x08004738       0x16 ./Drivers/STM32F4xx_HAL_Driver/Src/stm32f4xx_hal_cortex.o
                0x08004738                HAL_NVIC_SetPriorityGrouping
 .text.HAL_NVIC_SetPriority
                0x0800474e       0x38 ./Drivers/STM32F4xx_HAL_Driver/Src/stm32f4xx_hal_cortex.o
                0x0800474e                HAL_NVIC_SetPriority
 .text.HAL_NVIC_EnableIRQ
                0x08004786       0x1c ./Drivers/STM32F4xx_HAL_Driver/Src/stm32f4xx_hal_cortex.o
                0x08004786                HAL_NVIC_EnableIRQ
 .text.HAL_SYSTICK_Config
                0x080047a2       0x18 ./Drivers/STM32F4xx_HAL_Driver/Src/stm32f4xx_hal_cortex.o
                0x080047a2                HAL_SYSTICK_Config
 .text.HAL_DMA_Abort
                0x080047ba       0xe0 ./Drivers/STM32F4xx_HAL_Driver/Src/stm32f4xx_hal_dma.o
                0x080047ba                HAL_DMA_Abort
 .text.HAL_DMA_Abort_IT
                0x0800489a       0x44 ./Drivers/STM32F4xx_HAL_Driver/Src/stm32f4xx_hal_dma.o
                0x0800489a                HAL_DMA_Abort_IT
 *fill*         0x080048de        0x2 
 .text.HAL_FLASH_Program
                0x080048e0       0xa8 ./Drivers/STM32F4xx_HAL_Driver/Src/stm32f4xx_hal_flash.o
                0x080048e0                HAL_FLASH_Program
 .text.HAL_FLASH_Unlock
                0x08004988       0x44 ./Drivers/STM32F4xx_HAL_Driver/Src/stm32f4xx_hal_flash.o
                0x08004988                HAL_FLASH_Unlock
 .text.HAL_FLASH_Lock
                0x080049cc       0x20 ./Drivers/STM32F4xx_HAL_Driver/Src/stm32f4xx_hal_flash.o
                0x080049cc                HAL_FLASH_Lock
 .text.FLASH_WaitForLastOperation
                0x080049ec       0x80 ./Drivers/STM32F4xx_HAL_Driver/Src/stm32f4xx_hal_flash.o
                0x080049ec                FLASH_WaitForLastOperation
 .text.FLASH_Program_DoubleWord
                0x08004a6c       0x64 ./Drivers/STM32F4xx_HAL_Driver/Src/stm32f4xx_hal_flash.o
 .text.FLASH_Program_Word
                0x08004ad0       0x44 ./Drivers/STM32F4xx_HAL_Driver/Src/stm32f4xx_hal_flash.o
 .text.FLASH_Program_HalfWord
                0x08004b14       0x48 ./Drivers/STM32F4xx_HAL_Driver/Src/stm32f4xx_hal_flash.o
 .text.FLASH_Program_Byte
                0x08004b5c       0x44 ./Drivers/STM32F4xx_HAL_Driver/Src/stm32f4xx_hal_flash.o
 .text.FLASH_SetErrorCode
                0x08004ba0       0xcc ./Drivers/STM32F4xx_HAL_Driver/Src/stm32f4xx_hal_flash.o
 .text.FLASH_Erase_Sector
                0x08004c6c       0x9c ./Drivers/STM32F4xx_HAL_Driver/Src/stm32f4xx_hal_flash_ex.o
                0x08004c6c                FLASH_Erase_Sector
 .text.HAL_GPIO_Init
                0x08004d08      0x358 ./Drivers/STM32F4xx_HAL_Driver/Src/stm32f4xx_hal_gpio.o
                0x08004d08                HAL_GPIO_Init
 .text.HAL_GPIO_ReadPin
                0x08005060       0x30 ./Drivers/STM32F4xx_HAL_Driver/Src/stm32f4xx_hal_gpio.o
                0x08005060                HAL_GPIO_ReadPin
 .text.HAL_GPIO_WritePin
                0x08005090       0x32 ./Drivers/STM32F4xx_HAL_Driver/Src/stm32f4xx_hal_gpio.o
                0x08005090                HAL_GPIO_WritePin
 *fill*         0x080050c2        0x2 
 .text.HAL_GPIO_EXTI_IRQHandler
                0x080050c4       0x30 ./Drivers/STM32F4xx_HAL_Driver/Src/stm32f4xx_hal_gpio.o
                0x080050c4                HAL_GPIO_EXTI_IRQHandler
 .text.HAL_HCD_Init
                0x080050f4       0xce ./Drivers/STM32F4xx_HAL_Driver/Src/stm32f4xx_hal_hcd.o
                0x080050f4                HAL_HCD_Init
 .text.HAL_HCD_HC_Init
                0x080051c2      0x170 ./Drivers/STM32F4xx_HAL_Driver/Src/stm32f4xx_hal_hcd.o
                0x080051c2                HAL_HCD_HC_Init
 .text.HAL_HCD_HC_Halt
                0x08005332       0x46 ./Drivers/STM32F4xx_HAL_Driver/Src/stm32f4xx_hal_hcd.o
                0x08005332                HAL_HCD_HC_Halt
 .text.HAL_HCD_HC_SubmitRequest
                0x08005378      0x33c ./Drivers/STM32F4xx_HAL_Driver/Src/stm32f4xx_hal_hcd.o
                0x08005378                HAL_HCD_HC_SubmitRequest
 .text.HAL_HCD_IRQHandler
                0x080056b4      0x220 ./Drivers/STM32F4xx_HAL_Driver/Src/stm32f4xx_hal_hcd.o
                0x080056b4                HAL_HCD_IRQHandler
 .text.HAL_HCD_Start
                0x080058d4       0x46 ./Drivers/STM32F4xx_HAL_Driver/Src/stm32f4xx_hal_hcd.o
                0x080058d4                HAL_HCD_Start
 .text.HAL_HCD_Stop
                0x0800591a       0x3a ./Drivers/STM32F4xx_HAL_Driver/Src/stm32f4xx_hal_hcd.o
                0x0800591a                HAL_HCD_Stop
 .text.HAL_HCD_ResetPort
                0x08005954       0x1c ./Drivers/STM32F4xx_HAL_Driver/Src/stm32f4xx_hal_hcd.o
                0x08005954                HAL_HCD_ResetPort
 .text.HAL_HCD_HC_GetURBState
                0x08005970       0x2a ./Drivers/STM32F4xx_HAL_Driver/Src/stm32f4xx_hal_hcd.o
                0x08005970                HAL_HCD_HC_GetURBState
 .text.HAL_HCD_HC_GetXferCount
                0x0800599a       0x2a ./Drivers/STM32F4xx_HAL_Driver/Src/stm32f4xx_hal_hcd.o
                0x0800599a                HAL_HCD_HC_GetXferCount
 .text.HAL_HCD_GetCurrentFrame
                0x080059c4       0x1c ./Drivers/STM32F4xx_HAL_Driver/Src/stm32f4xx_hal_hcd.o
                0x080059c4                HAL_HCD_GetCurrentFrame
 .text.HAL_HCD_GetCurrentSpeed
                0x080059e0       0x1c ./Drivers/STM32F4xx_HAL_Driver/Src/stm32f4xx_hal_hcd.o
                0x080059e0                HAL_HCD_GetCurrentSpeed
 .text.HAL_HCD_HC_ClearHubInfo
                0x080059fc       0x6a ./Drivers/STM32F4xx_HAL_Driver/Src/stm32f4xx_hal_hcd.o
                0x080059fc                HAL_HCD_HC_ClearHubInfo
 .text.HCD_HC_IN_IRQHandler
                0x08005a66      0xcd2 ./Drivers/STM32F4xx_HAL_Driver/Src/stm32f4xx_hal_hcd.o
 .text.HCD_HC_OUT_IRQHandler
                0x08006738      0x97e ./Drivers/STM32F4xx_HAL_Driver/Src/stm32f4xx_hal_hcd.o
 .text.HCD_RXQLVL_IRQHandler
                0x080070b6      0x1be ./Drivers/STM32F4xx_HAL_Driver/Src/stm32f4xx_hal_hcd.o
 .text.HCD_Port_IRQHandler
                0x08007274       0xe6 ./Drivers/STM32F4xx_HAL_Driver/Src/stm32f4xx_hal_hcd.o
 *fill*         0x0800735a        0x2 
 .text.HAL_RCC_OscConfig
                0x0800735c      0x4f0 ./Drivers/STM32F4xx_HAL_Driver/Src/stm32f4xx_hal_rcc.o
                0x0800735c                HAL_RCC_OscConfig
 .text.HAL_RCC_ClockConfig
                0x0800784c      0x1cc ./Drivers/STM32F4xx_HAL_Driver/Src/stm32f4xx_hal_rcc.o
                0x0800784c                HAL_RCC_ClockConfig
 .text.HAL_RCC_GetSysClockFreq
                0x08007a18      0x208 ./Drivers/STM32F4xx_HAL_Driver/Src/stm32f4xx_hal_rcc.o
                0x08007a18                HAL_RCC_GetSysClockFreq
 .text.HAL_RCC_GetHCLKFreq
                0x08007c20       0x18 ./Drivers/STM32F4xx_HAL_Driver/Src/stm32f4xx_hal_rcc.o
                0x08007c20                HAL_RCC_GetHCLKFreq
 .text.HAL_RCC_GetPCLK1Freq
                0x08007c38       0x28 ./Drivers/STM32F4xx_HAL_Driver/Src/stm32f4xx_hal_rcc.o
                0x08007c38                HAL_RCC_GetPCLK1Freq
 .text.HAL_RCC_GetPCLK2Freq
                0x08007c60       0x28 ./Drivers/STM32F4xx_HAL_Driver/Src/stm32f4xx_hal_rcc.o
                0x08007c60                HAL_RCC_GetPCLK2Freq
 .text.HAL_SPI_Init
                0x08007c88      0x112 ./Drivers/STM32F4xx_HAL_Driver/Src/stm32f4xx_hal_spi.o
                0x08007c88                HAL_SPI_Init
 .text.HAL_SPI_Transmit
                0x08007d9a      0x288 ./Drivers/STM32F4xx_HAL_Driver/Src/stm32f4xx_hal_spi.o
                0x08007d9a                HAL_SPI_Transmit
 .text.HAL_SPI_TransmitReceive
                0x08008022      0x352 ./Drivers/STM32F4xx_HAL_Driver/Src/stm32f4xx_hal_spi.o
                0x08008022                HAL_SPI_TransmitReceive
 .text.SPI_WaitFlagStateUntilTimeout
                0x08008374      0x110 ./Drivers/STM32F4xx_HAL_Driver/Src/stm32f4xx_hal_spi.o
 .text.SPI_EndRxTxTransaction
                0x08008484       0xa8 ./Drivers/STM32F4xx_HAL_Driver/Src/stm32f4xx_hal_spi.o
 .text.HAL_TIM_Base_Init
                0x0800852c       0x9e ./Drivers/STM32F4xx_HAL_Driver/Src/stm32f4xx_hal_tim.o
                0x0800852c                HAL_TIM_Base_Init
 *fill*         0x080085ca        0x2 
 .text.HAL_TIM_Base_Start_IT
                0x080085cc       0xe0 ./Drivers/STM32F4xx_HAL_Driver/Src/stm32f4xx_hal_tim.o
                0x080085cc                HAL_TIM_Base_Start_IT
 .text.HAL_TIM_Base_Stop_IT
                0x080086ac       0x5e ./Drivers/STM32F4xx_HAL_Driver/Src/stm32f4xx_hal_tim.o
                0x080086ac                HAL_TIM_Base_Stop_IT
 .text.HAL_TIM_PWM_Init
                0x0800870a       0x9e ./Drivers/STM32F4xx_HAL_Driver/Src/stm32f4xx_hal_tim.o
                0x0800870a                HAL_TIM_PWM_Init
 .text.HAL_TIM_PWM_Start
                0x080087a8      0x190 ./Drivers/STM32F4xx_HAL_Driver/Src/stm32f4xx_hal_tim.o
                0x080087a8                HAL_TIM_PWM_Start
 .text.HAL_TIM_PWM_ConfigChannel
                0x08008938      0x184 ./Drivers/STM32F4xx_HAL_Driver/Src/stm32f4xx_hal_tim.o
                0x08008938                HAL_TIM_PWM_ConfigChannel
 .text.HAL_TIM_ConfigClockSource
                0x08008abc      0x18e ./Drivers/STM32F4xx_HAL_Driver/Src/stm32f4xx_hal_tim.o
                0x08008abc                HAL_TIM_ConfigClockSource
 *fill*         0x08008c4a        0x2 
 .text.TIM_Base_SetConfig
                0x08008c4c      0x158 ./Drivers/STM32F4xx_HAL_Driver/Src/stm32f4xx_hal_tim.o
                0x08008c4c                TIM_Base_SetConfig
 .text.TIM_OC1_SetConfig
                0x08008da4       0xe0 ./Drivers/STM32F4xx_HAL_Driver/Src/stm32f4xx_hal_tim.o
 .text.TIM_OC2_SetConfig
                0x08008e84       0xec ./Drivers/STM32F4xx_HAL_Driver/Src/stm32f4xx_hal_tim.o
                0x08008e84                TIM_OC2_SetConfig
 .text.TIM_OC3_SetConfig
                0x08008f70       0xe8 ./Drivers/STM32F4xx_HAL_Driver/Src/stm32f4xx_hal_tim.o
 .text.TIM_OC4_SetConfig
                0x08009058       0xac ./Drivers/STM32F4xx_HAL_Driver/Src/stm32f4xx_hal_tim.o
 .text.TIM_TI1_ConfigInputStage
                0x08009104       0x5e ./Drivers/STM32F4xx_HAL_Driver/Src/stm32f4xx_hal_tim.o
 .text.TIM_TI2_ConfigInputStage
                0x08009162       0x60 ./Drivers/STM32F4xx_HAL_Driver/Src/stm32f4xx_hal_tim.o
 .text.TIM_ITRx_SetConfig
                0x080091c2       0x36 ./Drivers/STM32F4xx_HAL_Driver/Src/stm32f4xx_hal_tim.o
 .text.TIM_ETR_SetConfig
                0x080091f8       0x40 ./Drivers/STM32F4xx_HAL_Driver/Src/stm32f4xx_hal_tim.o
                0x080091f8                TIM_ETR_SetConfig
 .text.TIM_CCxChannelCmd
                0x08009238       0x4a ./Drivers/STM32F4xx_HAL_Driver/Src/stm32f4xx_hal_tim.o
                0x08009238                TIM_CCxChannelCmd
 *fill*         0x08009282        0x2 
 .text.HAL_TIMEx_MasterConfigSynchronization
                0x08009284       0xf8 ./Drivers/STM32F4xx_HAL_Driver/Src/stm32f4xx_hal_tim_ex.o
                0x08009284                HAL_TIMEx_MasterConfigSynchronization
 .text.HAL_UART_Init
                0x0800937c       0xa0 ./Drivers/STM32F4xx_HAL_Driver/Src/stm32f4xx_hal_uart.o
                0x0800937c                HAL_UART_Init
 .text.HAL_UART_Transmit
                0x0800941c      0x116 ./Drivers/STM32F4xx_HAL_Driver/Src/stm32f4xx_hal_uart.o
                0x0800941c                HAL_UART_Transmit
 .text.HAL_UART_Receive
                0x08009532      0x12e ./Drivers/STM32F4xx_HAL_Driver/Src/stm32f4xx_hal_uart.o
                0x08009532                HAL_UART_Receive
 .text.HAL_UART_IRQHandler
                0x08009660      0x524 ./Drivers/STM32F4xx_HAL_Driver/Src/stm32f4xx_hal_uart.o
                0x08009660                HAL_UART_IRQHandler
 .text.HAL_UART_TxCpltCallback
                0x08009b84       0x14 ./Drivers/STM32F4xx_HAL_Driver/Src/stm32f4xx_hal_uart.o
                0x08009b84                HAL_UART_TxCpltCallback
 .text.HAL_UART_RxCpltCallback
                0x08009b98       0x14 ./Drivers/STM32F4xx_HAL_Driver/Src/stm32f4xx_hal_uart.o
                0x08009b98                HAL_UART_RxCpltCallback
 .text.HAL_UART_ErrorCallback
                0x08009bac       0x14 ./Drivers/STM32F4xx_HAL_Driver/Src/stm32f4xx_hal_uart.o
                0x08009bac                HAL_UART_ErrorCallback
 .text.HAL_UARTEx_RxEventCallback
                0x08009bc0       0x18 ./Drivers/STM32F4xx_HAL_Driver/Src/stm32f4xx_hal_uart.o
                0x08009bc0                HAL_UARTEx_RxEventCallback
 .text.UART_WaitOnFlagUntilTimeout
                0x08009bd8       0xb2 ./Drivers/STM32F4xx_HAL_Driver/Src/stm32f4xx_hal_uart.o
 .text.UART_EndRxTransfer
                0x08009c8a       0xc6 ./Drivers/STM32F4xx_HAL_Driver/Src/stm32f4xx_hal_uart.o
 .text.UART_DMAAbortOnError
                0x08009d50       0x28 ./Drivers/STM32F4xx_HAL_Driver/Src/stm32f4xx_hal_uart.o
 .text.UART_Transmit_IT
                0x08009d78       0xa0 ./Drivers/STM32F4xx_HAL_Driver/Src/stm32f4xx_hal_uart.o
 .text.UART_EndTransmit_IT
                0x08009e18       0x30 ./Drivers/STM32F4xx_HAL_Driver/Src/stm32f4xx_hal_uart.o
 .text.UART_Receive_IT
                0x08009e48      0x17c ./Drivers/STM32F4xx_HAL_Driver/Src/stm32f4xx_hal_uart.o
 .text.UART_SetConfig
                0x08009fc4      0x4e8 ./Drivers/STM32F4xx_HAL_Driver/Src/stm32f4xx_hal_uart.o
 .text.USB_CoreInit
                0x0800a4ac       0xc8 ./Drivers/STM32F4xx_HAL_Driver/Src/stm32f4xx_ll_usb.o
                0x0800a4ac                USB_CoreInit
 .text.USB_EnableGlobalInt
                0x0800a574       0x22 ./Drivers/STM32F4xx_HAL_Driver/Src/stm32f4xx_ll_usb.o
                0x0800a574                USB_EnableGlobalInt
 .text.USB_DisableGlobalInt
                0x0800a596       0x22 ./Drivers/STM32F4xx_HAL_Driver/Src/stm32f4xx_ll_usb.o
                0x0800a596                USB_DisableGlobalInt
 .text.USB_SetCurrentMode
                0x0800a5b8       0x98 ./Drivers/STM32F4xx_HAL_Driver/Src/stm32f4xx_ll_usb.o
                0x0800a5b8                USB_SetCurrentMode
 .text.USB_FlushTxFifo
                0x0800a650       0x64 ./Drivers/STM32F4xx_HAL_Driver/Src/stm32f4xx_ll_usb.o
                0x0800a650                USB_FlushTxFifo
 .text.USB_FlushRxFifo
                0x0800a6b4       0x5c ./Drivers/STM32F4xx_HAL_Driver/Src/stm32f4xx_ll_usb.o
                0x0800a6b4                USB_FlushRxFifo
 .text.USB_WritePacket
                0x0800a710       0x7c ./Drivers/STM32F4xx_HAL_Driver/Src/stm32f4xx_ll_usb.o
                0x0800a710                USB_WritePacket
 .text.USB_ReadPacket
                0x0800a78c       0xb0 ./Drivers/STM32F4xx_HAL_Driver/Src/stm32f4xx_ll_usb.o
                0x0800a78c                USB_ReadPacket
 .text.USB_ReadInterrupts
                0x0800a83c       0x26 ./Drivers/STM32F4xx_HAL_Driver/Src/stm32f4xx_ll_usb.o
                0x0800a83c                USB_ReadInterrupts
 .text.USB_ReadChInterrupts
                0x0800a862       0x42 ./Drivers/STM32F4xx_HAL_Driver/Src/stm32f4xx_ll_usb.o
                0x0800a862                USB_ReadChInterrupts
 .text.USB_GetMode
                0x0800a8a4       0x1c ./Drivers/STM32F4xx_HAL_Driver/Src/stm32f4xx_ll_usb.o
                0x0800a8a4                USB_GetMode
 .text.USB_CoreReset
                0x0800a8c0       0x62 ./Drivers/STM32F4xx_HAL_Driver/Src/stm32f4xx_ll_usb.o
 *fill*         0x0800a922        0x2 
 .text.USB_HostInit
                0x0800a924      0x188 ./Drivers/STM32F4xx_HAL_Driver/Src/stm32f4xx_ll_usb.o
                0x0800a924                USB_HostInit
 .text.USB_InitFSLSPClkSel
                0x0800aaac       0x7a ./Drivers/STM32F4xx_HAL_Driver/Src/stm32f4xx_ll_usb.o
                0x0800aaac                USB_InitFSLSPClkSel
 .text.USB_ResetPort
                0x0800ab26       0x54 ./Drivers/STM32F4xx_HAL_Driver/Src/stm32f4xx_ll_usb.o
                0x0800ab26                USB_ResetPort
 .text.USB_DriveVbus
                0x0800ab7a       0x72 ./Drivers/STM32F4xx_HAL_Driver/Src/stm32f4xx_ll_usb.o
                0x0800ab7a                USB_DriveVbus
 .text.USB_GetHostSpeed
                0x0800abec       0x2e ./Drivers/STM32F4xx_HAL_Driver/Src/stm32f4xx_ll_usb.o
                0x0800abec                USB_GetHostSpeed
 .text.USB_GetCurrentFrame
                0x0800ac1a       0x22 ./Drivers/STM32F4xx_HAL_Driver/Src/stm32f4xx_ll_usb.o
                0x0800ac1a                USB_GetCurrentFrame
 .text.USB_HC_Init
                0x0800ac3c      0x258 ./Drivers/STM32F4xx_HAL_Driver/Src/stm32f4xx_ll_usb.o
                0x0800ac3c                USB_HC_Init
 .text.USB_HC_StartXfer
                0x0800ae94      0x4f4 ./Drivers/STM32F4xx_HAL_Driver/Src/stm32f4xx_ll_usb.o
                0x0800ae94                USB_HC_StartXfer
 .text.USB_HC_ReadInterrupt
                0x0800b388       0x22 ./Drivers/STM32F4xx_HAL_Driver/Src/stm32f4xx_ll_usb.o
                0x0800b388                USB_HC_ReadInterrupt
 .text.USB_HC_Halt
                0x0800b3aa      0x240 ./Drivers/STM32F4xx_HAL_Driver/Src/stm32f4xx_ll_usb.o
                0x0800b3aa                USB_HC_Halt
 *fill*         0x0800b5ea        0x2 
 .text.USB_DoPing
                0x0800b5ec       0x78 ./Drivers/STM32F4xx_HAL_Driver/Src/stm32f4xx_ll_usb.o
                0x0800b5ec                USB_DoPing
 .text.USB_StopHost
                0x0800b664      0x124 ./Drivers/STM32F4xx_HAL_Driver/Src/stm32f4xx_ll_usb.o
                0x0800b664                USB_StopHost
 .text.USBH_HID_InterfaceInit
                0x0800b788      0x2f4 ./Middlewares/ST/STM32_USB_Host_Library/Class/HID/Src/usbh_hid.o
 .text.USBH_HID_InterfaceDeInit
                0x0800ba7c       0x8c ./Middlewares/ST/STM32_USB_Host_Library/Class/HID/Src/usbh_hid.o
 .text.USBH_HID_ClassRequest
                0x0800bb08      0x12c ./Middlewares/ST/STM32_USB_Host_Library/Class/HID/Src/usbh_hid.o
 .text.USBH_HID_Process
                0x0800bc34      0x1c0 ./Middlewares/ST/STM32_USB_Host_Library/Class/HID/Src/usbh_hid.o
 .text.USBH_HID_SOFProcess
                0x0800bdf4       0x42 ./Middlewares/ST/STM32_USB_Host_Library/Class/HID/Src/usbh_hid.o
 *fill*         0x0800be36        0x2 
 .text.USBH_HID_GetHIDReportDescriptor
                0x0800be38       0x5c ./Middlewares/ST/STM32_USB_Host_Library/Class/HID/Src/usbh_hid.o
                0x0800be38                USBH_HID_GetHIDReportDescriptor
 .text.USBH_HID_SetIdle
                0x0800be94       0x50 ./Middlewares/ST/STM32_USB_Host_Library/Class/HID/Src/usbh_hid.o
                0x0800be94                USBH_HID_SetIdle
 .text.USBH_HID_GetReport
                0x0800bee4       0x58 ./Middlewares/ST/STM32_USB_Host_Library/Class/HID/Src/usbh_hid.o
                0x0800bee4                USBH_HID_GetReport
 .text.USBH_HID_SetProtocol
                0x0800bf3c       0x4c ./Middlewares/ST/STM32_USB_Host_Library/Class/HID/Src/usbh_hid.o
                0x0800bf3c                USBH_HID_SetProtocol
 .text.USBH_HID_ParseHIDDesc
                0x0800bf88       0xb6 ./Middlewares/ST/STM32_USB_Host_Library/Class/HID/Src/usbh_hid.o
 .text.USBH_HID_FifoInit
                0x0800c03e       0x38 ./Middlewares/ST/STM32_USB_Host_Library/Class/HID/Src/usbh_hid.o
                0x0800c03e                USBH_HID_FifoInit
 .text.USBH_HID_FifoRead
                0x0800c076       0x92 ./Middlewares/ST/STM32_USB_Host_Library/Class/HID/Src/usbh_hid.o
                0x0800c076                USBH_HID_FifoRead
 .text.USBH_HID_FifoWrite
                0x0800c108       0xa8 ./Middlewares/ST/STM32_USB_Host_Library/Class/HID/Src/usbh_hid.o
                0x0800c108                USBH_HID_FifoWrite
 .text.USBH_HID_KeybdInit
                0x0800c1b0       0xa8 ./Middlewares/ST/STM32_USB_Host_Library/Class/HID/Src/usbh_hid_keybd.o
                0x0800c1b0                USBH_HID_KeybdInit
 .text.USBH_HID_GetKeybdInfo
                0x0800c258       0x28 ./Middlewares/ST/STM32_USB_Host_Library/Class/HID/Src/usbh_hid_keybd.o
                0x0800c258                USBH_HID_GetKeybdInfo
 .text.USBH_HID_KeybdDecode
                0x0800c280      0x128 ./Middlewares/ST/STM32_USB_Host_Library/Class/HID/Src/usbh_hid_keybd.o
 .text.USBH_HID_GetASCIICode
                0x0800c3a8       0x58 ./Middlewares/ST/STM32_USB_Host_Library/Class/HID/Src/usbh_hid_keybd.o
                0x0800c3a8                USBH_HID_GetASCIICode
 .text.USBH_HID_MouseInit
                0x0800c400       0x94 ./Middlewares/ST/STM32_USB_Host_Library/Class/HID/Src/usbh_hid_mouse.o
                0x0800c400                USBH_HID_MouseInit
 .text.HID_ReadItem
                0x0800c494      0x134 ./Middlewares/ST/STM32_USB_Host_Library/Class/HID/Src/usbh_hid_parser.o
                0x0800c494                HID_ReadItem
 .text.USBH_Init
                0x0800c5c8       0x90 ./Middlewares/ST/STM32_USB_Host_Library/Core/Src/usbh_core.o
                0x0800c5c8                USBH_Init
 .text.DeInitStateMachine
                0x0800c658       0xea ./Middlewares/ST/STM32_USB_Host_Library/Core/Src/usbh_core.o
 *fill*         0x0800c742        0x2 
 .text.USBH_RegisterClass
                0x0800c744       0x84 ./Middlewares/ST/STM32_USB_Host_Library/Core/Src/usbh_core.o
                0x0800c744                USBH_RegisterClass
 .text.USBH_SelectInterface
                0x0800c7c8       0xd0 ./Middlewares/ST/STM32_USB_Host_Library/Core/Src/usbh_core.o
                0x0800c7c8                USBH_SelectInterface
 .text.USBH_FindInterface
                0x0800c898       0x8c ./Middlewares/ST/STM32_USB_Host_Library/Core/Src/usbh_core.o
                0x0800c898                USBH_FindInterface
 .text.USBH_Start
                0x0800c924       0x20 ./Middlewares/ST/STM32_USB_Host_Library/Core/Src/usbh_core.o
                0x0800c924                USBH_Start
 .text.USBH_Process
                0x0800c944      0x4e4 ./Middlewares/ST/STM32_USB_Host_Library/Core/Src/usbh_core.o
                0x0800c944                USBH_Process
 .text.USBH_HandleEnum
                0x0800ce28      0x554 ./Middlewares/ST/STM32_USB_Host_Library/Core/Src/usbh_core.o
 .text.USBH_LL_SetTimer
                0x0800d37c       0x1e ./Middlewares/ST/STM32_USB_Host_Library/Core/Src/usbh_core.o
                0x0800d37c                USBH_LL_SetTimer
 .text.USBH_LL_IncTimer
                0x0800d39a       0x24 ./Middlewares/ST/STM32_USB_Host_Library/Core/Src/usbh_core.o
                0x0800d39a                USBH_LL_IncTimer
 .text.USBH_HandleSof
                0x0800d3be       0x30 ./Middlewares/ST/STM32_USB_Host_Library/Core/Src/usbh_core.o
 .text.USBH_LL_PortEnabled
                0x0800d3ee       0x1c ./Middlewares/ST/STM32_USB_Host_Library/Core/Src/usbh_core.o
                0x0800d3ee                USBH_LL_PortEnabled
 .text.USBH_LL_PortDisabled
                0x0800d40a       0x1c ./Middlewares/ST/STM32_USB_Host_Library/Core/Src/usbh_core.o
                0x0800d40a                USBH_LL_PortDisabled
 .text.USBH_LL_Connect
                0x0800d426       0x2e ./Middlewares/ST/STM32_USB_Host_Library/Core/Src/usbh_core.o
                0x0800d426                USBH_LL_Connect
 .text.USBH_LL_Disconnect
                0x0800d454       0x48 ./Middlewares/ST/STM32_USB_Host_Library/Core/Src/usbh_core.o
                0x0800d454                USBH_LL_Disconnect
 .text.USBH_Get_DevDesc
                0x0800d49c       0x74 ./Middlewares/ST/STM32_USB_Host_Library/Core/Src/usbh_ctlreq.o
                0x0800d49c                USBH_Get_DevDesc
 .text.USBH_Get_CfgDesc
                0x0800d510       0x70 ./Middlewares/ST/STM32_USB_Host_Library/Core/Src/usbh_ctlreq.o
                0x0800d510                USBH_Get_CfgDesc
 .text.USBH_Get_StringDesc
                0x0800d580       0x84 ./Middlewares/ST/STM32_USB_Host_Library/Core/Src/usbh_ctlreq.o
                0x0800d580                USBH_Get_StringDesc
 .text.USBH_GetDescriptor
                0x0800d604       0x6a ./Middlewares/ST/STM32_USB_Host_Library/Core/Src/usbh_ctlreq.o
                0x0800d604                USBH_GetDescriptor
 .text.USBH_SetAddress
                0x0800d66e       0x48 ./Middlewares/ST/STM32_USB_Host_Library/Core/Src/usbh_ctlreq.o
                0x0800d66e                USBH_SetAddress
 .text.USBH_SetCfg
                0x0800d6b6       0x46 ./Middlewares/ST/STM32_USB_Host_Library/Core/Src/usbh_ctlreq.o
                0x0800d6b6                USBH_SetCfg
 .text.USBH_SetFeature
                0x0800d6fc       0x48 ./Middlewares/ST/STM32_USB_Host_Library/Core/Src/usbh_ctlreq.o
                0x0800d6fc                USBH_SetFeature
 .text.USBH_ClrFeature
                0x0800d744       0x48 ./Middlewares/ST/STM32_USB_Host_Library/Core/Src/usbh_ctlreq.o
                0x0800d744                USBH_ClrFeature
 .text.USBH_ParseDevDesc
                0x0800d78c      0x160 ./Middlewares/ST/STM32_USB_Host_Library/Core/Src/usbh_ctlreq.o
 .text.USBH_ParseCfgDesc
                0x0800d8ec      0x1f0 ./Middlewares/ST/STM32_USB_Host_Library/Core/Src/usbh_ctlreq.o
 .text.USBH_ParseInterfaceDesc
                0x0800dadc       0x68 ./Middlewares/ST/STM32_USB_Host_Library/Core/Src/usbh_ctlreq.o
 .text.USBH_ParseEPDesc
                0x0800db44      0x1d2 ./Middlewares/ST/STM32_USB_Host_Library/Core/Src/usbh_ctlreq.o
 .text.USBH_ParseStringDesc
                0x0800dd16       0x66 ./Middlewares/ST/STM32_USB_Host_Library/Core/Src/usbh_ctlreq.o
 .text.USBH_GetNextDesc
                0x0800dd7c       0x34 ./Middlewares/ST/STM32_USB_Host_Library/Core/Src/usbh_ctlreq.o
                0x0800dd7c                USBH_GetNextDesc
 .text.USBH_CtlReq
                0x0800ddb0       0x7a ./Middlewares/ST/STM32_USB_Host_Library/Core/Src/usbh_ctlreq.o
                0x0800ddb0                USBH_CtlReq
 *fill*         0x0800de2a        0x2 
 .text.USBH_HandleControl
                0x0800de2c      0x304 ./Middlewares/ST/STM32_USB_Host_Library/Core/Src/usbh_ctlreq.o
 .text.USBH_CtlSendSetup
                0x0800e130       0x34 ./Middlewares/ST/STM32_USB_Host_Library/Core/Src/usbh_ioreq.o
                0x0800e130                USBH_CtlSendSetup
 .text.USBH_CtlSendData
                0x0800e164       0x4a ./Middlewares/ST/STM32_USB_Host_Library/Core/Src/usbh_ioreq.o
                0x0800e164                USBH_CtlSendData
 .text.USBH_CtlReceiveData
                0x0800e1ae       0x3c ./Middlewares/ST/STM32_USB_Host_Library/Core/Src/usbh_ioreq.o
                0x0800e1ae                USBH_CtlReceiveData
 .text.USBH_InterruptReceiveData
                0x0800e1ea       0x3e ./Middlewares/ST/STM32_USB_Host_Library/Core/Src/usbh_ioreq.o
                0x0800e1ea                USBH_InterruptReceiveData
 .text.USBH_OpenPipe
                0x0800e228       0x3e ./Middlewares/ST/STM32_USB_Host_Library/Core/Src/usbh_pipes.o
                0x0800e228                USBH_OpenPipe
 .text.USBH_ClosePipe
                0x0800e266       0x20 ./Middlewares/ST/STM32_USB_Host_Library/Core/Src/usbh_pipes.o
                0x0800e266                USBH_ClosePipe
 .text.USBH_AllocPipe
                0x0800e286       0x44 ./Middlewares/ST/STM32_USB_Host_Library/Core/Src/usbh_pipes.o
                0x0800e286                USBH_AllocPipe
 .text.USBH_FreePipe
                0x0800e2ca       0x40 ./Middlewares/ST/STM32_USB_Host_Library/Core/Src/usbh_pipes.o
                0x0800e2ca                USBH_FreePipe
 .text.USBH_GetFreePipe
                0x0800e30a       0x4a ./Middlewares/ST/STM32_USB_Host_Library/Core/Src/usbh_pipes.o
 .text.MX_USB_HOST_Init
                0x0800e354       0x4c ./USB_HOST/App/usb_host.o
                0x0800e354                MX_USB_HOST_Init
 .text.MX_USB_HOST_Process
                0x0800e3a0       0x14 ./USB_HOST/App/usb_host.o
                0x0800e3a0                MX_USB_HOST_Process
 .text.USBH_UserProcess
                0x0800e3b4       0x5c ./USB_HOST/App/usb_host.o
 .text.HAL_HCD_MspInit
                0x0800e410       0xc4 ./USB_HOST/Target/usbh_conf.o
                0x0800e410                HAL_HCD_MspInit
 .text.HAL_HCD_SOF_Callback
                0x0800e4d4       0x1c ./USB_HOST/Target/usbh_conf.o
                0x0800e4d4                HAL_HCD_SOF_Callback
 .text.HAL_HCD_Connect_Callback
                0x0800e4f0       0x1c ./USB_HOST/Target/usbh_conf.o
                0x0800e4f0                HAL_HCD_Connect_Callback
 .text.HAL_HCD_Disconnect_Callback
                0x0800e50c       0x1c ./USB_HOST/Target/usbh_conf.o
                0x0800e50c                HAL_HCD_Disconnect_Callback
 .text.HAL_HCD_HC_NotifyURBChange_Callback
                0x0800e528       0x1c ./USB_HOST/Target/usbh_conf.o
                0x0800e528                HAL_HCD_HC_NotifyURBChange_Callback
 .text.HAL_HCD_PortEnabled_Callback
                0x0800e544       0x1c ./USB_HOST/Target/usbh_conf.o
                0x0800e544                HAL_HCD_PortEnabled_Callback
 .text.HAL_HCD_PortDisabled_Callback
                0x0800e560       0x1c ./USB_HOST/Target/usbh_conf.o
                0x0800e560                HAL_HCD_PortDisabled_Callback
 .text.USBH_LL_Init
                0x0800e57c       0x78 ./USB_HOST/Target/usbh_conf.o
                0x0800e57c                USBH_LL_Init
 .text.USBH_LL_Start
                0x0800e5f4       0x36 ./USB_HOST/Target/usbh_conf.o
                0x0800e5f4                USBH_LL_Start
 .text.USBH_LL_Stop
                0x0800e62a       0x36 ./USB_HOST/Target/usbh_conf.o
                0x0800e62a                USBH_LL_Stop
 .text.USBH_LL_GetSpeed
                0x0800e660       0x4e ./USB_HOST/Target/usbh_conf.o
                0x0800e660                USBH_LL_GetSpeed
 .text.USBH_LL_ResetPort
                0x0800e6ae       0x36 ./USB_HOST/Target/usbh_conf.o
                0x0800e6ae                USBH_LL_ResetPort
 .text.USBH_LL_GetLastXferSize
                0x0800e6e4       0x26 ./USB_HOST/Target/usbh_conf.o
                0x0800e6e4                USBH_LL_GetLastXferSize
 .text.USBH_LL_OpenPipe
                0x0800e70a       0x5e ./USB_HOST/Target/usbh_conf.o
                0x0800e70a                USBH_LL_OpenPipe
 .text.USBH_LL_ClosePipe
                0x0800e768       0x3e ./USB_HOST/Target/usbh_conf.o
                0x0800e768                USBH_LL_ClosePipe
 .text.USBH_LL_SubmitURB
                0x0800e7a6       0x62 ./USB_HOST/Target/usbh_conf.o
                0x0800e7a6                USBH_LL_SubmitURB
 .text.USBH_LL_GetURBState
                0x0800e808       0x26 ./USB_HOST/Target/usbh_conf.o
                0x0800e808                USBH_LL_GetURBState
 .text.USBH_LL_DriverVBUS
                0x0800e82e       0x2e ./USB_HOST/Target/usbh_conf.o
                0x0800e82e                USBH_LL_DriverVBUS
 .text.USBH_LL_SetToggle
                0x0800e85c       0x66 ./USB_HOST/Target/usbh_conf.o
                0x0800e85c                USBH_LL_SetToggle
 .text.USBH_Delay
                0x0800e8c2       0x16 ./USB_HOST/Target/usbh_conf.o
                0x0800e8c2                USBH_Delay
 .text.USBH_Get_USB_Status
                0x0800e8d8       0x58 ./USB_HOST/Target/usbh_conf.o
                0x0800e8d8                USBH_Get_USB_Status
 .text.MX_DriverVbusFS
                0x0800e930       0x38 ./USB_HOST/Target/usbh_platform.o
                0x0800e930                MX_DriverVbusFS
 .text.atoi     0x0800e968        0x8 C:/ST/STM32CubeIDE_1.17.0/STM32CubeIDE/plugins/com.st.stm32cube.ide.mcu.externaltools.gnu-tools-for-stm32.12.3.rel1.win32_1.1.0.202410251130/tools/bin/../lib/gcc/arm-none-eabi/12.3.1/../../../../arm-none-eabi/lib/thumb/v7e-m+fp/hard\libc_nano.a(libc_a-atoi.o)
                0x0800e968                atoi
 .text.malloc   0x0800e970       0x10 C:/ST/STM32CubeIDE_1.17.0/STM32CubeIDE/plugins/com.st.stm32cube.ide.mcu.externaltools.gnu-tools-for-stm32.12.3.rel1.win32_1.1.0.202410251130/tools/bin/../lib/gcc/arm-none-eabi/12.3.1/../../../../arm-none-eabi/lib/thumb/v7e-m+fp/hard\libc_nano.a(libc_a-malloc.o)
                0x0800e970                malloc
 .text.free     0x0800e980       0x10 C:/ST/STM32CubeIDE_1.17.0/STM32CubeIDE/plugins/com.st.stm32cube.ide.mcu.externaltools.gnu-tools-for-stm32.12.3.rel1.win32_1.1.0.202410251130/tools/bin/../lib/gcc/arm-none-eabi/12.3.1/../../../../arm-none-eabi/lib/thumb/v7e-m+fp/hard\libc_nano.a(libc_a-malloc.o)
                0x0800e980                free
 .text.sbrk_aligned
                0x0800e990       0x44 C:/ST/STM32CubeIDE_1.17.0/STM32CubeIDE/plugins/com.st.stm32cube.ide.mcu.externaltools.gnu-tools-for-stm32.12.3.rel1.win32_1.1.0.202410251130/tools/bin/../lib/gcc/arm-none-eabi/12.3.1/../../../../arm-none-eabi/lib/thumb/v7e-m+fp/hard\libc_nano.a(libc_a-mallocr.o)
 .text._malloc_r
                0x0800e9d4      0x100 C:/ST/STM32CubeIDE_1.17.0/STM32CubeIDE/plugins/com.st.stm32cube.ide.mcu.externaltools.gnu-tools-for-stm32.12.3.rel1.win32_1.1.0.202410251130/tools/bin/../lib/gcc/arm-none-eabi/12.3.1/../../../../arm-none-eabi/lib/thumb/v7e-m+fp/hard\libc_nano.a(libc_a-mallocr.o)
                0x0800e9d4                _malloc_r
 .text.__malloc_lock
                0x0800ead4        0xc C:/ST/STM32CubeIDE_1.17.0/STM32CubeIDE/plugins/com.st.stm32cube.ide.mcu.externaltools.gnu-tools-for-stm32.12.3.rel1.win32_1.1.0.202410251130/tools/bin/../lib/gcc/arm-none-eabi/12.3.1/../../../../arm-none-eabi/lib/thumb/v7e-m+fp/hard\libc_nano.a(libc_a-mlock.o)
                0x0800ead4                __malloc_lock
 .text.__malloc_unlock
                0x0800eae0        0xc C:/ST/STM32CubeIDE_1.17.0/STM32CubeIDE/plugins/com.st.stm32cube.ide.mcu.externaltools.gnu-tools-for-stm32.12.3.rel1.win32_1.1.0.202410251130/tools/bin/../lib/gcc/arm-none-eabi/12.3.1/../../../../arm-none-eabi/lib/thumb/v7e-m+fp/hard\libc_nano.a(libc_a-mlock.o)
                0x0800eae0                __malloc_unlock
 .text._strtol_l.constprop.0
                0x0800eaec       0xf4 C:/ST/STM32CubeIDE_1.17.0/STM32CubeIDE/plugins/com.st.stm32cube.ide.mcu.externaltools.gnu-tools-for-stm32.12.3.rel1.win32_1.1.0.202410251130/tools/bin/../lib/gcc/arm-none-eabi/12.3.1/../../../../arm-none-eabi/lib/thumb/v7e-m+fp/hard\libc_nano.a(libc_a-strtol.o)
 .text.strtol   0x0800ebe0       0x14 C:/ST/STM32CubeIDE_1.17.0/STM32CubeIDE/plugins/com.st.stm32cube.ide.mcu.externaltools.gnu-tools-for-stm32.12.3.rel1.win32_1.1.0.202410251130/tools/bin/../lib/gcc/arm-none-eabi/12.3.1/../../../../arm-none-eabi/lib/thumb/v7e-m+fp/hard\libc_nano.a(libc_a-strtol.o)
                0x0800ebe0                strtol
 .text.std      0x0800ebf4       0x6c C:/ST/STM32CubeIDE_1.17.0/STM32CubeIDE/plugins/com.st.stm32cube.ide.mcu.externaltools.gnu-tools-for-stm32.12.3.rel1.win32_1.1.0.202410251130/tools/bin/../lib/gcc/arm-none-eabi/12.3.1/../../../../arm-none-eabi/lib/thumb/v7e-m+fp/hard\libc_nano.a(libc_a-findfp.o)
 .text.stdio_exit_handler
                0x0800ec60       0x18 C:/ST/STM32CubeIDE_1.17.0/STM32CubeIDE/plugins/com.st.stm32cube.ide.mcu.externaltools.gnu-tools-for-stm32.12.3.rel1.win32_1.1.0.202410251130/tools/bin/../lib/gcc/arm-none-eabi/12.3.1/../../../../arm-none-eabi/lib/thumb/v7e-m+fp/hard\libc_nano.a(libc_a-findfp.o)
 .text.cleanup_stdio
                0x0800ec78       0x40 C:/ST/STM32CubeIDE_1.17.0/STM32CubeIDE/plugins/com.st.stm32cube.ide.mcu.externaltools.gnu-tools-for-stm32.12.3.rel1.win32_1.1.0.202410251130/tools/bin/../lib/gcc/arm-none-eabi/12.3.1/../../../../arm-none-eabi/lib/thumb/v7e-m+fp/hard\libc_nano.a(libc_a-findfp.o)
 .text.global_stdio_init.part.0
                0x0800ecb8       0x3c C:/ST/STM32CubeIDE_1.17.0/STM32CubeIDE/plugins/com.st.stm32cube.ide.mcu.externaltools.gnu-tools-for-stm32.12.3.rel1.win32_1.1.0.202410251130/tools/bin/../lib/gcc/arm-none-eabi/12.3.1/../../../../arm-none-eabi/lib/thumb/v7e-m+fp/hard\libc_nano.a(libc_a-findfp.o)
 .text.__sfp_lock_acquire
                0x0800ecf4        0xc C:/ST/STM32CubeIDE_1.17.0/STM32CubeIDE/plugins/com.st.stm32cube.ide.mcu.externaltools.gnu-tools-for-stm32.12.3.rel1.win32_1.1.0.202410251130/tools/bin/../lib/gcc/arm-none-eabi/12.3.1/../../../../arm-none-eabi/lib/thumb/v7e-m+fp/hard\libc_nano.a(libc_a-findfp.o)
                0x0800ecf4                __sfp_lock_acquire
 .text.__sfp_lock_release
                0x0800ed00        0xc C:/ST/STM32CubeIDE_1.17.0/STM32CubeIDE/plugins/com.st.stm32cube.ide.mcu.externaltools.gnu-tools-for-stm32.12.3.rel1.win32_1.1.0.202410251130/tools/bin/../lib/gcc/arm-none-eabi/12.3.1/../../../../arm-none-eabi/lib/thumb/v7e-m+fp/hard\libc_nano.a(libc_a-findfp.o)
                0x0800ed00                __sfp_lock_release
 .text.__sinit  0x0800ed0c       0x30 C:/ST/STM32CubeIDE_1.17.0/STM32CubeIDE/plugins/com.st.stm32cube.ide.mcu.externaltools.gnu-tools-for-stm32.12.3.rel1.win32_1.1.0.202410251130/tools/bin/../lib/gcc/arm-none-eabi/12.3.1/../../../../arm-none-eabi/lib/thumb/v7e-m+fp/hard\libc_nano.a(libc_a-findfp.o)
                0x0800ed0c                __sinit
 .text._fwalk_sglue
                0x0800ed3c       0x3c C:/ST/STM32CubeIDE_1.17.0/STM32CubeIDE/plugins/com.st.stm32cube.ide.mcu.externaltools.gnu-tools-for-stm32.12.3.rel1.win32_1.1.0.202410251130/tools/bin/../lib/gcc/arm-none-eabi/12.3.1/../../../../arm-none-eabi/lib/thumb/v7e-m+fp/hard\libc_nano.a(libc_a-fwalk.o)
                0x0800ed3c                _fwalk_sglue
 .text.printf   0x0800ed78       0x24 C:/ST/STM32CubeIDE_1.17.0/STM32CubeIDE/plugins/com.st.stm32cube.ide.mcu.externaltools.gnu-tools-for-stm32.12.3.rel1.win32_1.1.0.202410251130/tools/bin/../lib/gcc/arm-none-eabi/12.3.1/../../../../arm-none-eabi/lib/thumb/v7e-m+fp/hard\libc_nano.a(libc_a-printf.o)
                0x0800ed78                iprintf
                0x0800ed78                printf
 .text.putchar  0x0800ed9c       0x10 C:/ST/STM32CubeIDE_1.17.0/STM32CubeIDE/plugins/com.st.stm32cube.ide.mcu.externaltools.gnu-tools-for-stm32.12.3.rel1.win32_1.1.0.202410251130/tools/bin/../lib/gcc/arm-none-eabi/12.3.1/../../../../arm-none-eabi/lib/thumb/v7e-m+fp/hard\libc_nano.a(libc_a-putchar.o)
                0x0800ed9c                putchar
 .text._puts_r  0x0800edac       0xaa C:/ST/STM32CubeIDE_1.17.0/STM32CubeIDE/plugins/com.st.stm32cube.ide.mcu.externaltools.gnu-tools-for-stm32.12.3.rel1.win32_1.1.0.202410251130/tools/bin/../lib/gcc/arm-none-eabi/12.3.1/../../../../arm-none-eabi/lib/thumb/v7e-m+fp/hard\libc_nano.a(libc_a-puts.o)
                0x0800edac                _puts_r
 *fill*         0x0800ee56        0x2 
 .text.puts     0x0800ee58       0x10 C:/ST/STM32CubeIDE_1.17.0/STM32CubeIDE/plugins/com.st.stm32cube.ide.mcu.externaltools.gnu-tools-for-stm32.12.3.rel1.win32_1.1.0.202410251130/tools/bin/../lib/gcc/arm-none-eabi/12.3.1/../../../../arm-none-eabi/lib/thumb/v7e-m+fp/hard\libc_nano.a(libc_a-puts.o)
                0x0800ee58                puts
 .text.sprintf  0x0800ee68       0x40 C:/ST/STM32CubeIDE_1.17.0/STM32CubeIDE/plugins/com.st.stm32cube.ide.mcu.externaltools.gnu-tools-for-stm32.12.3.rel1.win32_1.1.0.202410251130/tools/bin/../lib/gcc/arm-none-eabi/12.3.1/../../../../arm-none-eabi/lib/thumb/v7e-m+fp/hard\libc_nano.a(libc_a-sprintf.o)
                0x0800ee68                siprintf
                0x0800ee68                sprintf
 .text.__sread  0x0800eea8       0x22 C:/ST/STM32CubeIDE_1.17.0/STM32CubeIDE/plugins/com.st.stm32cube.ide.mcu.externaltools.gnu-tools-for-stm32.12.3.rel1.win32_1.1.0.202410251130/tools/bin/../lib/gcc/arm-none-eabi/12.3.1/../../../../arm-none-eabi/lib/thumb/v7e-m+fp/hard\libc_nano.a(libc_a-stdio.o)
                0x0800eea8                __sread
 .text.__swrite
                0x0800eeca       0x38 C:/ST/STM32CubeIDE_1.17.0/STM32CubeIDE/plugins/com.st.stm32cube.ide.mcu.externaltools.gnu-tools-for-stm32.12.3.rel1.win32_1.1.0.202410251130/tools/bin/../lib/gcc/arm-none-eabi/12.3.1/../../../../arm-none-eabi/lib/thumb/v7e-m+fp/hard\libc_nano.a(libc_a-stdio.o)
                0x0800eeca                __swrite
 .text.__sseek  0x0800ef02       0x24 C:/ST/STM32CubeIDE_1.17.0/STM32CubeIDE/plugins/com.st.stm32cube.ide.mcu.externaltools.gnu-tools-for-stm32.12.3.rel1.win32_1.1.0.202410251130/tools/bin/../lib/gcc/arm-none-eabi/12.3.1/../../../../arm-none-eabi/lib/thumb/v7e-m+fp/hard\libc_nano.a(libc_a-stdio.o)
                0x0800ef02                __sseek
 .text.__sclose
                0x0800ef26        0x8 C:/ST/STM32CubeIDE_1.17.0/STM32CubeIDE/plugins/com.st.stm32cube.ide.mcu.externaltools.gnu-tools-for-stm32.12.3.rel1.win32_1.1.0.202410251130/tools/bin/../lib/gcc/arm-none-eabi/12.3.1/../../../../arm-none-eabi/lib/thumb/v7e-m+fp/hard\libc_nano.a(libc_a-stdio.o)
                0x0800ef26                __sclose
 *fill*         0x0800ef2e        0x2 
 .text._vsprintf_r
                0x0800ef30       0x2c C:/ST/STM32CubeIDE_1.17.0/STM32CubeIDE/plugins/com.st.stm32cube.ide.mcu.externaltools.gnu-tools-for-stm32.12.3.rel1.win32_1.1.0.202410251130/tools/bin/../lib/gcc/arm-none-eabi/12.3.1/../../../../arm-none-eabi/lib/thumb/v7e-m+fp/hard\libc_nano.a(libc_a-vsprintf.o)
                0x0800ef30                _vsprintf_r
                0x0800ef30                _vsiprintf_r
 .text.vsprintf
                0x0800ef5c       0x14 C:/ST/STM32CubeIDE_1.17.0/STM32CubeIDE/plugins/com.st.stm32cube.ide.mcu.externaltools.gnu-tools-for-stm32.12.3.rel1.win32_1.1.0.202410251130/tools/bin/../lib/gcc/arm-none-eabi/12.3.1/../../../../arm-none-eabi/lib/thumb/v7e-m+fp/hard\libc_nano.a(libc_a-vsprintf.o)
                0x0800ef5c                vsiprintf
                0x0800ef5c                vsprintf
 .text.__swbuf_r
                0x0800ef70       0x7c C:/ST/STM32CubeIDE_1.17.0/STM32CubeIDE/plugins/com.st.stm32cube.ide.mcu.externaltools.gnu-tools-for-stm32.12.3.rel1.win32_1.1.0.202410251130/tools/bin/../lib/gcc/arm-none-eabi/12.3.1/../../../../arm-none-eabi/lib/thumb/v7e-m+fp/hard\libc_nano.a(libc_a-wbuf.o)
                0x0800ef70                __swbuf_r
 .text.__swsetup_r
                0x0800efec       0xac C:/ST/STM32CubeIDE_1.17.0/STM32CubeIDE/plugins/com.st.stm32cube.ide.mcu.externaltools.gnu-tools-for-stm32.12.3.rel1.win32_1.1.0.202410251130/tools/bin/../lib/gcc/arm-none-eabi/12.3.1/../../../../arm-none-eabi/lib/thumb/v7e-m+fp/hard\libc_nano.a(libc_a-wsetup.o)
                0x0800efec                __swsetup_r
 .text.memset   0x0800f098       0x10 C:/ST/STM32CubeIDE_1.17.0/STM32CubeIDE/plugins/com.st.stm32cube.ide.mcu.externaltools.gnu-tools-for-stm32.12.3.rel1.win32_1.1.0.202410251130/tools/bin/../lib/gcc/arm-none-eabi/12.3.1/../../../../arm-none-eabi/lib/thumb/v7e-m+fp/hard\libc_nano.a(libc_a-memset.o)
                0x0800f098                memset
 .text._close_r
                0x0800f0a8       0x20 C:/ST/STM32CubeIDE_1.17.0/STM32CubeIDE/plugins/com.st.stm32cube.ide.mcu.externaltools.gnu-tools-for-stm32.12.3.rel1.win32_1.1.0.202410251130/tools/bin/../lib/gcc/arm-none-eabi/12.3.1/../../../../arm-none-eabi/lib/thumb/v7e-m+fp/hard\libc_nano.a(libc_a-closer.o)
                0x0800f0a8                _close_r
 .text._lseek_r
                0x0800f0c8       0x24 C:/ST/STM32CubeIDE_1.17.0/STM32CubeIDE/plugins/com.st.stm32cube.ide.mcu.externaltools.gnu-tools-for-stm32.12.3.rel1.win32_1.1.0.202410251130/tools/bin/../lib/gcc/arm-none-eabi/12.3.1/../../../../arm-none-eabi/lib/thumb/v7e-m+fp/hard\libc_nano.a(libc_a-lseekr.o)
                0x0800f0c8                _lseek_r
 .text._read_r  0x0800f0ec       0x24 C:/ST/STM32CubeIDE_1.17.0/STM32CubeIDE/plugins/com.st.stm32cube.ide.mcu.externaltools.gnu-tools-for-stm32.12.3.rel1.win32_1.1.0.202410251130/tools/bin/../lib/gcc/arm-none-eabi/12.3.1/../../../../arm-none-eabi/lib/thumb/v7e-m+fp/hard\libc_nano.a(libc_a-readr.o)
                0x0800f0ec                _read_r
 .text._sbrk_r  0x0800f110       0x20 C:/ST/STM32CubeIDE_1.17.0/STM32CubeIDE/plugins/com.st.stm32cube.ide.mcu.externaltools.gnu-tools-for-stm32.12.3.rel1.win32_1.1.0.202410251130/tools/bin/../lib/gcc/arm-none-eabi/12.3.1/../../../../arm-none-eabi/lib/thumb/v7e-m+fp/hard\libc_nano.a(libc_a-sbrkr.o)
                0x0800f110                _sbrk_r
 .text._write_r
                0x0800f130       0x24 C:/ST/STM32CubeIDE_1.17.0/STM32CubeIDE/plugins/com.st.stm32cube.ide.mcu.externaltools.gnu-tools-for-stm32.12.3.rel1.win32_1.1.0.202410251130/tools/bin/../lib/gcc/arm-none-eabi/12.3.1/../../../../arm-none-eabi/lib/thumb/v7e-m+fp/hard\libc_nano.a(libc_a-writer.o)
                0x0800f130                _write_r
 .text.__errno  0x0800f154        0xc C:/ST/STM32CubeIDE_1.17.0/STM32CubeIDE/plugins/com.st.stm32cube.ide.mcu.externaltools.gnu-tools-for-stm32.12.3.rel1.win32_1.1.0.202410251130/tools/bin/../lib/gcc/arm-none-eabi/12.3.1/../../../../arm-none-eabi/lib/thumb/v7e-m+fp/hard\libc_nano.a(libc_a-errno.o)
                0x0800f154                __errno
 .text.__libc_init_array
                0x0800f160       0x48 C:/ST/STM32CubeIDE_1.17.0/STM32CubeIDE/plugins/com.st.stm32cube.ide.mcu.externaltools.gnu-tools-for-stm32.12.3.rel1.win32_1.1.0.202410251130/tools/bin/../lib/gcc/arm-none-eabi/12.3.1/../../../../arm-none-eabi/lib/thumb/v7e-m+fp/hard\libc_nano.a(libc_a-init.o)
                0x0800f160                __libc_init_array
 .text.__retarget_lock_init_recursive
                0x0800f1a8        0x2 C:/ST/STM32CubeIDE_1.17.0/STM32CubeIDE/plugins/com.st.stm32cube.ide.mcu.externaltools.gnu-tools-for-stm32.12.3.rel1.win32_1.1.0.202410251130/tools/bin/../lib/gcc/arm-none-eabi/12.3.1/../../../../arm-none-eabi/lib/thumb/v7e-m+fp/hard\libc_nano.a(libc_a-lock.o)
                0x0800f1a8                __retarget_lock_init_recursive
 .text.__retarget_lock_acquire_recursive
                0x0800f1aa        0x2 C:/ST/STM32CubeIDE_1.17.0/STM32CubeIDE/plugins/com.st.stm32cube.ide.mcu.externaltools.gnu-tools-for-stm32.12.3.rel1.win32_1.1.0.202410251130/tools/bin/../lib/gcc/arm-none-eabi/12.3.1/../../../../arm-none-eabi/lib/thumb/v7e-m+fp/hard\libc_nano.a(libc_a-lock.o)
                0x0800f1aa                __retarget_lock_acquire_recursive
 .text.__retarget_lock_release_recursive
                0x0800f1ac        0x2 C:/ST/STM32CubeIDE_1.17.0/STM32CubeIDE/plugins/com.st.stm32cube.ide.mcu.externaltools.gnu-tools-for-stm32.12.3.rel1.win32_1.1.0.202410251130/tools/bin/../lib/gcc/arm-none-eabi/12.3.1/../../../../arm-none-eabi/lib/thumb/v7e-m+fp/hard\libc_nano.a(libc_a-lock.o)
                0x0800f1ac                __retarget_lock_release_recursive
 .text.strcpy   0x0800f1ae       0x10 C:/ST/STM32CubeIDE_1.17.0/STM32CubeIDE/plugins/com.st.stm32cube.ide.mcu.externaltools.gnu-tools-for-stm32.12.3.rel1.win32_1.1.0.202410251130/tools/bin/../lib/gcc/arm-none-eabi/12.3.1/../../../../arm-none-eabi/lib/thumb/v7e-m+fp/hard\libc_nano.a(libc_a-strcpy.o)
                0x0800f1ae                strcpy
 *fill*         0x0800f1be        0x2 
 .text._free_r  0x0800f1c0       0x94 C:/ST/STM32CubeIDE_1.17.0/STM32CubeIDE/plugins/com.st.stm32cube.ide.mcu.externaltools.gnu-tools-for-stm32.12.3.rel1.win32_1.1.0.202410251130/tools/bin/../lib/gcc/arm-none-eabi/12.3.1/../../../../arm-none-eabi/lib/thumb/v7e-m+fp/hard\libc_nano.a(libc_a-freer.o)
                0x0800f1c0                _free_r
 .text.__ssputs_r
                0x0800f254       0xb6 C:/ST/STM32CubeIDE_1.17.0/STM32CubeIDE/plugins/com.st.stm32cube.ide.mcu.externaltools.gnu-tools-for-stm32.12.3.rel1.win32_1.1.0.202410251130/tools/bin/../lib/gcc/arm-none-eabi/12.3.1/../../../../arm-none-eabi/lib/thumb/v7e-m+fp/hard\libc_nano.a(libc_a-nano-svfprintf.o)
                0x0800f254                __ssputs_r
 *fill*         0x0800f30a        0x2 
 .text._svfprintf_r
                0x0800f30c      0x1f8 C:/ST/STM32CubeIDE_1.17.0/STM32CubeIDE/plugins/com.st.stm32cube.ide.mcu.externaltools.gnu-tools-for-stm32.12.3.rel1.win32_1.1.0.202410251130/tools/bin/../lib/gcc/arm-none-eabi/12.3.1/../../../../arm-none-eabi/lib/thumb/v7e-m+fp/hard\libc_nano.a(libc_a-nano-svfprintf.o)
                0x0800f30c                _svfiprintf_r
                0x0800f30c                _svfprintf_r
 .text.__sfputc_r
                0x0800f504       0x2e C:/ST/STM32CubeIDE_1.17.0/STM32CubeIDE/plugins/com.st.stm32cube.ide.mcu.externaltools.gnu-tools-for-stm32.12.3.rel1.win32_1.1.0.202410251130/tools/bin/../lib/gcc/arm-none-eabi/12.3.1/../../../../arm-none-eabi/lib/thumb/v7e-m+fp/hard\libc_nano.a(libc_a-nano-vfprintf.o)
 .text.__sfputs_r
                0x0800f532       0x24 C:/ST/STM32CubeIDE_1.17.0/STM32CubeIDE/plugins/com.st.stm32cube.ide.mcu.externaltools.gnu-tools-for-stm32.12.3.rel1.win32_1.1.0.202410251130/tools/bin/../lib/gcc/arm-none-eabi/12.3.1/../../../../arm-none-eabi/lib/thumb/v7e-m+fp/hard\libc_nano.a(libc_a-nano-vfprintf.o)
                0x0800f532                __sfputs_r
 *fill*         0x0800f556        0x2 
 .text._vfprintf_r
                0x0800f558      0x230 C:/ST/STM32CubeIDE_1.17.0/STM32CubeIDE/plugins/com.st.stm32cube.ide.mcu.externaltools.gnu-tools-for-stm32.12.3.rel1.win32_1.1.0.202410251130/tools/bin/../lib/gcc/arm-none-eabi/12.3.1/../../../../arm-none-eabi/lib/thumb/v7e-m+fp/hard\libc_nano.a(libc_a-nano-vfprintf.o)
                0x0800f558                _vfprintf_r
                0x0800f558                _vfiprintf_r
 .text._printf_common
                0x0800f788       0xda C:/ST/STM32CubeIDE_1.17.0/STM32CubeIDE/plugins/com.st.stm32cube.ide.mcu.externaltools.gnu-tools-for-stm32.12.3.rel1.win32_1.1.0.202410251130/tools/bin/../lib/gcc/arm-none-eabi/12.3.1/../../../../arm-none-eabi/lib/thumb/v7e-m+fp/hard\libc_nano.a(libc_a-nano-vfprintf_i.o)
                0x0800f788                _printf_common
 *fill*         0x0800f862        0x2 
 .text._printf_i
                0x0800f864      0x240 C:/ST/STM32CubeIDE_1.17.0/STM32CubeIDE/plugins/com.st.stm32cube.ide.mcu.externaltools.gnu-tools-for-stm32.12.3.rel1.win32_1.1.0.202410251130/tools/bin/../lib/gcc/arm-none-eabi/12.3.1/../../../../arm-none-eabi/lib/thumb/v7e-m+fp/hard\libc_nano.a(libc_a-nano-vfprintf_i.o)
                0x0800f864                _printf_i
 .text.__sflush_r
                0x0800faa4      0x108 C:/ST/STM32CubeIDE_1.17.0/STM32CubeIDE/plugins/com.st.stm32cube.ide.mcu.externaltools.gnu-tools-for-stm32.12.3.rel1.win32_1.1.0.202410251130/tools/bin/../lib/gcc/arm-none-eabi/12.3.1/../../../../arm-none-eabi/lib/thumb/v7e-m+fp/hard\libc_nano.a(libc_a-fflush.o)
                0x0800faa4                __sflush_r
 .text._fflush_r
                0x0800fbac       0x50 C:/ST/STM32CubeIDE_1.17.0/STM32CubeIDE/plugins/com.st.stm32cube.ide.mcu.externaltools.gnu-tools-for-stm32.12.3.rel1.win32_1.1.0.202410251130/tools/bin/../lib/gcc/arm-none-eabi/12.3.1/../../../../arm-none-eabi/lib/thumb/v7e-m+fp/hard\libc_nano.a(libc_a-fflush.o)
                0x0800fbac                _fflush_r
 .text.__swhatbuf_r
                0x0800fbfc       0x4c C:/ST/STM32CubeIDE_1.17.0/STM32CubeIDE/plugins/com.st.stm32cube.ide.mcu.externaltools.gnu-tools-for-stm32.12.3.rel1.win32_1.1.0.202410251130/tools/bin/../lib/gcc/arm-none-eabi/12.3.1/../../../../arm-none-eabi/lib/thumb/v7e-m+fp/hard\libc_nano.a(libc_a-makebuf.o)
                0x0800fbfc                __swhatbuf_r
 .text.__smakebuf_r
                0x0800fc48       0x78 C:/ST/STM32CubeIDE_1.17.0/STM32CubeIDE/plugins/com.st.stm32cube.ide.mcu.externaltools.gnu-tools-for-stm32.12.3.rel1.win32_1.1.0.202410251130/tools/bin/../lib/gcc/arm-none-eabi/12.3.1/../../../../arm-none-eabi/lib/thumb/v7e-m+fp/hard\libc_nano.a(libc_a-makebuf.o)
                0x0800fc48                __smakebuf_r
 .text._putc_r  0x0800fcc0       0x68 C:/ST/STM32CubeIDE_1.17.0/STM32CubeIDE/plugins/com.st.stm32cube.ide.mcu.externaltools.gnu-tools-for-stm32.12.3.rel1.win32_1.1.0.202410251130/tools/bin/../lib/gcc/arm-none-eabi/12.3.1/../../../../arm-none-eabi/lib/thumb/v7e-m+fp/hard\libc_nano.a(libc_a-putc.o)
                0x0800fcc0                _putc_r
 .text.memmove  0x0800fd28       0x34 C:/ST/STM32CubeIDE_1.17.0/STM32CubeIDE/plugins/com.st.stm32cube.ide.mcu.externaltools.gnu-tools-for-stm32.12.3.rel1.win32_1.1.0.202410251130/tools/bin/../lib/gcc/arm-none-eabi/12.3.1/../../../../arm-none-eabi/lib/thumb/v7e-m+fp/hard\libc_nano.a(libc_a-memmove.o)
                0x0800fd28                memmove
 .text._fstat_r
                0x0800fd5c       0x24 C:/ST/STM32CubeIDE_1.17.0/STM32CubeIDE/plugins/com.st.stm32cube.ide.mcu.externaltools.gnu-tools-for-stm32.12.3.rel1.win32_1.1.0.202410251130/tools/bin/../lib/gcc/arm-none-eabi/12.3.1/../../../../arm-none-eabi/lib/thumb/v7e-m+fp/hard\libc_nano.a(libc_a-fstatr.o)
                0x0800fd5c                _fstat_r
 .text._isatty_r
                0x0800fd80       0x20 C:/ST/STM32CubeIDE_1.17.0/STM32CubeIDE/plugins/com.st.stm32cube.ide.mcu.externaltools.gnu-tools-for-stm32.12.3.rel1.win32_1.1.0.202410251130/tools/bin/../lib/gcc/arm-none-eabi/12.3.1/../../../../arm-none-eabi/lib/thumb/v7e-m+fp/hard\libc_nano.a(libc_a-isattyr.o)
                0x0800fd80                _isatty_r
 .text.memcpy   0x0800fda0       0x1c C:/ST/STM32CubeIDE_1.17.0/STM32CubeIDE/plugins/com.st.stm32cube.ide.mcu.externaltools.gnu-tools-for-stm32.12.3.rel1.win32_1.1.0.202410251130/tools/bin/../lib/gcc/arm-none-eabi/12.3.1/../../../../arm-none-eabi/lib/thumb/v7e-m+fp/hard\libc_nano.a(libc_a-memcpy-stub.o)
                0x0800fda0                memcpy
 .text._realloc_r
                0x0800fdbc       0x5c C:/ST/STM32CubeIDE_1.17.0/STM32CubeIDE/plugins/com.st.stm32cube.ide.mcu.externaltools.gnu-tools-for-stm32.12.3.rel1.win32_1.1.0.202410251130/tools/bin/../lib/gcc/arm-none-eabi/12.3.1/../../../../arm-none-eabi/lib/thumb/v7e-m+fp/hard\libc_nano.a(libc_a-reallocr.o)
                0x0800fdbc                _realloc_r
 .text._malloc_usable_size_r
                0x0800fe18       0x10 C:/ST/STM32CubeIDE_1.17.0/STM32CubeIDE/plugins/com.st.stm32cube.ide.mcu.externaltools.gnu-tools-for-stm32.12.3.rel1.win32_1.1.0.202410251130/tools/bin/../lib/gcc/arm-none-eabi/12.3.1/../../../../arm-none-eabi/lib/thumb/v7e-m+fp/hard\libc_nano.a(libc_a-msizer.o)
                0x0800fe18                _malloc_usable_size_r
 *(.glue_7)
 .glue_7        0x0800fe28        0x0 linker stubs
 *(.glue_7t)
 .glue_7t       0x0800fe28        0x0 linker stubs
 *(.eh_frame)
 .eh_frame      0x0800fe28        0x0 C:/ST/STM32CubeIDE_1.17.0/STM32CubeIDE/plugins/com.st.stm32cube.ide.mcu.externaltools.gnu-tools-for-stm32.12.3.rel1.win32_1.1.0.202410251130/tools/bin/../lib/gcc/arm-none-eabi/12.3.1/thumb/v7e-m+fp/hard/crtbegin.o
 *(.init)
 .init          0x0800fe28        0x4 C:/ST/STM32CubeIDE_1.17.0/STM32CubeIDE/plugins/com.st.stm32cube.ide.mcu.externaltools.gnu-tools-for-stm32.12.3.rel1.win32_1.1.0.202410251130/tools/bin/../lib/gcc/arm-none-eabi/12.3.1/thumb/v7e-m+fp/hard/crti.o
                0x0800fe28                _init
 .init          0x0800fe2c        0x8 C:/ST/STM32CubeIDE_1.17.0/STM32CubeIDE/plugins/com.st.stm32cube.ide.mcu.externaltools.gnu-tools-for-stm32.12.3.rel1.win32_1.1.0.202410251130/tools/bin/../lib/gcc/arm-none-eabi/12.3.1/thumb/v7e-m+fp/hard/crtn.o
 *(.fini)
 .fini          0x0800fe34        0x4 C:/ST/STM32CubeIDE_1.17.0/STM32CubeIDE/plugins/com.st.stm32cube.ide.mcu.externaltools.gnu-tools-for-stm32.12.3.rel1.win32_1.1.0.202410251130/tools/bin/../lib/gcc/arm-none-eabi/12.3.1/thumb/v7e-m+fp/hard/crti.o
                0x0800fe34                _fini
 .fini          0x0800fe38        0x8 C:/ST/STM32CubeIDE_1.17.0/STM32CubeIDE/plugins/com.st.stm32cube.ide.mcu.externaltools.gnu-tools-for-stm32.12.3.rel1.win32_1.1.0.202410251130/tools/bin/../lib/gcc/arm-none-eabi/12.3.1/thumb/v7e-m+fp/hard/crtn.o
                0x0800fe40                        . = ALIGN (0x4)
                0x0800fe40                        _etext = .

.vfp11_veneer   0x0800fe40        0x0
 .vfp11_veneer  0x0800fe40        0x0 linker stubs

.v4_bx          0x0800fe40        0x0
 .v4_bx         0x0800fe40        0x0 linker stubs

.iplt           0x0800fe40        0x0
 .iplt          0x0800fe40        0x0 C:/ST/STM32CubeIDE_1.17.0/STM32CubeIDE/plugins/com.st.stm32cube.ide.mcu.externaltools.gnu-tools-for-stm32.12.3.rel1.win32_1.1.0.202410251130/tools/bin/../lib/gcc/arm-none-eabi/12.3.1/thumb/v7e-m+fp/hard/crtbegin.o

.rodata         0x0800fe40     0x2c60
                0x0800fe40                        . = ALIGN (0x4)
 *(.rodata)
 .rodata        0x0800fe40      0x19e ./Core/Src/main.o
 *fill*         0x0800ffde        0x2 
 .rodata        0x0800ffe0      0x1c5 ./Middlewares/ST/STM32_USB_Host_Library/Class/HID/Src/usbh_hid.o
 *fill*         0x080101a5        0x3 
 .rodata        0x080101a8      0x460 ./Middlewares/ST/STM32_USB_Host_Library/Core/Src/usbh_core.o
 .rodata        0x08010608      0x101 ./Middlewares/ST/STM32_USB_Host_Library/Core/Src/usbh_ctlreq.o
 *(.rodata*)
 *fill*         0x08010709        0x3 
 .rodata.cmd_read_y.2
                0x0801070c        0x1 ./Core/Src/XPT2046_touch.o
 *fill*         0x0801070d        0x3 
 .rodata.zeroes_tx.1
                0x08010710        0x2 ./Core/Src/XPT2046_touch.o
 *fill*         0x08010712        0x2 
 .rodata.cmd_read_x.0
                0x08010714        0x1 ./Core/Src/XPT2046_touch.o
 *fill*         0x08010715        0x3 
 .rodata.Font12_Table
                0x08010718      0x474 ./Core/Src/font12.o
                0x08010718                Font12_Table
 .rodata.Font16_Table
                0x08010b8c      0xbe0 ./Core/Src/font16.o
                0x08010b8c                Font16_Table
 .rodata.Font20_Table
                0x0801176c      0xed8 ./Core/Src/font20.o
                0x0801176c                Font20_Table
 .rodata.AHBPrescTable
                0x08012644       0x10 ./Core/Src/system_stm32f4xx.o
                0x08012644                AHBPrescTable
 .rodata.APBPrescTable
                0x08012654        0x8 ./Core/Src/system_stm32f4xx.o
                0x08012654                APBPrescTable
 .rodata.imp_0_lctrl
                0x0801265c       0x20 ./Middlewares/ST/STM32_USB_Host_Library/Class/HID/Src/usbh_hid_keybd.o
 .rodata.imp_0_lshift
                0x0801267c       0x20 ./Middlewares/ST/STM32_USB_Host_Library/Class/HID/Src/usbh_hid_keybd.o
 .rodata.imp_0_lalt
                0x0801269c       0x20 ./Middlewares/ST/STM32_USB_Host_Library/Class/HID/Src/usbh_hid_keybd.o
 .rodata.imp_0_lgui
                0x080126bc       0x20 ./Middlewares/ST/STM32_USB_Host_Library/Class/HID/Src/usbh_hid_keybd.o
 .rodata.imp_0_rctrl
                0x080126dc       0x20 ./Middlewares/ST/STM32_USB_Host_Library/Class/HID/Src/usbh_hid_keybd.o
 .rodata.imp_0_rshift
                0x080126fc       0x20 ./Middlewares/ST/STM32_USB_Host_Library/Class/HID/Src/usbh_hid_keybd.o
 .rodata.imp_0_ralt
                0x0801271c       0x20 ./Middlewares/ST/STM32_USB_Host_Library/Class/HID/Src/usbh_hid_keybd.o
 .rodata.imp_0_rgui
                0x0801273c       0x20 ./Middlewares/ST/STM32_USB_Host_Library/Class/HID/Src/usbh_hid_keybd.o
 .rodata.imp_0_key_array
                0x0801275c       0x20 ./Middlewares/ST/STM32_USB_Host_Library/Class/HID/Src/usbh_hid_keybd.o
 .rodata.HID_KEYBRD_Key
                0x0801277c       0x82 ./Middlewares/ST/STM32_USB_Host_Library/Class/HID/Src/usbh_hid_keybd.o
 *fill*         0x080127fe        0x2 
 .rodata.HID_KEYBRD_ShiftKey
                0x08012800       0x82 ./Middlewares/ST/STM32_USB_Host_Library/Class/HID/Src/usbh_hid_keybd.o
 *fill*         0x08012882        0x2 
 .rodata.HID_KEYBRD_Codes
                0x08012884       0xe8 ./Middlewares/ST/STM32_USB_Host_Library/Class/HID/Src/usbh_hid_keybd.o
 .rodata._ctype_
                0x0801296c      0x101 C:/ST/STM32CubeIDE_1.17.0/STM32CubeIDE/plugins/com.st.stm32cube.ide.mcu.externaltools.gnu-tools-for-stm32.12.3.rel1.win32_1.1.0.202410251130/tools/bin/../lib/gcc/arm-none-eabi/12.3.1/../../../../arm-none-eabi/lib/thumb/v7e-m+fp/hard\libc_nano.a(libc_a-ctype_.o)
                0x0801296c                _ctype_
 .rodata._svfprintf_r.str1.1
                0x08012a6d       0x11 C:/ST/STM32CubeIDE_1.17.0/STM32CubeIDE/plugins/com.st.stm32cube.ide.mcu.externaltools.gnu-tools-for-stm32.12.3.rel1.win32_1.1.0.202410251130/tools/bin/../lib/gcc/arm-none-eabi/12.3.1/../../../../arm-none-eabi/lib/thumb/v7e-m+fp/hard\libc_nano.a(libc_a-nano-svfprintf.o)
 .rodata._vfprintf_r.str1.1
                0x08012a7e       0x11 C:/ST/STM32CubeIDE_1.17.0/STM32CubeIDE/plugins/com.st.stm32cube.ide.mcu.externaltools.gnu-tools-for-stm32.12.3.rel1.win32_1.1.0.202410251130/tools/bin/../lib/gcc/arm-none-eabi/12.3.1/../../../../arm-none-eabi/lib/thumb/v7e-m+fp/hard\libc_nano.a(libc_a-nano-vfprintf.o)
 .rodata._printf_i.str1.1
                0x08012a7e       0x22 C:/ST/STM32CubeIDE_1.17.0/STM32CubeIDE/plugins/com.st.stm32cube.ide.mcu.externaltools.gnu-tools-for-stm32.12.3.rel1.win32_1.1.0.202410251130/tools/bin/../lib/gcc/arm-none-eabi/12.3.1/../../../../arm-none-eabi/lib/thumb/v7e-m+fp/hard\libc_nano.a(libc_a-nano-vfprintf_i.o)
                0x08012aa0                        . = ALIGN (0x4)

.ARM.extab      0x08012aa0        0x0
                0x08012aa0                        . = ALIGN (0x4)
 *(.ARM.extab* .gnu.linkonce.armextab.*)
                0x08012aa0                        . = ALIGN (0x4)

.ARM            0x08012aa0        0x8
                0x08012aa0                        . = ALIGN (0x4)
                0x08012aa0                        __exidx_start = .
 *(.ARM.exidx*)
 .ARM.exidx     0x08012aa0        0x8 C:/ST/STM32CubeIDE_1.17.0/STM32CubeIDE/plugins/com.st.stm32cube.ide.mcu.externaltools.gnu-tools-for-stm32.12.3.rel1.win32_1.1.0.202410251130/tools/bin/../lib/gcc/arm-none-eabi/12.3.1/../../../../arm-none-eabi/lib/thumb/v7e-m+fp/hard\libc_nano.a(libc_a-strlen.o)
 .ARM.exidx     0x08012aa8        0x0 C:/ST/STM32CubeIDE_1.17.0/STM32CubeIDE/plugins/com.st.stm32cube.ide.mcu.externaltools.gnu-tools-for-stm32.12.3.rel1.win32_1.1.0.202410251130/tools/bin/../lib/gcc/arm-none-eabi/12.3.1/../../../../arm-none-eabi/lib/thumb/v7e-m+fp/hard\libc_nano.a(libc_a-memchr.o)
                                  0x8 (size before relaxing)
 .ARM.exidx     0x08012aa8        0x0 C:/ST/STM32CubeIDE_1.17.0/STM32CubeIDE/plugins/com.st.stm32cube.ide.mcu.externaltools.gnu-tools-for-stm32.12.3.rel1.win32_1.1.0.202410251130/tools/bin/../lib/gcc/arm-none-eabi/12.3.1/thumb/v7e-m+fp/hard\libgcc.a(_udivmoddi4.o)
                                  0x8 (size before relaxing)
                0x08012aa8                        __exidx_end = .
                0x08012aa8                        . = ALIGN (0x4)

.preinit_array  0x08012aa8        0x0
                0x08012aa8                        . = ALIGN (0x4)
                0x08012aa8                        PROVIDE (__preinit_array_start = .)
 *(.preinit_array*)
                0x08012aa8                        PROVIDE (__preinit_array_end = .)
                0x08012aa8                        . = ALIGN (0x4)

.init_array     0x08012aa8        0x4
                0x08012aa8                        . = ALIGN (0x4)
                0x08012aa8                        PROVIDE (__init_array_start = .)
 *(SORT_BY_NAME(.init_array.*))
 *(.init_array*)
 .init_array    0x08012aa8        0x4 C:/ST/STM32CubeIDE_1.17.0/STM32CubeIDE/plugins/com.st.stm32cube.ide.mcu.externaltools.gnu-tools-for-stm32.12.3.rel1.win32_1.1.0.202410251130/tools/bin/../lib/gcc/arm-none-eabi/12.3.1/thumb/v7e-m+fp/hard/crtbegin.o
                0x08012aac                        PROVIDE (__init_array_end = .)
                0x08012aac                        . = ALIGN (0x4)

.fini_array     0x08012aac        0x4
                0x08012aac                        . = ALIGN (0x4)
                [!provide]                        PROVIDE (__fini_array_start = .)
 *(SORT_BY_NAME(.fini_array.*))
 *(.fini_array*)
 .fini_array    0x08012aac        0x4 C:/ST/STM32CubeIDE_1.17.0/STM32CubeIDE/plugins/com.st.stm32cube.ide.mcu.externaltools.gnu-tools-for-stm32.12.3.rel1.win32_1.1.0.202410251130/tools/bin/../lib/gcc/arm-none-eabi/12.3.1/thumb/v7e-m+fp/hard/crtbegin.o
                [!provide]                        PROVIDE (__fini_array_end = .)
                0x08012ab0                        . = ALIGN (0x4)
                0x08012ab0                        _sidata = LOADADDR (.data)

.rel.dyn        0x08012ab0        0x0
 .rel.iplt      0x08012ab0        0x0 C:/ST/STM32CubeIDE_1.17.0/STM32CubeIDE/plugins/com.st.stm32cube.ide.mcu.externaltools.gnu-tools-for-stm32.12.3.rel1.win32_1.1.0.202410251130/tools/bin/../lib/gcc/arm-none-eabi/12.3.1/thumb/v7e-m+fp/hard/crtbegin.o

.data           0x20000000      0x31c load address 0x08012ab0
                0x20000000                        . = ALIGN (0x4)
                0x20000000                        _sdata = .
 *(.data)
 *(.data*)
 .data.Font12   0x20000000        0x8 ./Core/Src/font12.o
                0x20000000                Font12
 .data.Font16   0x20000008        0x8 ./Core/Src/font16.o
                0x20000008                Font16
 .data.Font20   0x20000010        0x8 ./Core/Src/font20.o
                0x20000010                Font20
 .data.lcdProperties
                0x20000018        0x8 ./Core/Src/ili9341.o
 .data.lcdFont  0x20000020       0x10 ./Core/Src/ili9341.o
 .data.buttons  0x20000030       0x7e ./Core/Src/main.o
                0x20000030                buttons
 *fill*         0x200000ae        0x2 
 .data.queueButton
                0x200000b0       0x2a ./Core/Src/main.o
                0x200000b0                queueButton
 *fill*         0x200000da        0x2 
 .data.runButton
                0x200000dc       0x2a ./Core/Src/main.o
                0x200000dc                runButton
 *fill*         0x20000106        0x2 
 .data.confirmButton
                0x20000108       0x2a ./Core/Src/main.o
                0x20000108                confirmButton
 *fill*         0x20000132        0x2 
 .data.queueSelectButton
                0x20000134       0x2a ./Core/Src/main.o
                0x20000134                queueSelectButton
 *fill*         0x2000015e        0x2 
 .data.selectButton
                0x20000160       0x2a ./Core/Src/main.o
                0x20000160                selectButton
 *fill*         0x2000018a        0x2 
 .data.deleteButton
                0x2000018c       0x2a ./Core/Src/main.o
                0x2000018c                deleteButton
 *fill*         0x200001b6        0x2 
 .data.backButton
                0x200001b8       0x2a ./Core/Src/main.o
                0x200001b8                backButton
 *fill*         0x200001e2        0x2 
 .data.nextButton
                0x200001e4       0x2a ./Core/Src/main.o
                0x200001e4                nextButton
 *fill*         0x2000020e        0x2 
 .data.yesButton
                0x20000210       0x2a ./Core/Src/main.o
                0x20000210                yesButton
 *fill*         0x2000023a        0x2 
 .data.noButton
                0x2000023c       0x2a ./Core/Src/main.o
                0x2000023c                noButton
 *fill*         0x20000266        0x2 
 .data.protocolInfoButton
                0x20000268       0x2a ./Core/Src/main.o
                0x20000268                protocolInfoButton
 .data.currentRepeatNum
                0x20000292        0x1 ./Core/Src/main.o
                0x20000292                currentRepeatNum
 .data.page_num
                0x20000293        0x1 ./Core/Src/main.o
 .data.SystemCoreClock
                0x20000294        0x4 ./Core/Src/system_stm32f4xx.o
                0x20000294                SystemCoreClock
 .data.uwTickPrio
                0x20000298        0x4 ./Drivers/STM32F4xx_HAL_Driver/Src/stm32f4xx_hal.o
                0x20000298                uwTickPrio
 .data.uwTickFreq